Microchip MPLAB XC8 Compiler V1.45 ()

Linker command line:

-W-3 --edf=/Applications/microchip/xc8/v1.45/dat/en_msgs.txt -cs \
  -h+dist/default/production/MouseBrains2.X.production.sym \
  --cmf=dist/default/production/MouseBrains2.X.production.cmf -z -Q16LF1708 \
  -o/tmp/xcgxglgso -Mdist/default/production/MouseBrains2.X.production.map \
  -E1 -ver=XC8 -ASTACK=02093h-021efh -pstack=STACK -ACODE=00h-07FFhx2 \
  -ASTRCODE=00h-0FFFh -ASTRING=00h-0FFhx16 -ACONST=00h-0FFhx16 \
  -AENTRY=00h-0FFhx16 -ACOMMON=070h-07Fh -ABANK0=020h-06Fh \
  -ABANK1=0A0h-0EFh -ABANK2=0120h-016Fh -ABANK3=01A0h-01EFh \
  -ABANK4=0220h-026Fh -ABANK5=02A0h-02EFh -ABANK6=0320h-032Fh \
  -ABIGRAM=02000h-021EFh \
  -ARAM=020h-06Fh,0A0h-0EFh,0120h-016Fh,01A0h-01EFh,0220h-026Fh,02A0h-02EFh,0320h-032Fh \
  -AABS1=020h-07Fh,0A0h-0EFh,0120h-016Fh,01A0h-01EFh,0220h-026Fh,02A0h-02EFh,0320h-032Fh \
  -ASFR0=00h-01Fh -ASFR1=080h-09Fh -ASFR2=0100h-011Fh -ASFR3=0180h-019Fh \
  -ASFR4=0200h-021Fh -ASFR5=0280h-029Fh -ASFR6=0300h-031Fh \
  -ASFR7=0380h-03EFh -ASFR8=0400h-046Fh -ASFR9=0480h-04EFh \
  -ASFR10=0500h-056Fh -ASFR11=0580h-05EFh -ASFR12=0600h-066Fh \
  -ASFR13=0680h-06EFh -ASFR14=0700h-076Fh -ASFR15=0780h-07EFh \
  -ASFR16=0800h-086Fh -ASFR17=0880h-08EFh -ASFR18=0900h-096Fh \
  -ASFR19=0980h-09EFh -ASFR20=0A00h-0A6Fh -ASFR21=0A80h-0AEFh \
  -ASFR22=0B00h-0B6Fh -ASFR23=0B80h-0BEFh -ASFR24=0C00h-0C6Fh \
  -ASFR25=0C80h-0CEFh -ASFR26=0D00h-0D6Fh -ASFR27=0D80h-0DEFh \
  -ASFR28=0E00h-0E6Fh -ASFR29=0E80h-0EEFh -ASFR30=0F00h-0F6Fh \
  -ASFR31=0F80h-0FEFh -preset_vec=00h,intentry=04h,init,end_init \
  -ppowerup=CODE -pcinit=CODE -pfunctab=ENTRY -ACONFIG=08007h-08008h \
  -pconfig=CONFIG -DCONFIG=2 -AIDLOC=08000h-08003h -pidloc=IDLOC -DIDLOC=2 \
  -DCODE=2 -DSTRCODE=2 -DSTRING=2 -DCONST=2 -DENTRY=2 -k /tmp/xchFzt66F.obj \
  dist/default/production/MouseBrains2.X.production.obj 

Object code version is 3.11

Machine type is 16LF1708



                Name                               Link     Load   Length Selector   Space Scale
/tmp/xchFzt66F.obj
                end_init                             1A       1A        2        8       0
                reset_vec                             0        0        2        0       0
                config                             8007     8007        2    1000E       0
dist/default/production/MouseBrains2.X.production.obj
                cinit                                1C       1C       30        8       0
                intentry                              4        4       16        8       0
                text37                              286      286       67        8       0
                text36                              690      690        B      D08       0
                text35                              6FC      6FC        4      D08       0
                text34                              700      700        1      D08       0
                text32                              6E1      6E1        6      D08       0
                text31                              6DB      6DB        6      D08       0
                text30                              6D5      6D5        6      D08       0
                text29                              6CF      6CF        6      D08       0
                text28                              5B1      5B1       24        8       0
                text27                              6C9      6C9        6      D08       0
                text26                              684      684        C      D08       0
                text25                              6F8      6F8        4      D08       0
                text24                              6F4      6F4        4      D08       0
                text23                              6B5      6B5        8      D08       0
                text22                              46F      46F       33        8       0
                text21                              69B      69B        A      D08       0
                text20                              6AD      6AD        8      D08       0
                text19                              6F0      6F0        4      D08       0
                text18                              5F7      5F7       1E        8       0
                text17                              42B      42B       44        8       0
                text16                              632      632       1B        8       0
                text15                              532      532       2D        8       0
                text14                              204      204       82        8       0
                text13                              504      504       2E        8       0
                text12                              6A5      6A5        8      D08       0
                text11                              6E7      6E7        5      D08       0
                text10                              615      615       1D        8       0
                text9                               589      589       28        8       0
                text8                               55F      55F       2A        8       0
                text7                               392      392       51        8       0
                text6                               340      340       52        8       0
                text5                               2ED      2ED       53        8       0
                text4                               4D4      4D4       30        8       0
                text3                               161      161       A3        8       0
                text2                                4C       4C      115        8       0
                text1                               3E3      3E3       48        8       0
                maintext                            4A2      4A2       32        8       0
                cstackBANK0                          20       20       2B       20       1
                cstackCOMMON                         70       70        6       70       1
                clrtext                             6C3      6C3        6      D08       0
                inittext                            6BD      6BD        6      D08       0
                dataBANK1                            A0       A0       22       A0       1
                bssBANK1                             C2       C2       21       A0       1
                dataBANK0                            68       68        4       20       1
                bssBANK0                             4B       4B       15       20       1
                bssCOMMON                            76       76        5       70       1
                stringtext3                         675      675        F      C9A       0
                stringtext2                         662      662       13      C9A       0
                stringtext1                         64D      64D       15      C9A       0
                nvBANK0                              60       60        8       20       1
                idataBANK1                          5D5      5D5       22        8       0
                idataBANK0                          6EC      6EC        4      D08       0

TOTAL           Name                               Link     Load   Length     Space
        CLASS   STACK          

        CLASS   CODE           
                end_init                             1A       1A        2         0
                cinit                                1C       1C       30         0
                intentry                              4        4       16         0
                reset_vec                             0        0        2         0
                text37                              286      286       67         0
                text36                              690      690        B         0
                text35                              6FC      6FC        4         0
                text34                              700      700        1         0
                text32                              6E1      6E1        6         0
                text31                              6DB      6DB        6         0
                text30                              6D5      6D5        6         0
                text29                              6CF      6CF        6         0
                text28                              5B1      5B1       24         0
                text27                              6C9      6C9        6         0
                text26                              684      684        C         0
                text25                              6F8      6F8        4         0
                text24                              6F4      6F4        4         0
                text23                              6B5      6B5        8         0
                text22                              46F      46F       33         0
                text21                              69B      69B        A         0
                text20                              6AD      6AD        8         0
                text19                              6F0      6F0        4         0
                text18                              5F7      5F7       1E         0
                text17                              42B      42B       44         0
                text16                              632      632       1B         0
                text15                              532      532       2D         0
                text14                              204      204       82         0
                text13                              504      504       2E         0
                text12                              6A5      6A5        8         0
                text11                              6E7      6E7        5         0
                text10                              615      615       1D         0
                text9                               589      589       28         0
                text8                               55F      55F       2A         0
                text7                               392      392       51         0
                text6                               340      340       52         0
                text5                               2ED      2ED       53         0
                text4                               4D4      4D4       30         0
                text3                               161      161       A3         0
                text2                                4C       4C      115         0
                text1                               3E3      3E3       48         0
                maintext                            4A2      4A2       32         0
                clrtext                             6C3      6C3        6         0
                inittext                            6BD      6BD        6         0
                idataBANK1                          5D5      5D5       22         0
                idataBANK0                          6EC      6EC        4         0

        CLASS   STRCODE        
                stringtext3                         675      675        F         0
                stringtext2                         662      662       13         0
                stringtext1                         64D      64D       15         0

        CLASS   STRING         

        CLASS   CONST          

        CLASS   ENTRY          

        CLASS   COMMON         
                cstackCOMMON                         70       70        6         1
                bssCOMMON                            76       76        5         1

        CLASS   BANK0          
                cstackBANK0                          20       20       2B         1
                dataBANK0                            68       68        4         1
                bssBANK0                             4B       4B       15         1
                nvBANK0                              60       60        8         1

        CLASS   BANK1          
                dataBANK1                            A0       A0       22         1
                bssBANK1                             C2       C2       21         1

        CLASS   BANK2          

        CLASS   BANK3          

        CLASS   BANK4          

        CLASS   BANK5          

        CLASS   BANK6          

        CLASS   BIGRAM         

        CLASS   RAM            

        CLASS   ABS1           
                abs_s1                               7E       7E        2         1

        CLASS   SFR0           

        CLASS   SFR1           

        CLASS   SFR2           

        CLASS   SFR3           

        CLASS   SFR4           

        CLASS   SFR5           

        CLASS   SFR6           

        CLASS   SFR7           

        CLASS   SFR8           

        CLASS   SFR9           

        CLASS   SFR10          

        CLASS   SFR11          

        CLASS   SFR12          

        CLASS   SFR13          

        CLASS   SFR14          

        CLASS   SFR15          

        CLASS   SFR16          

        CLASS   SFR17          

        CLASS   SFR18          

        CLASS   SFR19          

        CLASS   SFR20          

        CLASS   SFR21          

        CLASS   SFR22          

        CLASS   SFR23          

        CLASS   SFR24          

        CLASS   SFR25          

        CLASS   SFR26          

        CLASS   SFR27          

        CLASS   SFR28          

        CLASS   SFR29          

        CLASS   SFR30          

        CLASS   SFR31          

        CLASS   CONFIG         
                config                             8007     8007        2         0

        CLASS   IDLOC          

        CLASS   BANK31         

        CLASS   BANK30         

        CLASS   BANK29         

        CLASS   BANK28         

        CLASS   BANK27         

        CLASS   BANK26         

        CLASS   BANK25         

        CLASS   BANK24         

        CLASS   BANK23         

        CLASS   BANK22         

        CLASS   BANK21         

        CLASS   BANK20         

        CLASS   BANK19         

        CLASS   BANK18         

        CLASS   BANK17         

        CLASS   BANK16         

        CLASS   BANK15         

        CLASS   BANK14         

        CLASS   BANK13         

        CLASS   BANK12         

        CLASS   BANK11         

        CLASS   BANK10         

        CLASS   BANK9          

        CLASS   BANK8          

        CLASS   BANK7          

        CLASS   EEDATA         



SEGMENTS        Name                           Load    Length   Top    Selector   Space  Class     Delta

                reset_vec                      000000  000002  000002         0       0  CODE        2
                intentry                       000004  000649  00064D         8       0  CODE        2
                cstackBANK0                    000020  00004C  00006C        20       1  BANK0       1
                cstackCOMMON                   000070  00000B  00007B        70       1  COMMON      1
                dataBANK1                      0000A0  000043  0000E3        A0       1  BANK1       1
                stringtext1                    00064D  000037  000684       C9A       0  STRCODE     2
                text26                         000684  00007D  000701       D08       0  CODE        2
                config                         008007  000002  008009     1000E       0  CONFIG      2


UNUSED ADDRESS RANGES

        Name                Unused          Largest block    Delta
        BANK0            0006C-0006F               4           1
        BANK1            000E3-000EF               D           1
        BANK2            00120-0016F              50           1
        BANK3            001A0-001EF              50           1
        BANK4            00220-0026F              50           1
        BANK5            002A0-002EF              50           1
        BANK6            00320-0032F              10           1
        BIGRAM           02000-021EF             1F0           1
        CODE             00002-00003               2           2
                         00701-00FFF              FF
        COMMON           0007B-0007D               3           1
        CONST            00002-00003               2           2
                         00701-00FFF             100
        ENTRY            00002-00003               2           2
                         00701-00FFF             100
        IDLOC            08000-08003               4           2
        RAM              0006C-0006F               4           1
                         000E3-000EF               D
                         00120-0016F              50
                         001A0-001EF              50
                         00220-0026F              50
                         002A0-002EF              50
                         00320-0032F              10
        SFR0             00000-0001F              20           1
        SFR1             00080-0009F              20           1
        SFR10            00500-0056F              70           1
        SFR11            00580-005EF              70           1
        SFR12            00600-0066F              70           1
        SFR13            00680-006EF              70           1
        SFR14            00700-0076F              70           1
        SFR15            00780-007EF              70           1
        SFR16            00800-0086F              70           1
        SFR17            00880-008EF              70           1
        SFR18            00900-0096F              70           1
        SFR19            00980-009EF              70           1
        SFR2             00100-0011F              20           1
        SFR20            00A00-00A6F              70           1
        SFR21            00A80-00AEF              70           1
        SFR22            00B00-00B6F              70           1
        SFR23            00B80-00BEF              70           1
        SFR24            00C00-00C6F              70           1
        SFR25            00C80-00CEF              70           1
        SFR26            00D00-00D6F              70           1
        SFR27            00D80-00DEF              70           1
        SFR28            00E00-00E6F              70           1
        SFR29            00E80-00EEF              70           1
        SFR3             00180-0019F              20           1
        SFR30            00F00-00F6F              70           1
        SFR31            00F80-00FEF              70           1
        SFR4             00200-0021F              20           1
        SFR5             00280-0029F              20           1
        SFR6             00300-0031F              20           1
        SFR7             00380-003EF              70           1
        SFR8             00400-0046F              70           1
        SFR9             00480-004EF              70           1
        STACK            02093-021EF             15D           1
        STRCODE          00002-00003               2           2
                         00701-00FFF             8FF
        STRING           00002-00003               2           2
                         00701-00FFF             100

                                  Symbol Table

?___aldiv                                      cstackBANK0  00028
?___awdiv                                      cstackBANK0  00020
?___lldiv                                      cstackBANK0  0002C
?___lmul                                       cstackBANK0  00020
?_battery_voltage                              cstackBANK0  00036
?_printf                                       cstackBANK0  00020
EUSART_SetErrorHandler@interruptHandler        cstackBANK0  00020
EUSART_SetFramingErrorHandler@interruptHandler cstackBANK0  00020
EUSART_SetOverrunErrorHandler@interruptHandler cstackBANK0  00020
EUSART_Write@txData                            cstackCOMMON 00073
INT_DefaultInterruptHandler@time               cstackCOMMON 00071
INT_SetInterruptHandler@InterruptHandler       cstackBANK0  00020
_ADCON0                                        (abs)        0009D
_ADCON0bits                                    (abs)        0009D
_ADCON1                                        (abs)        0009E
_ADRES                                         (abs)        0009B
_ANSELA                                        (abs)        0018C
_ANSELB                                        (abs)        0018D
_ANSELC                                        (abs)        0018E
_BAUD1CON                                      (abs)        0019F
_BORCON                                        (abs)        00116
_CCP1CONbits                                   (abs)        00293
_CCPR1L                                        (abs)        00291
_CCPTMRSbits                                   (abs)        0029E
_DAC1CON0                                      (abs)        00118
_DAC1CON1                                      (abs)        00119
_DAC_Initialize                                text32       006E1
_EUSART_DefaultErrorHandler                    (abs)        00000
_EUSART_DefaultFramingErrorHandler             (abs)        00000
_EUSART_DefaultOverrunErrorHandler             (abs)        00000
_EUSART_ErrorHandler                           nvBANK0      00062
_EUSART_FramingErrorHandler                    nvBANK0      00066
_EUSART_Initialize                             text28       005B1
_EUSART_OverrunErrorHandler                    nvBANK0      00064
_EUSART_SetErrorHandler                        text31       006DB
_EUSART_SetFramingErrorHandler                 text30       006D5
_EUSART_SetOverrunErrorHandler                 text29       006CF
_EUSART_Write                                  text12       006A5
_EXT_INT_Initialize                            text26       00684
_FVRCON                                        (abs)        00117
_FVRCONbits                                    (abs)        00117
_INLVLA                                        (abs)        0038C
_INLVLB                                        (abs)        0038D
_INLVLC                                        (abs)        0038E
_INTCONbits                                    (abs)        0000B
_INTERRUPT_InterruptManager                    intentry     00004
_INTPPS                                        (abs)        00E10
_INT_CallBack                                  text36       00690
_INT_DefaultInterruptHandler                   text37       00286
_INT_ISR                                       text35       006FC
_INT_InterruptHandler                          nvBANK0      00060
_INT_SetInterruptHandler                       text27       006C9
_LATA                                          (abs)        0010C
_LATB                                          (abs)        0010D
_LATC                                          (abs)        0010E
_LED_blue                                      bssBANK0     00054
_LED_green                                     bssBANK0     00055
_LED_red                                       bssBANK0     00056
_ODCONA                                        (abs)        0028C
_ODCONB                                        (abs)        0028D
_ODCONC                                        (abs)        0028E
_OPA1CON                                       (abs)        00511
_OPA1_Initialize                               text25       006F8
_OPA2CON                                       (abs)        00515
_OPA2_Initialize                               text24       006F4
_OPTION_REG                                    (abs)        00095
_OPTION_REGbits                                (abs)        00095
_OSCCON                                        (abs)        00099
_OSCILLATOR_Initialize                         text23       006B5
_OSCSTAT                                       (abs)        0009A
_OSCTUNE                                       (abs)        00098
_PIN_MANAGER_IOC                               text34       00700
_PIN_MANAGER_Initialize                        text22       0046F
_PIR1bits                                      (abs)        00011
_PR2                                           (abs)        0001B
_PWM3CONbits                                   (abs)        00619
_PWM3DCH                                       (abs)        00618
_PWM3DCLbits                                   (abs)        00617
_PWM4CONbits                                   (abs)        0061C
_PWM4DCH                                       (abs)        0061B
_PWM4DCLbits                                   (abs)        0061A
_RA5PPS                                        (abs)        00E95
_RB7PPS                                        (abs)        00E9F
_RC1REG                                        (abs)        00199
_RC1STA                                        (abs)        0019D
_RC1STAbits                                    (abs)        0019D
_RC4PPS                                        (abs)        00EA4
_RC5PPS                                        (abs)        00EA5
_RXPPS                                         (abs)        00E24
_SLRCONA                                       (abs)        0030C
_SLRCONB                                       (abs)        0030D
_SLRCONC                                       (abs)        0030E
_SP1BRGH                                       (abs)        0019C
_SP1BRGL                                       (abs)        0019B
_SYSTEM_Initialize                             text18       005F7
_T2CON                                         (abs)        0001C
_T2CONbits                                     (abs)        0001C
_TMR0                                          (abs)        00015
_TMR0_Initialize                               text21       0069B
_TMR2                                          (abs)        0001A
_TMR2_Initialize                               text20       006AD
_TRISA                                         (abs)        0008C
_TRISB                                         (abs)        0008D
_TRISC                                         (abs)        0008E
_TX1REG                                        (abs)        0019A
_TX1STA                                        (abs)        0019E
_TX1STAbits                                    (abs)        0019E
_Vdac_mv                                       bssBANK0     0005E
_WDTCON                                        (abs)        00097
_WDT_Initialize                                text19       006F0
_WPUA                                          (abs)        0020C
_WPUB                                          (abs)        0020D
_WPUC                                          (abs)        0020E
__CFG_BOREN$OFF                                (abs)        00000
__CFG_BORV$LO                                  (abs)        00000
__CFG_CLKOUTEN$ON                              (abs)        00000
__CFG_CP$OFF                                   (abs)        00000
__CFG_FCMEN$ON                                 (abs)        00000
__CFG_FOSC$INTOSC                              (abs)        00000
__CFG_IESO$OFF                                 (abs)        00000
__CFG_LPBOR$OFF                                (abs)        00000
__CFG_LVP$ON                                   (abs)        00000
__CFG_MCLRE$ON                                 (abs)        00000
__CFG_PLLEN$OFF                                (abs)        00000
__CFG_PPS1WAY$ON                               (abs)        00000
__CFG_PWRTE$OFF                                (abs)        00000
__CFG_STVREN$ON                                (abs)        00000
__CFG_WDTE$OFF                                 (abs)        00000
__CFG_WRT$OFF                                  (abs)        00000
__CFG_ZCDDIS$ON                                (abs)        00000
__Habs1                                        abs1         00000
__Hbank0                                       bank0        00000
__Hbank1                                       bank1        00000
__Hbank10                                      bank10       00000
__Hbank11                                      bank11       00000
__Hbank12                                      bank12       00000
__Hbank13                                      bank13       00000
__Hbank14                                      bank14       00000
__Hbank15                                      bank15       00000
__Hbank16                                      bank16       00000
__Hbank17                                      bank17       00000
__Hbank18                                      bank18       00000
__Hbank19                                      bank19       00000
__Hbank2                                       bank2        00000
__Hbank20                                      bank20       00000
__Hbank21                                      bank21       00000
__Hbank22                                      bank22       00000
__Hbank23                                      bank23       00000
__Hbank24                                      bank24       00000
__Hbank25                                      bank25       00000
__Hbank26                                      bank26       00000
__Hbank27                                      bank27       00000
__Hbank28                                      bank28       00000
__Hbank29                                      bank29       00000
__Hbank3                                       bank3        00000
__Hbank30                                      bank30       00000
__Hbank31                                      bank31       00000
__Hbank4                                       bank4        00000
__Hbank5                                       bank5        00000
__Hbank6                                       bank6        00000
__Hbank7                                       bank7        00000
__Hbank8                                       bank8        00000
__Hbank9                                       bank9        00000
__Hbigram                                      bigram       00000
__HbssBANK0                                    bssBANK0     00000
__HbssBANK1                                    bssBANK1     00000
__HbssCOMMON                                   bssCOMMON    00000
__Hcinit                                       cinit        0004C
__Hclrtext                                     clrtext      00000
__Hcode                                        code         00000
__Hcommon                                      common       00000
__Hconfig                                      config       08009
__HcstackBANK0                                 cstackBANK0  00000
__HcstackCOMMON                                cstackCOMMON 00000
__HdataBANK0                                   dataBANK0    00000
__HdataBANK1                                   dataBANK1    00000
__Heeprom_data                                 eeprom_data  00000
__Hend_init                                    end_init     0001C
__Hfunctab                                     functab      00000
__HidataBANK0                                  idataBANK0   00000
__HidataBANK1                                  idataBANK1   00000
__Hidloc                                       idloc        00000
__Hinit                                        init         0001A
__Hinittext                                    inittext     00000
__Hintentry                                    intentry     0001A
__Hmaintext                                    maintext     00000
__HnvBANK0                                     nvBANK0      00000
__Hpowerup                                     powerup      00000
__Hram                                         ram          00000
__Hreset_vec                                   reset_vec    00002
__Hsfr0                                        sfr0         00000
__Hsfr1                                        sfr1         00000
__Hsfr10                                       sfr10        00000
__Hsfr11                                       sfr11        00000
__Hsfr12                                       sfr12        00000
__Hsfr13                                       sfr13        00000
__Hsfr14                                       sfr14        00000
__Hsfr15                                       sfr15        00000
__Hsfr16                                       sfr16        00000
__Hsfr17                                       sfr17        00000
__Hsfr18                                       sfr18        00000
__Hsfr19                                       sfr19        00000
__Hsfr2                                        sfr2         00000
__Hsfr20                                       sfr20        00000
__Hsfr21                                       sfr21        00000
__Hsfr22                                       sfr22        00000
__Hsfr23                                       sfr23        00000
__Hsfr24                                       sfr24        00000
__Hsfr25                                       sfr25        00000
__Hsfr26                                       sfr26        00000
__Hsfr27                                       sfr27        00000
__Hsfr28                                       sfr28        00000
__Hsfr29                                       sfr29        00000
__Hsfr3                                        sfr3         00000
__Hsfr30                                       sfr30        00000
__Hsfr31                                       sfr31        00000
__Hsfr4                                        sfr4         00000
__Hsfr5                                        sfr5         00000
__Hsfr6                                        sfr6         00000
__Hsfr7                                        sfr7         00000
__Hsfr8                                        sfr8         00000
__Hsfr9                                        sfr9         00000
__Hspace_0                                     (abs)        08009
__Hspace_1                                     (abs)        000E3
__Hspace_2                                     (abs)        00000
__Hspace_3                                     (abs)        00000
__Hstack                                       stack        00000
__Hstrings                                     strings      00000
__Hstringtext1                                 stringtext1  00000
__Hstringtext2                                 stringtext2  00000
__Hstringtext3                                 stringtext3  00000
__Hstringtext4                                 stringtext4  00000
__Htext                                        text         00000
__Labs1                                        abs1         00000
__Lbank0                                       bank0        00000
__Lbank1                                       bank1        00000
__Lbank10                                      bank10       00000
__Lbank11                                      bank11       00000
__Lbank12                                      bank12       00000
__Lbank13                                      bank13       00000
__Lbank14                                      bank14       00000
__Lbank15                                      bank15       00000
__Lbank16                                      bank16       00000
__Lbank17                                      bank17       00000
__Lbank18                                      bank18       00000
__Lbank19                                      bank19       00000
__Lbank2                                       bank2        00000
__Lbank20                                      bank20       00000
__Lbank21                                      bank21       00000
__Lbank22                                      bank22       00000
__Lbank23                                      bank23       00000
__Lbank24                                      bank24       00000
__Lbank25                                      bank25       00000
__Lbank26                                      bank26       00000
__Lbank27                                      bank27       00000
__Lbank28                                      bank28       00000
__Lbank29                                      bank29       00000
__Lbank3                                       bank3        00000
__Lbank30                                      bank30       00000
__Lbank31                                      bank31       00000
__Lbank4                                       bank4        00000
__Lbank5                                       bank5        00000
__Lbank6                                       bank6        00000
__Lbank7                                       bank7        00000
__Lbank8                                       bank8        00000
__Lbank9                                       bank9        00000
__Lbigram                                      bigram       00000
__LbssBANK0                                    bssBANK0     00000
__LbssBANK1                                    bssBANK1     00000
__LbssCOMMON                                   bssCOMMON    00000
__Lcinit                                       cinit        0001C
__Lclrtext                                     clrtext      00000
__Lcode                                        code         00000
__Lcommon                                      common       00000
__Lconfig                                      config       08007
__LcstackBANK0                                 cstackBANK0  00000
__LcstackCOMMON                                cstackCOMMON 00000
__LdataBANK0                                   dataBANK0    00000
__LdataBANK1                                   dataBANK1    00000
__Leeprom_data                                 eeprom_data  00000
__Lend_init                                    end_init     0001A
__Lfunctab                                     functab      00000
__LidataBANK0                                  idataBANK0   00000
__LidataBANK1                                  idataBANK1   00000
__Lidloc                                       idloc        00000
__Linit                                        init         0001A
__Linittext                                    inittext     00000
__Lintentry                                    intentry     00004
__Lmaintext                                    maintext     00000
__LnvBANK0                                     nvBANK0      00000
__Lpowerup                                     powerup      00000
__Lram                                         ram          00000
__Lreset_vec                                   reset_vec    00000
__Lsfr0                                        sfr0         00000
__Lsfr1                                        sfr1         00000
__Lsfr10                                       sfr10        00000
__Lsfr11                                       sfr11        00000
__Lsfr12                                       sfr12        00000
__Lsfr13                                       sfr13        00000
__Lsfr14                                       sfr14        00000
__Lsfr15                                       sfr15        00000
__Lsfr16                                       sfr16        00000
__Lsfr17                                       sfr17        00000
__Lsfr18                                       sfr18        00000
__Lsfr19                                       sfr19        00000
__Lsfr2                                        sfr2         00000
__Lsfr20                                       sfr20        00000
__Lsfr21                                       sfr21        00000
__Lsfr22                                       sfr22        00000
__Lsfr23                                       sfr23        00000
__Lsfr24                                       sfr24        00000
__Lsfr25                                       sfr25        00000
__Lsfr26                                       sfr26        00000
__Lsfr27                                       sfr27        00000
__Lsfr28                                       sfr28        00000
__Lsfr29                                       sfr29        00000
__Lsfr3                                        sfr3         00000
__Lsfr30                                       sfr30        00000
__Lsfr31                                       sfr31        00000
__Lsfr4                                        sfr4         00000
__Lsfr5                                        sfr5         00000
__Lsfr6                                        sfr6         00000
__Lsfr7                                        sfr7         00000
__Lsfr8                                        sfr8         00000
__Lsfr9                                        sfr9         00000
__Lspace_0                                     (abs)        00000
__Lspace_1                                     (abs)        00000
__Lspace_2                                     (abs)        00000
__Lspace_3                                     (abs)        00000
__Lstack                                       stack        00000
__Lstrings                                     strings      00000
__Lstringtext1                                 stringtext1  00000
__Lstringtext2                                 stringtext2  00000
__Lstringtext3                                 stringtext3  00000
__Lstringtext4                                 stringtext4  00000
__Ltext                                        text         00000
__S0                                           (abs)        08009
__S1                                           (abs)        000E3
__S2                                           (abs)        00000
___aldiv                                       text14       00204
___aldiv@counter                               cstackBANK0  00030
___aldiv@dividend                              cstackBANK0  0002C
___aldiv@divisor                               cstackBANK0  00028
___aldiv@quotient                              cstackBANK0  00032
___aldiv@sign                                  cstackBANK0  00031
___awdiv                                       text6        00340
___awdiv@counter                               cstackBANK0  00024
___awdiv@dividend                              cstackBANK0  00022
___awdiv@divisor                               cstackBANK0  00020
___awdiv@quotient                              cstackBANK0  00026
___awdiv@sign                                  cstackBANK0  00025
___int_sp                                      stack        00000
___latbits                                     (abs)        00001
___lldiv                                       text5        002ED
___lldiv@counter                               cstackBANK0  00038
___lldiv@dividend                              cstackBANK0  00030
___lldiv@divisor                               cstackBANK0  0002C
___lldiv@quotient                              cstackBANK0  00034
___lmul                                        text4        004D4
___lmul@multiplicand                           cstackBANK0  00024
___lmul@multiplier                             cstackBANK0  00020
___lmul@product                                cstackBANK0  00028
___sp                                          stack        00000
__end_of_DAC_Initialize                        text32       006E7
__end_of_EUSART_Initialize                     text28       005D5
__end_of_EUSART_SetErrorHandler                text31       006E1
__end_of_EUSART_SetFramingErrorHandler         text30       006DB
__end_of_EUSART_SetOverrunErrorHandler         text29       006D5
__end_of_EUSART_Write                          text12       006AD
__end_of_EXT_INT_Initialize                    text26       00690
__end_of_INTERRUPT_InterruptManager            intentry     0001A
__end_of_INT_CallBack                          text36       0069B
__end_of_INT_DefaultInterruptHandler           text37       002ED
__end_of_INT_ISR                               text35       00700
__end_of_INT_SetInterruptHandler               text27       006CF
__end_of_OPA1_Initialize                       text25       006FC
__end_of_OPA2_Initialize                       text24       006F8
__end_of_OSCILLATOR_Initialize                 text23       006BD
__end_of_PIN_MANAGER_IOC                       text34       00701
__end_of_PIN_MANAGER_Initialize                text22       004A2
__end_of_SYSTEM_Initialize                     text18       00615
__end_of_TMR0_Initialize                       text21       006A5
__end_of_TMR2_Initialize                       text20       006B5
__end_of_WDT_Initialize                        text19       006F4
__end_of___aldiv                               text14       00286
__end_of___awdiv                               text6        00392
__end_of___lldiv                               text5        00340
__end_of___lmul                                text4        00504
__end_of__initialization                       cinit        00048
__end_of_battery_voltage                       text13       00532
__end_of_initLED                               text17       0046F
__end_of_lowBattery                            text15       0055F
__end_of_main                                  maintext     004D4
__end_of_printf                                text10       00632
__end_of_process_remote_command                text2        00161
__end_of_putch                                 text11       006EC
__end_of_selectCurrent                         text9        005B1
__end_of_selectFrequency                       text8        00589
__end_of_selectSomething                       text7        003E3
__end_of_setCurrent                            text3        00204
__end_of_setLEDColor                           text16       0064D
__end_of_startUp                               text1        0042B
__initialization                               cinit        0001C
__pbssBANK0                                    bssBANK0     0004B
__pbssBANK1                                    bssBANK1     000C2
__pbssCOMMON                                   bssCOMMON    00076
__pcstackBANK0                                 cstackBANK0  00020
__pcstackCOMMON                                cstackCOMMON 00070
__pdataBANK0                                   dataBANK0    00068
__pdataBANK1                                   dataBANK1    000A0
__pidataBANK0                                  idataBANK0   006EC
__pidataBANK1                                  idataBANK1   005D5
__pintentry                                    intentry     00004
__pmaintext                                    maintext     004A2
__pnvBANK0                                     nvBANK0      00060
__pstringtext1                                 stringtext1  0064D
__pstringtext2                                 stringtext2  00662
__pstringtext3                                 stringtext3  00675
__pstringtext4                                 stringtext4  00000
__ptext1                                       text1        003E3
__ptext10                                      text10       00615
__ptext11                                      text11       006E7
__ptext12                                      text12       006A5
__ptext13                                      text13       00504
__ptext14                                      text14       00204
__ptext15                                      text15       00532
__ptext16                                      text16       00632
__ptext17                                      text17       0042B
__ptext18                                      text18       005F7
__ptext19                                      text19       006F0
__ptext2                                       text2        0004C
__ptext20                                      text20       006AD
__ptext21                                      text21       0069B
__ptext22                                      text22       0046F
__ptext23                                      text23       006B5
__ptext24                                      text24       006F4
__ptext25                                      text25       006F8
__ptext26                                      text26       00684
__ptext27                                      text27       006C9
__ptext28                                      text28       005B1
__ptext29                                      text29       006CF
__ptext3                                       text3        00161
__ptext30                                      text30       006D5
__ptext31                                      text31       006DB
__ptext32                                      text32       006E1
__ptext34                                      text34       00700
__ptext35                                      text35       006FC
__ptext36                                      text36       00690
__ptext37                                      text37       00286
__ptext4                                       text4        004D4
__ptext5                                       text5        002ED
__ptext6                                       text6        00340
__ptext7                                       text7        00392
__ptext8                                       text8        0055F
__ptext9                                       text9        00589
__size_of_DAC_Initialize                       (abs)        00000
__size_of_EUSART_Initialize                    (abs)        00000
__size_of_EUSART_SetErrorHandler               (abs)        00000
__size_of_EUSART_SetFramingErrorHandler        (abs)        00000
__size_of_EUSART_SetOverrunErrorHandler        (abs)        00000
__size_of_EUSART_Write                         (abs)        00000
__size_of_EXT_INT_Initialize                   (abs)        00000
__size_of_INTERRUPT_InterruptManager           (abs)        00000
__size_of_INT_CallBack                         (abs)        00000
__size_of_INT_DefaultInterruptHandler          (abs)        00000
__size_of_INT_ISR                              (abs)        00000
__size_of_INT_SetInterruptHandler              (abs)        00000
__size_of_OPA1_Initialize                      (abs)        00000
__size_of_OPA2_Initialize                      (abs)        00000
__size_of_OSCILLATOR_Initialize                (abs)        00000
__size_of_PIN_MANAGER_IOC                      (abs)        00000
__size_of_PIN_MANAGER_Initialize               (abs)        00000
__size_of_SYSTEM_Initialize                    (abs)        00000
__size_of_TMR0_Initialize                      (abs)        00000
__size_of_TMR2_Initialize                      (abs)        00000
__size_of_WDT_Initialize                       (abs)        00000
__size_of___aldiv                              (abs)        00000
__size_of___awdiv                              (abs)        00000
__size_of___lldiv                              (abs)        00000
__size_of___lmul                               (abs)        00000
__size_of_battery_voltage                      (abs)        00000
__size_of_initLED                              (abs)        00000
__size_of_lowBattery                           (abs)        00000
__size_of_main                                 (abs)        00000
__size_of_printf                               (abs)        00000
__size_of_process_remote_command               (abs)        00000
__size_of_putch                                (abs)        00000
__size_of_selectCurrent                        (abs)        00000
__size_of_selectFrequency                      (abs)        00000
__size_of_selectSomething                      (abs)        00000
__size_of_setCurrent                           (abs)        00000
__size_of_setLEDColor                          (abs)        00000
__size_of_startUp                              (abs)        00000
_battery_voltage                               text13       00504
_currentIndex                                  bssBANK0     0004D
_currentValue                                  dataBANK1    000A0
_duty                                          bssBANK0     00052
_eusartRxLastError                             bssBANK0     00057
_flag                                          bssBANK0     00053
_frequencyIndex                                bssBANK0     0004B
_initLED                                       text17       0042B
_interfaceState                                bssBANK0     00051
_ir_code                                       bssBANK0     00058
_lowBattery                                    text15       00532
_main                                          maintext     004A2
_maxCurrentIndex                               dataBANK0    0006A
_maxFrequencyIndex                             dataBANK0    00068
_printf                                        text10       00615
_process_remote_command                        text2        0004C
_putch                                         text11       006E7
_selectCurrent                                 text9        00589
_selectFrequency                               text8        0055F
_selectSomething                               text7        00392
_setCurrent                                    text3        00161
_setLEDColor                                   text16       00632
_startUp                                       text1        003E3
_stats                                         bssBANK1     000C2
_timer0ReloadVal                               bssCOMMON    0007A
btemp                                          (abs)        0007E
clear_ram0                                     clrtext      006C3
end_of_initialization                          cinit        00048
init_ram                                       inittext     006BD
int$flags                                      (abs)        0007E
intlevel0                                      functab      00000
intlevel1                                      functab      00000
intlevel2                                      functab      00000
intlevel3                                      functab      00000
intlevel4                                      functab      00000
intlevel5                                      functab      00000
printf@ap                                      cstackBANK0  00025
printf@c                                       cstackBANK0  00026
printf@f                                       cstackBANK0  00020
process_remote_command@code                    cstackCOMMON 00075
putch@txData                                   cstackCOMMON 00074
reset_vec                                      reset_vec    00000
setCurrent@DACValue                            cstackBANK0  00045
setCurrent@Vdd_mv                              cstackBANK0  0003B
setCurrent@microamps                           cstackBANK0  00039
setLEDColor@blue                               cstackBANK0  00021
setLEDColor@green                              cstackBANK0  00020
setLEDColor@red                                cstackCOMMON 00074
stackhi                                        (abs)        021EF
stacklo                                        (abs)        02093
start                                          init         0001A
startUp@i                                      cstackBANK0  00024
start_initialization                           cinit        0001C
wtemp0                                         (abs)        0007E


FUNCTION INFORMATION:

 *************** function _main *****************
 Defined at:
		line 350 in file "main.c"
 Parameters:    Size  Location     Type
		None
 Auto vars:     Size  Location     Type
		None
 Return value:  Size  Location     Type
                  1    wreg      void 
 Registers used:
		wreg, fsr0l, fsr0h, fsr1l, fsr1h, status,2, status,0, pclath, cstack
 Tracked objects:
		On entry : 
		On exit  : 
		Unchanged: 
 Data sizes:     COMMON   BANK0   BANK1   BANK2   BANK3   BANK4   BANK5   BANK6
      Params:         0       0       0       0       0       0       0       0
      Locals:         0       0       0       0       0       0       0       0
      Temps:          0       1       0       0       0       0       0       0
      Totals:         0       1       0       0       0       0       0       0
Total ram usage:        1 bytes
 Hardware stack levels required when called:    9
 This function calls:
		_DAC_Initialize
		_OPA1_Initialize
		_OPA2_Initialize
		_SYSTEM_Initialize
		_battery_voltage
		_initLED
		_lowBattery
		_process_remote_command
		_startUp
 This function is called by:
		Startup code after reset
 This function uses a non-reentrant model


 *************** function _startUp *****************
 Defined at:
		line 186 in file "main.c"
 Parameters:    Size  Location     Type
		None
 Auto vars:     Size  Location     Type
  i               2    4[BANK0 ] int 
 Return value:  Size  Location     Type
                  1    wreg      void 
 Registers used:
		wreg, status,2, status,0, pclath, cstack
 Tracked objects:
		On entry : 
		On exit  : 
		Unchanged: 
 Data sizes:     COMMON   BANK0   BANK1   BANK2   BANK3   BANK4   BANK5   BANK6
      Params:         0       0       0       0       0       0       0       0
      Locals:         0       2       0       0       0       0       0       0
      Temps:          0       2       0       0       0       0       0       0
      Totals:         0       4       0       0       0       0       0       0
Total ram usage:        4 bytes
 Hardware stack levels used:    1
 Hardware stack levels required when called:    5
 This function calls:
		_setLEDColor
 This function is called by:
		_main
 This function uses a non-reentrant model


 *************** function _process_remote_command *****************
 Defined at:
		line 257 in file "main.c"
 Parameters:    Size  Location     Type
  code            1    wreg     PTR struct .
		 -> ir_code(6), 
 Auto vars:     Size  Location     Type
  code            1    5[COMMON] PTR struct .
		 -> ir_code(6), 
 Return value:  Size  Location     Type
                  1    wreg      void 
 Registers used:
		wreg, fsr0l, fsr0h, fsr1l, fsr1h, status,2, status,0, pclath, cstack
 Tracked objects:
		On entry : 
		On exit  : 
		Unchanged: 
 Data sizes:     COMMON   BANK0   BANK1   BANK2   BANK3   BANK4   BANK5   BANK6
      Params:         0       0       0       0       0       0       0       0
      Locals:         1       0       0       0       0       0       0       0
      Temps:          0       3       0       0       0       0       0       0
      Totals:         1       3       0       0       0       0       0       0
Total ram usage:        4 bytes
 Hardware stack levels used:    1
 Hardware stack levels required when called:    8
 This function calls:
		_battery_voltage
		_printf
		_selectCurrent
		_selectFrequency
		_selectSomething
		_setCurrent
		_setLEDColor
 This function is called by:
		_main
 This function uses a non-reentrant model


 *************** function _setCurrent *****************
 Defined at:
		line 235 in file "main.c"
 Parameters:    Size  Location     Type
  microamps       2   25[BANK0 ] int 
  Vdd_mv          2   27[BANK0 ] int 
 Auto vars:     Size  Location     Type
  DACValue        2   37[BANK0 ] int 
 Return value:  Size  Location     Type
                  1    wreg      void 
 Registers used:
		wreg, status,2, status,0, pclath, cstack
 Tracked objects:
		On entry : 
		On exit  : 
		Unchanged: 
 Data sizes:     COMMON   BANK0   BANK1   BANK2   BANK3   BANK4   BANK5   BANK6
      Params:         0       4       0       0       0       0       0       0
      Locals:         0       2       0       0       0       0       0       0
      Temps:          0       8       0       0       0       0       0       0
      Totals:         0      14       0       0       0       0       0       0
Total ram usage:       14 bytes
 Hardware stack levels used:    1
 Hardware stack levels required when called:    5
 This function calls:
		___aldiv
		___awdiv
		___lldiv
		___lmul
 This function is called by:
		_process_remote_command
 This function uses a non-reentrant model


 *************** function ___lmul *****************
 Defined at:
		line 15 in file "/Applications/microchip/xc8/v1.45/sources/common/Umul32.c"
 Parameters:    Size  Location     Type
  multiplier      4    0[BANK0 ] unsigned long 
  multiplicand    4    4[BANK0 ] unsigned long 
 Auto vars:     Size  Location     Type
  product         4    8[BANK0 ] unsigned long 
 Return value:  Size  Location     Type
                  4    0[BANK0 ] unsigned long 
 Registers used:
		wreg, status,2, status,0
 Tracked objects:
		On entry : 
		On exit  : 
		Unchanged: 
 Data sizes:     COMMON   BANK0   BANK1   BANK2   BANK3   BANK4   BANK5   BANK6
      Params:         0       8       0       0       0       0       0       0
      Locals:         0       4       0       0       0       0       0       0
      Temps:          0       0       0       0       0       0       0       0
      Totals:         0      12       0       0       0       0       0       0
Total ram usage:       12 bytes
 Hardware stack levels used:    1
 Hardware stack levels required when called:    4
 This function calls:
		Nothing
 This function is called by:
		_setCurrent
 This function uses a non-reentrant model


 *************** function ___lldiv *****************
 Defined at:
		line 6 in file "/Applications/microchip/xc8/v1.45/sources/common/lldiv.c"
 Parameters:    Size  Location     Type
  divisor         4   12[BANK0 ] unsigned long 
  dividend        4   16[BANK0 ] unsigned long 
 Auto vars:     Size  Location     Type
  quotient        4   20[BANK0 ] unsigned long 
  counter         1   24[BANK0 ] unsigned char 
 Return value:  Size  Location     Type
                  4   12[BANK0 ] unsigned long 
 Registers used:
		wreg, status,2, status,0
 Tracked objects:
		On entry : 
		On exit  : 
		Unchanged: 
 Data sizes:     COMMON   BANK0   BANK1   BANK2   BANK3   BANK4   BANK5   BANK6
      Params:         0       8       0       0       0       0       0       0
      Locals:         0       5       0       0       0       0       0       0
      Temps:          1       0       0       0       0       0       0       0
      Totals:         1      13       0       0       0       0       0       0
Total ram usage:       14 bytes
 Hardware stack levels used:    1
 Hardware stack levels required when called:    4
 This function calls:
		Nothing
 This function is called by:
		_setCurrent
 This function uses a non-reentrant model


 *************** function ___awdiv *****************
 Defined at:
		line 6 in file "/Applications/microchip/xc8/v1.45/sources/common/awdiv.c"
 Parameters:    Size  Location     Type
  divisor         2    0[BANK0 ] int 
  dividend        2    2[BANK0 ] int 
 Auto vars:     Size  Location     Type
  quotient        2    6[BANK0 ] int 
  sign            1    5[BANK0 ] unsigned char 
  counter         1    4[BANK0 ] unsigned char 
 Return value:  Size  Location     Type
                  2    0[BANK0 ] int 
 Registers used:
		wreg, status,2, status,0
 Tracked objects:
		On entry : 
		On exit  : 
		Unchanged: 
 Data sizes:     COMMON   BANK0   BANK1   BANK2   BANK3   BANK4   BANK5   BANK6
      Params:         0       4       0       0       0       0       0       0
      Locals:         0       4       0       0       0       0       0       0
      Temps:          1       0       0       0       0       0       0       0
      Totals:         1       8       0       0       0       0       0       0
Total ram usage:        9 bytes
 Hardware stack levels used:    1
 Hardware stack levels required when called:    4
 This function calls:
		Nothing
 This function is called by:
		_setCurrent
 This function uses a non-reentrant model


 *************** function _selectSomething *****************
 Defined at:
		line 197 in file "main.c"
 Parameters:    Size  Location     Type
		None
 Auto vars:     Size  Location     Type
		None
 Return value:  Size  Location     Type
                  1    wreg      void 
 Registers used:
		wreg, status,2, status,0, pclath, cstack
 Tracked objects:
		On entry : 
		On exit  : 
		Unchanged: 
 Data sizes:     COMMON   BANK0   BANK1   BANK2   BANK3   BANK4   BANK5   BANK6
      Params:         0       0       0       0       0       0       0       0
      Locals:         0       0       0       0       0       0       0       0
      Temps:          0       2       0       0       0       0       0       0
      Totals:         0       2       0       0       0       0       0       0
Total ram usage:        2 bytes
 Hardware stack levels used:    1
 Hardware stack levels required when called:    5
 This function calls:
		_setLEDColor
 This function is called by:
		_process_remote_command
 This function uses a non-reentrant model


 *************** function _selectFrequency *****************
 Defined at:
		line 209 in file "main.c"
 Parameters:    Size  Location     Type
		None
 Auto vars:     Size  Location     Type
		None
 Return value:  Size  Location     Type
                  1    wreg      void 
 Registers used:
		wreg, fsr0l, fsr0h, status,2, status,0, pclath, cstack
 Tracked objects:
		On entry : 
		On exit  : 
		Unchanged: 
 Data sizes:     COMMON   BANK0   BANK1   BANK2   BANK3   BANK4   BANK5   BANK6
      Params:         0       0       0       0       0       0       0       0
      Locals:         0       0       0       0       0       0       0       0
      Temps:          0       2       0       0       0       0       0       0
      Totals:         0       2       0       0       0       0       0       0
Total ram usage:        2 bytes
 Hardware stack levels used:    1
 Hardware stack levels required when called:    7
 This function calls:
		_printf
		_setLEDColor
 This function is called by:
		_process_remote_command
 This function uses a non-reentrant model


 *************** function _selectCurrent *****************
 Defined at:
		line 217 in file "main.c"
 Parameters:    Size  Location     Type
		None
 Auto vars:     Size  Location     Type
		None
 Return value:  Size  Location     Type
                  1    wreg      void 
 Registers used:
		wreg, fsr0l, fsr0h, status,2, status,0, pclath, cstack
 Tracked objects:
		On entry : 
		On exit  : 
		Unchanged: 
 Data sizes:     COMMON   BANK0   BANK1   BANK2   BANK3   BANK4   BANK5   BANK6
      Params:         0       0       0       0       0       0       0       0
      Locals:         0       0       0       0       0       0       0       0
      Temps:          0       2       0       0       0       0       0       0
      Totals:         0       2       0       0       0       0       0       0
Total ram usage:        2 bytes
 Hardware stack levels used:    1
 Hardware stack levels required when called:    7
 This function calls:
		_printf
		_setLEDColor
 This function is called by:
		_process_remote_command
 This function uses a non-reentrant model


 *************** function _printf *****************
 Defined at:
		line 464 in file "/Applications/microchip/xc8/v1.45/sources/common/doprnt.c"
 Parameters:    Size  Location     Type
  f               2    0[BANK0 ] PTR const unsigned char 
		 -> STR_3(15), STR_2(19), STR_1(21), 
 Auto vars:     Size  Location     Type
  tmpval          4    0        struct .
  cp              2    0        PTR const unsigned char 
  len             2    0        unsigned int 
  val             2    0        unsigned int 
  c               1    6[BANK0 ] char 
  ap              1    5[BANK0 ] PTR void [1]
		 -> ?_printf(2), 
  flag            1    0        unsigned char 
  prec            1    0        char 
 Return value:  Size  Location     Type
                  2    0[BANK0 ] int 
 Registers used:
		wreg, fsr0l, fsr0h, status,2, status,0, pclath, cstack
 Tracked objects:
		On entry : 
		On exit  : 
		Unchanged: 
 Data sizes:     COMMON   BANK0   BANK1   BANK2   BANK3   BANK4   BANK5   BANK6
      Params:         0       2       0       0       0       0       0       0
      Locals:         0       2       0       0       0       0       0       0
      Temps:          0       3       0       0       0       0       0       0
      Totals:         0       7       0       0       0       0       0       0
Total ram usage:        7 bytes
 Hardware stack levels used:    1
 Hardware stack levels required when called:    6
 This function calls:
		_putch
 This function is called by:
		_selectFrequency
		_selectCurrent
		_process_remote_command
 This function uses a non-reentrant model


 *************** function _putch *****************
 Defined at:
		line 146 in file "mcc_generated_files/eusart.c"
 Parameters:    Size  Location     Type
  txData          1    wreg     unsigned char 
 Auto vars:     Size  Location     Type
  txData          1    4[COMMON] unsigned char 
 Return value:  Size  Location     Type
                  1    wreg      void 
 Registers used:
		wreg, status,2, status,0, pclath, cstack
 Tracked objects:
		On entry : 
		On exit  : 
		Unchanged: 
 Data sizes:     COMMON   BANK0   BANK1   BANK2   BANK3   BANK4   BANK5   BANK6
      Params:         0       0       0       0       0       0       0       0
      Locals:         1       0       0       0       0       0       0       0
      Temps:          0       0       0       0       0       0       0       0
      Totals:         1       0       0       0       0       0       0       0
Total ram usage:        1 bytes
 Hardware stack levels used:    1
 Hardware stack levels required when called:    5
 This function calls:
		_EUSART_Write
 This function is called by:
		_printf
 This function uses a non-reentrant model


 *************** function _EUSART_Write *****************
 Defined at:
		line 132 in file "mcc_generated_files/eusart.c"
 Parameters:    Size  Location     Type
  txData          1    wreg     unsigned char 
 Auto vars:     Size  Location     Type
  txData          1    3[COMMON] unsigned char 
 Return value:  Size  Location     Type
                  1    wreg      void 
 Registers used:
		wreg
 Tracked objects:
		On entry : 
		On exit  : 
		Unchanged: 
 Data sizes:     COMMON   BANK0   BANK1   BANK2   BANK3   BANK4   BANK5   BANK6
      Params:         0       0       0       0       0       0       0       0
      Locals:         1       0       0       0       0       0       0       0
      Temps:          0       0       0       0       0       0       0       0
      Totals:         1       0       0       0       0       0       0       0
Total ram usage:        1 bytes
 Hardware stack levels used:    1
 Hardware stack levels required when called:    4
 This function calls:
		Nothing
 This function is called by:
		_putch
 This function uses a non-reentrant model


 *************** function _battery_voltage *****************
 Defined at:
		line 91 in file "main.c"
 Parameters:    Size  Location     Type
		None
 Auto vars:     Size  Location     Type
		None
 Return value:  Size  Location     Type
                  2   22[BANK0 ] unsigned int 
 Registers used:
		wreg, status,2, status,0, pclath, cstack
 Tracked objects:
		On entry : 
		On exit  : 
		Unchanged: 
 Data sizes:     COMMON   BANK0   BANK1   BANK2   BANK3   BANK4   BANK5   BANK6
      Params:         0       2       0       0       0       0       0       0
      Locals:         0       0       0       0       0       0       0       0
      Temps:          0       0       0       0       0       0       0       0
      Totals:         0       2       0       0       0       0       0       0
Total ram usage:        2 bytes
 Hardware stack levels used:    1
 Hardware stack levels required when called:    5
 This function calls:
		___aldiv
 This function is called by:
		_process_remote_command
		_main
 This function uses a non-reentrant model


 *************** function ___aldiv *****************
 Defined at:
		line 6 in file "/Applications/microchip/xc8/v1.45/sources/common/aldiv.c"
 Parameters:    Size  Location     Type
  divisor         4    8[BANK0 ] long 
  dividend        4   12[BANK0 ] long 
 Auto vars:     Size  Location     Type
  quotient        4   18[BANK0 ] long 
  sign            1   17[BANK0 ] unsigned char 
  counter         1   16[BANK0 ] unsigned char 
 Return value:  Size  Location     Type
                  4    8[BANK0 ] long 
 Registers used:
		wreg, status,2, status,0
 Tracked objects:
		On entry : 
		On exit  : 
		Unchanged: 
 Data sizes:     COMMON   BANK0   BANK1   BANK2   BANK3   BANK4   BANK5   BANK6
      Params:         0       8       0       0       0       0       0       0
      Locals:         0       6       0       0       0       0       0       0
      Temps:          1       0       0       0       0       0       0       0
      Totals:         1      14       0       0       0       0       0       0
Total ram usage:       15 bytes
 Hardware stack levels used:    1
 Hardware stack levels required when called:    4
 This function calls:
		Nothing
 This function is called by:
		_battery_voltage
		_setCurrent
 This function uses a non-reentrant model


 *************** function _lowBattery *****************
 Defined at:
		line 178 in file "main.c"
 Parameters:    Size  Location     Type
		None
 Auto vars:     Size  Location     Type
		None
 Return value:  Size  Location     Type
                  1    wreg      void 
 Registers used:
		wreg, status,2, status,0, pclath, cstack
 Tracked objects:
		On entry : 
		On exit  : 
		Unchanged: 
 Data sizes:     COMMON   BANK0   BANK1   BANK2   BANK3   BANK4   BANK5   BANK6
      Params:         0       0       0       0       0       0       0       0
      Locals:         0       0       0       0       0       0       0       0
      Temps:          0       2       0       0       0       0       0       0
      Totals:         0       2       0       0       0       0       0       0
Total ram usage:        2 bytes
 Hardware stack levels used:    1
 Hardware stack levels required when called:    5
 This function calls:
		_setLEDColor
 This function is called by:
		_main
 This function uses a non-reentrant model


 *************** function _setLEDColor *****************
 Defined at:
		line 157 in file "main.c"
 Parameters:    Size  Location     Type
  red             1    wreg     unsigned char 
  green           1    0[BANK0 ] unsigned char 
  blue            1    1[BANK0 ] unsigned char 
 Auto vars:     Size  Location     Type
  red             1    4[COMMON] unsigned char 
 Return value:  Size  Location     Type
                  1    wreg      void 
 Registers used:
		wreg, status,2, status,0
 Tracked objects:
		On entry : 
		On exit  : 
		Unchanged: 
 Data sizes:     COMMON   BANK0   BANK1   BANK2   BANK3   BANK4   BANK5   BANK6
      Params:         0       2       0       0       0       0       0       0
      Locals:         1       0       0       0       0       0       0       0
      Temps:          1       0       0       0       0       0       0       0
      Totals:         2       2       0       0       0       0       0       0
Total ram usage:        4 bytes
 Hardware stack levels used:    1
 Hardware stack levels required when called:    4
 This function calls:
		Nothing
 This function is called by:
		_lowBattery
		_startUp
		_selectSomething
		_selectFrequency
		_selectCurrent
		_process_remote_command
 This function uses a non-reentrant model


 *************** function _initLED *****************
 Defined at:
		line 116 in file "main.c"
 Parameters:    Size  Location     Type
		None
 Auto vars:     Size  Location     Type
		None
 Return value:  Size  Location     Type
                  1    wreg      void 
 Registers used:
		wreg, status,2, status,0
 Tracked objects:
		On entry : 
		On exit  : 
		Unchanged: 
 Data sizes:     COMMON   BANK0   BANK1   BANK2   BANK3   BANK4   BANK5   BANK6
      Params:         0       0       0       0       0       0       0       0
      Locals:         0       0       0       0       0       0       0       0
      Temps:          1       0       0       0       0       0       0       0
      Totals:         1       0       0       0       0       0       0       0
Total ram usage:        1 bytes
 Hardware stack levels used:    1
 Hardware stack levels required when called:    4
 This function calls:
		Nothing
 This function is called by:
		_main
 This function uses a non-reentrant model


 *************** function _SYSTEM_Initialize *****************
 Defined at:
		line 50 in file "mcc_generated_files/mcc.c"
 Parameters:    Size  Location     Type
		None
 Auto vars:     Size  Location     Type
		None
 Return value:  Size  Location     Type
                  1    wreg      void 
 Registers used:
		wreg, status,2, status,0, pclath, cstack
 Tracked objects:
		On entry : 
		On exit  : 
		Unchanged: 
 Data sizes:     COMMON   BANK0   BANK1   BANK2   BANK3   BANK4   BANK5   BANK6
      Params:         0       0       0       0       0       0       0       0
      Locals:         0       0       0       0       0       0       0       0
      Temps:          0       0       0       0       0       0       0       0
      Totals:         0       0       0       0       0       0       0       0
Total ram usage:        0 bytes
 Hardware stack levels used:    1
 Hardware stack levels required when called:    6
 This function calls:
		_DAC_Initialize
		_EUSART_Initialize
		_EXT_INT_Initialize
		_OPA1_Initialize
		_OPA2_Initialize
		_OSCILLATOR_Initialize
		_PIN_MANAGER_Initialize
		_TMR0_Initialize
		_TMR2_Initialize
		_WDT_Initialize
 This function is called by:
		_main
 This function uses a non-reentrant model


 *************** function _WDT_Initialize *****************
 Defined at:
		line 77 in file "mcc_generated_files/mcc.c"
 Parameters:    Size  Location     Type
		None
 Auto vars:     Size  Location     Type
		None
 Return value:  Size  Location     Type
                  1    wreg      void 
 Registers used:
		wreg
 Tracked objects:
		On entry : 
		On exit  : 
		Unchanged: 
 Data sizes:     COMMON   BANK0   BANK1   BANK2   BANK3   BANK4   BANK5   BANK6
      Params:         0       0       0       0       0       0       0       0
      Locals:         0       0       0       0       0       0       0       0
      Temps:          0       0       0       0       0       0       0       0
      Totals:         0       0       0       0       0       0       0       0
Total ram usage:        0 bytes
 Hardware stack levels used:    1
 Hardware stack levels required when called:    4
 This function calls:
		Nothing
 This function is called by:
		_SYSTEM_Initialize
 This function uses a non-reentrant model


 *************** function _TMR2_Initialize *****************
 Defined at:
		line 62 in file "mcc_generated_files/tmr2.c"
 Parameters:    Size  Location     Type
		None
 Auto vars:     Size  Location     Type
		None
 Return value:  Size  Location     Type
                  1    wreg      void 
 Registers used:
		wreg, status,2
 Tracked objects:
		On entry : 
		On exit  : 
		Unchanged: 
 Data sizes:     COMMON   BANK0   BANK1   BANK2   BANK3   BANK4   BANK5   BANK6
      Params:         0       0       0       0       0       0       0       0
      Locals:         0       0       0       0       0       0       0       0
      Temps:          0       0       0       0       0       0       0       0
      Totals:         0       0       0       0       0       0       0       0
Total ram usage:        0 bytes
 Hardware stack levels used:    1
 Hardware stack levels required when called:    4
 This function calls:
		Nothing
 This function is called by:
		_SYSTEM_Initialize
[...]
 Hardware stack levels required when called:    4
 This function calls:
		Nothing
 This function is called by:
		_SYSTEM_Initialize
 This function uses a non-reentrant model


 *************** function _OSCILLATOR_Initialize *****************
 Defined at:
		line 65 in file "mcc_generated_files/mcc.c"
 Parameters:    Size  Location     Type
		None
 Auto vars:     Size  Location     Type
		None
 Return value:  Size  Location     Type
                  1    wreg      void 
 Registers used:
		wreg, status,2
 Tracked objects:
		On entry : 
		On exit  : 
		Unchanged: 
 Data sizes:     COMMON   BANK0   BANK1   BANK2   BANK3   BANK4   BANK5   BANK6
      Params:         0       0       0       0       0       0       0       0
      Locals:         0       0       0       0       0       0       0       0
      Temps:          0       0       0       0       0       0       0       0
      Totals:         0       0       0       0       0       0       0       0
Total ram usage:        0 bytes
 Hardware stack levels used:    1
 Hardware stack levels required when called:    4
 This function calls:
		Nothing
 This function is called by:
		_SYSTEM_Initialize
 This function uses a non-reentrant model


 *************** function _OPA2_Initialize *****************
 Defined at:
		line 58 in file "mcc_generated_files/opa2.c"
 Parameters:    Size  Location     Type
		None
 Auto vars:     Size  Location     Type
		None
 Return value:  Size  Location     Type
                  1    wreg      void 
 Registers used:
		wreg
 Tracked objects:
		On entry : 
		On exit  : 
		Unchanged: 
 Data sizes:     COMMON   BANK0   BANK1   BANK2   BANK3   BANK4   BANK5   BANK6
      Params:         0       0       0       0       0       0       0       0
      Locals:         0       0       0       0       0       0       0       0
      Temps:          0       0       0       0       0       0       0       0
      Totals:         0       0       0       0       0       0       0       0
Total ram usage:        0 bytes
 Hardware stack levels used:    1
 Hardware stack levels required when called:    4
 This function calls:
		Nothing
 This function is called by:
		_SYSTEM_Initialize
		_main
 This function uses a non-reentrant model


 *************** function _OPA1_Initialize *****************
 Defined at:
		line 58 in file "mcc_generated_files/opa1.c"
 Parameters:    Size  Location     Type
		None
 Auto vars:     Size  Location     Type
		None
 Return value:  Size  Location     Type
                  1    wreg      void 
 Registers used:
		wreg
 Tracked objects:
		On entry : 
		On exit  : 
		Unchanged: 
 Data sizes:     COMMON   BANK0   BANK1   BANK2   BANK3   BANK4   BANK5   BANK6
      Params:         0       0       0       0       0       0       0       0
      Locals:         0       0       0       0       0       0       0       0
      Temps:          0       0       0       0       0       0       0       0
      Totals:         0       0       0       0       0       0       0       0
Total ram usage:        0 bytes
 Hardware stack levels used:    1
 Hardware stack levels required when called:    4
 This function calls:
		Nothing
 This function is called by:
		_SYSTEM_Initialize
		_main
 This function uses a non-reentrant model


 *************** function _EXT_INT_Initialize *****************
 Defined at:
		line 132 in file "mcc_generated_files/ext_int.c"
 Parameters:    Size  Location     Type
		None
 Auto vars:     Size  Location     Type
		None
 Return value:  Size  Location     Type
                  1    wreg      void 
 Registers used:
		wreg, status,2, status,0, pclath, cstack
 Tracked objects:
		On entry : 
		On exit  : 
		Unchanged: 
 Data sizes:     COMMON   BANK0   BANK1   BANK2   BANK3   BANK4   BANK5   BANK6
      Params:         0       0       0       0       0       0       0       0
      Locals:         0       0       0       0       0       0       0       0
      Temps:          0       0       0       0       0       0       0       0
      Totals:         0       0       0       0       0       0       0       0
Total ram usage:        0 bytes
 Hardware stack levels used:    1
 Hardware stack levels required when called:    5
 This function calls:
		_INT_SetInterruptHandler
 This function is called by:
		_SYSTEM_Initialize
 This function uses a non-reentrant model


 *************** function _INT_SetInterruptHandler *****************
 Defined at:
		line 71 in file "mcc_generated_files/ext_int.c"
 Parameters:    Size  Location     Type
  InterruptHan    2    0[BANK0 ] PTR FTN()void 
		 -> INT_DefaultInterruptHandler(1), 
 Auto vars:     Size  Location     Type
		None
 Return value:  Size  Location     Type
                  1    wreg      void 
 Registers used:
		wreg
 Tracked objects:
		On entry : 
		On exit  : 
		Unchanged: 
 Data sizes:     COMMON   BANK0   BANK1   BANK2   BANK3   BANK4   BANK5   BANK6
      Params:         0       2       0       0       0       0       0       0
      Locals:         0       0       0       0       0       0       0       0
      Temps:          0       0       0       0       0       0       0       0
      Totals:         0       2       0       0       0       0       0       0
Total ram usage:        2 bytes
 Hardware stack levels used:    1
 Hardware stack levels required when called:    4
 This function calls:
		Nothing
 This function is called by:
		_EXT_INT_Initialize
 This function uses a non-reentrant model


 *************** function _EUSART_Initialize *****************
 Defined at:
		line 66 in file "mcc_generated_files/eusart.c"
 Parameters:    Size  Location     Type
		None
 Auto vars:     Size  Location     Type
		None
 Return value:  Size  Location     Type
                  1    wreg      void 
 Registers used:
		wreg, status,2, status,0, pclath, cstack
 Tracked objects:
		On entry : 
		On exit  : 
		Unchanged: 
 Data sizes:     COMMON   BANK0   BANK1   BANK2   BANK3   BANK4   BANK5   BANK6
      Params:         0       0       0       0       0       0       0       0
      Locals:         0       0       0       0       0       0       0       0
      Temps:          0       0       0       0       0       0       0       0
      Totals:         0       0       0       0       0       0       0       0
Total ram usage:        0 bytes
 Hardware stack levels used:    1
 Hardware stack levels required when called:    5
 This function calls:
		_EUSART_SetErrorHandler
		_EUSART_SetFramingErrorHandler
		_EUSART_SetOverrunErrorHandler
 This function is called by:
		_SYSTEM_Initialize
 This function uses a non-reentrant model


 *************** function _EUSART_SetOverrunErrorHandler *****************
 Defined at:
		line 170 in file "mcc_generated_files/eusart.c"
 Parameters:    Size  Location     Type
  interruptHan    2    0[BANK0 ] PTR FTN()void 
		 -> EUSART_DefaultOverrunErrorHandler(1), 
 Auto vars:     Size  Location     Type
		None
 Return value:  Size  Location     Type
                  1    wreg      void 
 Registers used:
		wreg
 Tracked objects:
		On entry : 
		On exit  : 
		Unchanged: 
 Data sizes:     COMMON   BANK0   BANK1   BANK2   BANK3   BANK4   BANK5   BANK6
      Params:         0       2       0       0       0       0       0       0
      Locals:         0       0       0       0       0       0       0       0
      Temps:          0       0       0       0       0       0       0       0
      Totals:         0       2       0       0       0       0       0       0
Total ram usage:        2 bytes
 Hardware stack levels used:    1
 Hardware stack levels required when called:    4
 This function calls:
		Nothing
 This function is called by:
		_EUSART_Initialize
 This function uses a non-reentrant model


 *************** function _EUSART_SetFramingErrorHandler *****************
 Defined at:
		line 166 in file "mcc_generated_files/eusart.c"
 Parameters:    Size  Location     Type
  interruptHan    2    0[BANK0 ] PTR FTN()void 
		 -> EUSART_DefaultFramingErrorHandler(1), 
 Auto vars:     Size  Location     Type
		None
 Return value:  Size  Location     Type
                  1    wreg      void 
 Registers used:
		wreg
 Tracked objects:
		On entry : 
		On exit  : 
		Unchanged: 
 Data sizes:     COMMON   BANK0   BANK1   BANK2   BANK3   BANK4   BANK5   BANK6
      Params:         0       2       0       0       0       0       0       0
      Locals:         0       0       0       0       0       0       0       0
      Temps:          0       0       0       0       0       0       0       0
      Totals:         0       2       0       0       0       0       0       0
Total ram usage:        2 bytes
 Hardware stack levels used:    1
 Hardware stack levels required when called:    4
 This function calls:
		Nothing
 This function is called by:
		_EUSART_Initialize
 This function uses a non-reentrant model


 *************** function _EUSART_SetErrorHandler *****************
 Defined at:
		line 174 in file "mcc_generated_files/eusart.c"
 Parameters:    Size  Location     Type
  interruptHan    2    0[BANK0 ] PTR FTN()void 
		 -> EUSART_DefaultErrorHandler(1), 
 Auto vars:     Size  Location     Type
		None
 Return value:  Size  Location     Type
                  1    wreg      void 
 Registers used:
		wreg
 Tracked objects:
		On entry : 
		On exit  : 
		Unchanged: 
 Data sizes:     COMMON   BANK0   BANK1   BANK2   BANK3   BANK4   BANK5   BANK6
      Params:         0       2       0       0       0       0       0       0
      Locals:         0       0       0       0       0       0       0       0
      Temps:          0       0       0       0       0       0       0       0
      Totals:         0       2       0       0       0       0       0       0
Total ram usage:        2 bytes
 Hardware stack levels used:    1
 Hardware stack levels required when called:    4
 This function calls:
		Nothing
 This function is called by:
		_EUSART_Initialize
 This function uses a non-reentrant model


 *************** function _DAC_Initialize *****************
 Defined at:
		line 58 in file "mcc_generated_files/dac.c"
 Parameters:    Size  Location     Type
		None
 Auto vars:     Size  Location     Type
		None
 Return value:  Size  Location     Type
                  1    wreg      void 
 Registers used:
		wreg
 Tracked objects:
		On entry : 
		On exit  : 
		Unchanged: 
 Data sizes:     COMMON   BANK0   BANK1   BANK2   BANK3   BANK4   BANK5   BANK6
      Params:         0       0       0       0       0       0       0       0
      Locals:         0       0       0       0       0       0       0       0
      Temps:          0       0       0       0       0       0       0       0
      Totals:         0       0       0       0       0       0       0       0
Total ram usage:        0 bytes
 Hardware stack levels used:    1
 Hardware stack levels required when called:    4
 This function calls:
		Nothing
 This function is called by:
		_SYSTEM_Initialize
		_main
 This function uses a non-reentrant model


 *************** function _INTERRUPT_InterruptManager *****************
 Defined at:
		line 52 in file "mcc_generated_files/interrupt_manager.c"
 Parameters:    Size  Location     Type
		None
 Auto vars:     Size  Location     Type
		None
 Return value:  Size  Location     Type
                  1    wreg      void 
 Registers used:
		wreg, fsr0l, fsr0h, fsr1l, fsr1h, status,2, status,0, pclath, cstack
 Tracked objects:
		On entry : 
		On exit  : 
		Unchanged: 
 Data sizes:     COMMON   BANK0   BANK1   BANK2   BANK3   BANK4   BANK5   BANK6
      Params:         0       0       0       0       0       0       0       0
      Locals:         0       0       0       0       0       0       0       0
      Temps:          1       0       0       0       0       0       0       0
      Totals:         1       0       0       0       0       0       0       0
Total ram usage:        1 bytes
 Hardware stack levels used:    1
 Hardware stack levels required when called:    3
 This function calls:
		_INT_ISR
		_PIN_MANAGER_IOC
 This function is called by:
		Interrupt level 1
 This function uses a non-reentrant model


 *************** function _PIN_MANAGER_IOC *****************
 Defined at:
		line 121 in file "mcc_generated_files/pin_manager.c"
 Parameters:    Size  Location     Type
		None
 Auto vars:     Size  Location     Type
		None
 Return value:  Size  Location     Type
                  1    wreg      void 
 Registers used:
		None
 Tracked objects:
		On entry : 
		On exit  : 
		Unchanged: 
 Data sizes:     COMMON   BANK0   BANK1   BANK2   BANK3   BANK4   BANK5   BANK6
      Params:         0       0       0       0       0       0       0       0
      Locals:         0       0       0       0       0       0       0       0
      Temps:          0       0       0       0       0       0       0       0
      Totals:         0       0       0       0       0       0       0       0
Total ram usage:        0 bytes
 Hardware stack levels used:    1
 This function calls:
		Nothing
 This function is called by:
		_INTERRUPT_InterruptManager
 This function uses a non-reentrant model


 *************** function _INT_ISR *****************
 Defined at:
		line 54 in file "mcc_generated_files/ext_int.c"
 Parameters:    Size  Location     Type
		None
 Auto vars:     Size  Location     Type
		None
 Return value:  Size  Location     Type
                  1    wreg      void 
 Registers used:
		wreg, fsr0l, fsr0h, fsr1l, fsr1h, status,2, status,0, pclath, cstack
 Tracked objects:
		On entry : 
		On exit  : 
		Unchanged: 
 Data sizes:     COMMON   BANK0   BANK1   BANK2   BANK3   BANK4   BANK5   BANK6
      Params:         0       0       0       0       0       0       0       0
      Locals:         0       0       0       0       0       0       0       0
      Temps:          0       0       0       0       0       0       0       0
      Totals:         0       0       0       0       0       0       0       0
Total ram usage:        0 bytes
 Hardware stack levels used:    1
 Hardware stack levels required when called:    2
 This function calls:
		_INT_CallBack
 This function is called by:
		_INTERRUPT_InterruptManager
 This function uses a non-reentrant model


 *************** function _INT_CallBack *****************
 Defined at:
		line 62 in file "mcc_generated_files/ext_int.c"
 Parameters:    Size  Location     Type
		None
 Auto vars:     Size  Location     Type
		None
 Return value:  Size  Location     Type
                  1    wreg      void 
 Registers used:
		wreg, fsr0l, fsr0h, fsr1l, fsr1h, status,2, status,0, pclath, cstack
 Tracked objects:
		On entry : 
		On exit  : 
		Unchanged: 
 Data sizes:     COMMON   BANK0   BANK1   BANK2   BANK3   BANK4   BANK5   BANK6
      Params:         0       0       0       0       0       0       0       0
      Locals:         0       0       0       0       0       0       0       0
      Temps:          0       0       0       0       0       0       0       0
      Totals:         0       0       0       0       0       0       0       0
Total ram usage:        0 bytes
 Hardware stack levels used:    1
 Hardware stack levels required when called:    1
 This function calls:
		Absolute function
		_INT_DefaultInterruptHandler
 This function is called by:
		_INT_ISR
 This function uses a non-reentrant model


 *************** function _INT_DefaultInterruptHandler *****************
 Defined at:
		line 75 in file "mcc_generated_files/ext_int.c"
 Parameters:    Size  Location     Type
		None
 Auto vars:     Size  Location     Type
  time            1    1[COMMON] unsigned char 
 Return value:  Size  Location     Type
                  1    wreg      void 
 Registers used:
		wreg, fsr0l, fsr0h, fsr1l, fsr1h, status,2, status,0
 Tracked objects:
		On entry : 
		On exit  : 
		Unchanged: 
 Data sizes:     COMMON   BANK0   BANK1   BANK2   BANK3   BANK4   BANK5   BANK6
      Params:         0       0       0       0       0       0       0       0
      Locals:         1       0       0       0       0       0       0       0
      Temps:          1       0       0       0       0       0       0       0
      Totals:         2       0       0       0       0       0       0       0
Total ram usage:        2 bytes
 Hardware stack levels used:    1
 This function calls:
		Nothing
 This function is called by:
		_EXT_INT_Initialize
		_INT_CallBack
 This function uses a non-reentrant model



MODULE INFORMATION

Module		Function		Class		Link	Load	Size
mcc_generated_files/opa2.c
		_OPA2_Initialize		CODE           	06F4	0000	5

mcc_generated_files/opa2.c estimated size: 5

/Applications/microchip/xc8/v1.45/sources/common/doprnt.c
		_printf        		CODE           	0615	0000	30

/Applications/microchip/xc8/v1.45/sources/common/doprnt.c estimated size: 30

mcc_generated_files/tmr2.c
		_TMR2_Initialize		CODE           	06AD	0000	9

mcc_generated_files/tmr2.c estimated size: 9

mcc_generated_files/interrupt_manager.c
		_INTERRUPT_InterruptManager		CODE           	0004	0000	23

mcc_generated_files/interrupt_manager.c estimated size: 23

mcc_generated_files/tmr0.c
		_TMR0_Initialize		CODE           	069B	0000	11

mcc_generated_files/tmr0.c estimated size: 11

mcc_generated_files/pin_manager.c
		_PIN_MANAGER_Initialize		CODE           	046F	0000	52
		_PIN_MANAGER_IOC		CODE           	0700	0000	2

mcc_generated_files/pin_manager.c estimated size: 54

/Applications/microchip/xc8/v1.45/sources/common/awdiv.c
		___awdiv       		CODE           	0340	0000	83

/Applications/microchip/xc8/v1.45/sources/common/awdiv.c estimated size: 83

/Applications/microchip/xc8/v1.45/sources/common/lldiv.c
		___lldiv       		CODE           	02ED	0000	84

/Applications/microchip/xc8/v1.45/sources/common/lldiv.c estimated size: 84

/Applications/microchip/xc8/v1.45/sources/common/aldiv.c
		___aldiv       		CODE           	0204	0000	131

/Applications/microchip/xc8/v1.45/sources/common/aldiv.c estimated size: 131

mcc_generated_files/ext_int.c
		_INT_DefaultInterruptHandler		CODE           	0286	0000	104
		_EXT_INT_Initialize		CODE           	0684	0000	13
		_INT_SetInterruptHandler		CODE           	06C9	0000	7
		_INT_CallBack  		CODE           	0690	0000	12
		_INT_ISR       		CODE           	06FC	0000	5

mcc_generated_files/ext_int.c estimated size: 141

mcc_generated_files/opa1.c
		_OPA1_Initialize		CODE           	06F8	0000	5

mcc_generated_files/opa1.c estimated size: 5

shared
		__initialization		CODE           	001C	0000	45

shared estimated size: 45

mcc_generated_files/mcc.c
		_WDT_Initialize		CODE           	06F0	0000	5
		_OSCILLATOR_Initialize		CODE           	06B5	0000	9
		_SYSTEM_Initialize		CODE           	05F7	0000	31

mcc_generated_files/mcc.c estimated size: 45

/Applications/microchip/xc8/v1.45/sources/common/Umul32.c
		___lmul        		CODE           	04D4	0000	49

/Applications/microchip/xc8/v1.45/sources/common/Umul32.c estimated size: 49

mcc_generated_files/eusart.c
		_putch         		CODE           	06E7	0000	6
		_EUSART_Write  		CODE           	06A5	0000	9
		_EUSART_Initialize		CODE           	05B1	0000	37
		_EUSART_SetFramingErrorHandler		CODE           	06D5	0000	7
		_EUSART_SetErrorHandler		CODE           	06DB	0000	7
		_EUSART_SetOverrunErrorHandler		CODE           	06CF	0000	7

mcc_generated_files/eusart.c estimated size: 73

mcc_generated_files/dac.c
		_DAC_Initialize		CODE           	06E1	0000	7

mcc_generated_files/dac.c estimated size: 7

main.c
		_setCurrent    		CODE           	0161	0000	164
		_process_remote_command		CODE           	004C	0000	278
		_startUp       		CODE           	03E3	0000	73
		_main          		CODE           	04A2	0000	51
		_setLEDColor   		CODE           	0632	0000	28
		_selectSomething		CODE           	0392	0000	82
		_selectFrequency		CODE           	055F	0000	43
		_battery_voltage		CODE           	0504	0000	47
		_initLED       		CODE           	042B	0000	69
		_lowBattery    		CODE           	0532	0000	46
		_selectCurrent 		CODE           	0589	0000	41

main.c estimated size: 922

