Microchip MPLAB XC8 Compiler V2.20

Linker command line:

-W-3 --edf=/opt/microchip/xc8/v2.20/pic/dat/en_msgs.txt -cn \
  -h+dist/default/production/MouseBrains2.X.production.sym \
  --cmf=dist/default/production/MouseBrains2.X.production.cmf -z -Q16LF1708 \
  -o/tmp/xcXaEFcee --defsym=__MPLAB_BUILD=1 \
  -Mdist/default/production/MouseBrains2.X.production.map -E1 \
  -ver=XC8 Compiler -ASTACK=02099h-021EFh -pstack=STACK -ACODE=00h-07FFhx2 \
  -ASTRCODE=00h-0FFFh -ASTRING=00h-0FFhx16 -ACONST=00h-0FFhx16 \
  -AENTRY=00h-0FFhx16 -ACOMMON=070h-07Fh -ABANK0=020h-06Fh \
  -ABANK1=0A0h-0EFh -ABANK2=0120h-016Fh -ABANK3=01A0h-01EFh \
  -ABANK4=0220h-026Fh -ABANK5=02A0h-02EFh -ABANK6=0320h-032Fh \
  -ABIGRAM=02000h-021EFh \
  -ARAM=020h-06Fh,0A0h-0EFh,0120h-016Fh,01A0h-01EFh,0220h-026Fh,02A0h-02EFh,0320h-032Fh \
  -AABS1=020h-07Fh,0A0h-0EFh,0120h-016Fh,01A0h-01EFh,0220h-026Fh,02A0h-02EFh,0320h-032Fh \
  -ASFR0=00h-01Fh -ASFR1=080h-09Fh -ASFR2=0100h-011Fh -ASFR3=0180h-019Fh \
  -ASFR4=0200h-021Fh -ASFR5=0280h-029Fh -ASFR6=0300h-031Fh \
  -ASFR7=0380h-03EFh -ASFR8=0400h-046Fh -ASFR9=0480h-04EFh \
  -ASFR10=0500h-056Fh -ASFR11=0580h-05EFh -ASFR12=0600h-066Fh \
  -ASFR13=0680h-06EFh -ASFR14=0700h-076Fh -ASFR15=0780h-07EFh \
  -ASFR16=0800h-086Fh -ASFR17=0880h-08EFh -ASFR18=0900h-096Fh \
  -ASFR19=0980h-09EFh -ASFR20=0A00h-0A6Fh -ASFR21=0A80h-0AEFh \
  -ASFR22=0B00h-0B6Fh -ASFR23=0B80h-0BEFh -ASFR24=0C00h-0C6Fh \
  -ASFR25=0C80h-0CEFh -ASFR26=0D00h-0D6Fh -ASFR27=0D80h-0DEFh \
  -ASFR28=0E00h-0E6Fh -ASFR29=0E80h-0EEFh -ASFR30=0F00h-0F6Fh \
  -ASFR31=0F80h-0FEFh -ACONFIG=08007h-08008h -DCONFIG=2 \
  -AIDLOC=08000h-08003h -DIDLOC=2 \
  -preset_vec=00h,intentry=04h,init,end_init -ppowerup=CODE -pcinit=CODE \
  -pfunctab=ENTRY -DCODE=2 -DSTRCODE=2 -DSTRING=2 -DCONST=2 -DENTRY=2 -k \
  /tmp/xcXjcgmHl.o dist/default/production/MouseBrains2.X.production.o 

Object code version is 3.11

Machine type is 16LF1708



                Name                               Link     Load   Length Selector   Space Scale
/tmp/xcXjcgmHl.o
                end_init                             27       27        2        8       0
                reset_vec                             0        0        2        0       0
                config                             8007     8007        2        0       4
dist/default/production/MouseBrains2.X.production.o
                cinit                                29       29       35        8       0
                intentry                              4        4       23        8       0
                config                             8007     8007        2        0       4
                text45                              27C      27C       64        8       0
                text44                              70F      70F        B      DD4       0
                text43                              77F      77F        4      DD4       0
                text42                              785      785        1      DD4       0
                text41                              784      784        1      DD4       0
                text40                              6EA      6EA        E      DD4       0
                text39                              678      678       17        8       0
                text38                              704      704        B      DD4       0
                text36                              755      755        6      DD4       0
                text35                              73A      73A        8      DD4       0
                text34                              732      732        8      DD4       0
                text33                              72A      72A        8      DD4       0
                text32                              5DD      5DD       24        8       0
                text31                              76A      76A        5      DD4       0
                text30                              6F8      6F8        C      DD4       0
                text29                              77B      77B        4      DD4       0
                text28                              777      777        4      DD4       0
                text27                              722      722        8      DD4       0
                text26                              4A2      4A2       33        8       0
                text25                              765      765        5      DD4       0
                text24                              6CA      6CA       11      D6E       0
                text23                              71A      71A        8      DD4       0
                text22                              760      760        5      DD4       0
                text21                              6B7      6B7       13      D6E       0
                text20                              773      773        4      DD4       0
                text19                              623      623       21        8       0
                text18                              421      421       44        8       0
                text17                              660      660       18        8       0
                text16                              560      560       2D        8       0
                text15                              1FB      1FB       81        8       0
                text14                              533      533       2D        8       0
                text13                              742      742        7      DD4       0
                text12                              75B      75B        5      DD4       0
                text11                              644      644       1C        8       0
                text10                              5B6      5B6       27        8       0
                text9                               58D      58D       29        8       0
                text8                               383      383       50        8       0
                text7                               332      332       51        8       0
                text6                               2E0      2E0       52        8       0
                text5                               504      504       2F        8       0
                text4                               160      160       9B        8       0
                text3                               3D3      3D3       4E        8       0
                text2                                5E       5E      102        8       0
                text1                               465      465       3D        8       0
                maintext                            4D5      4D5       2F        8       0
                cstackBANK0                          20       20       2E       20       1
                cstackCOMMON                         76       76        5       70       1
                clrtext                             74F      74F        6      DD4       0
                inittext                            749      749        6      DD4       0
                dataBANK1                            A0       A0       22       A0       1
                bssBANK1                             C2       C2       21       A0       1
                dataBANK0                            69       69        4       20       1
                bssBANK0                             4E       4E       15       20       1
                dataCOMMON                           7B       7B        1       70       1
                bssCOMMON                            70       70        6       70       1
                stringtext3                         6DB      6DB        F      DB6       0
                stringtext2                         6A4      6A4       13      D1E       0
                stringtext1                         68F      68F       15      D1E       0
                nvBANK1                              E3       E3        6       A0       1
                nvBANK0                              63       63        6       20       1
                idataBANK1                          601      601       22        8       0
                idataBANK0                          76F      76F        4      DD4       0
                idataCOMMON                         783      783        1      DD4       0

TOTAL           Name                               Link     Load   Length     Space
        CLASS   STACK          

        CLASS   CODE           
                end_init                             27       27        2         0
                cinit                                29       29       35         0
                intentry                              4        4       23         0
                reset_vec                             0        0        2         0
                text45                              27C      27C       64         0
                text44                              70F      70F        B         0
                text43                              77F      77F        4         0
                text42                              785      785        1         0
                text41                              784      784        1         0
                text40                              6EA      6EA        E         0
                text39                              678      678       17         0
                text38                              704      704        B         0
                text36                              755      755        6         0
                text35                              73A      73A        8         0
                text34                              732      732        8         0
                text33                              72A      72A        8         0
                text32                              5DD      5DD       24         0
                text31                              76A      76A        5         0
                text30                              6F8      6F8        C         0
                text29                              77B      77B        4         0
                text28                              777      777        4         0
                text27                              722      722        8         0
                text26                              4A2      4A2       33         0
                text25                              765      765        5         0
                text24                              6CA      6CA       11         0
                text23                              71A      71A        8         0
                text22                              760      760        5         0
                text21                              6B7      6B7       13         0
                text20                              773      773        4         0
                text19                              623      623       21         0
                text18                              421      421       44         0
                text17                              660      660       18         0
                text16                              560      560       2D         0
                text15                              1FB      1FB       81         0
                text14                              533      533       2D         0
                text13                              742      742        7         0
                text12                              75B      75B        5         0
                text11                              644      644       1C         0
                text10                              5B6      5B6       27         0
                text9                               58D      58D       29         0
                text8                               383      383       50         0
                text7                               332      332       51         0
                text6                               2E0      2E0       52         0
                text5                               504      504       2F         0
                text4                               160      160       9B         0
                text3                               3D3      3D3       4E         0
                text2                                5E       5E      102         0
                text1                               465      465       3D         0
                maintext                            4D5      4D5       2F         0
                clrtext                             74F      74F        6         0
                inittext                            749      749        6         0
                idataBANK1                          601      601       22         0
                idataBANK0                          76F      76F        4         0
                idataCOMMON                         783      783        1         0

        CLASS   STRCODE        
                stringtext3                         6DB      6DB        F         0
                stringtext2                         6A4      6A4       13         0
                stringtext1                         68F      68F       15         0

        CLASS   STRING         

        CLASS   CONST          

        CLASS   ENTRY          

        CLASS   COMMON         
                cstackCOMMON                         76       76        5         1
                dataCOMMON                           7B       7B        1         1
                bssCOMMON                            70       70        6         1

        CLASS   BANK0          
                cstackBANK0                          20       20       2E         1
                dataBANK0                            69       69        4         1
                bssBANK0                             4E       4E       15         1
                nvBANK0                              63       63        6         1

        CLASS   BANK1          
                dataBANK1                            A0       A0       22         1
                bssBANK1                             C2       C2       21         1
                nvBANK1                              E3       E3        6         1

        CLASS   BANK2          

        CLASS   BANK3          

        CLASS   BANK4          

        CLASS   BANK5          

        CLASS   BANK6          

        CLASS   BIGRAM         

        CLASS   RAM            

        CLASS   ABS1           
                abs_s1                               7E       7E        2         1

        CLASS   SFR0           

        CLASS   SFR1           

        CLASS   SFR2           

        CLASS   SFR3           

        CLASS   SFR4           

        CLASS   SFR5           

        CLASS   SFR6           

        CLASS   SFR7           

        CLASS   SFR8           

        CLASS   SFR9           

        CLASS   SFR10          

        CLASS   SFR11          

        CLASS   SFR12          

        CLASS   SFR13          

        CLASS   SFR14          

        CLASS   SFR15          

        CLASS   SFR16          

        CLASS   SFR17          

        CLASS   SFR18          

        CLASS   SFR19          

        CLASS   SFR20          

        CLASS   SFR21          

        CLASS   SFR22          

        CLASS   SFR23          

        CLASS   SFR24          

        CLASS   SFR25          

        CLASS   SFR26          

        CLASS   SFR27          

        CLASS   SFR28          

        CLASS   SFR29          

        CLASS   SFR30          

        CLASS   SFR31          

        CLASS   CONFIG         
                config                             8007     8007        2         4

        CLASS   IDLOC          

        CLASS   BANK31         

        CLASS   BANK30         

        CLASS   BANK29         

        CLASS   BANK28         

        CLASS   BANK27         

        CLASS   BANK26         

        CLASS   BANK25         

        CLASS   BANK24         

        CLASS   BANK23         

        CLASS   BANK22         

        CLASS   BANK21         

        CLASS   BANK20         

        CLASS   BANK19         

        CLASS   BANK18         

        CLASS   BANK17         

        CLASS   BANK16         

        CLASS   BANK15         

        CLASS   BANK14         

        CLASS   BANK13         

        CLASS   BANK12         

        CLASS   BANK11         

        CLASS   BANK10         

        CLASS   BANK9          

        CLASS   BANK8          

        CLASS   BANK7          

        CLASS   EEDATA         



SEGMENTS        Name                           Load    Length   Top    Selector   Space  Class     Delta

                reset_vec                      000000  000002  000002         0       0  CODE        2
                text21                         0006B7  000024  0006DB       D6E       0  CODE        2
                stringtext1                    00068F  000028  0006B7       D1E       0  STRCODE     2
                text40                         0006EA  00009C  000786       DD4       0  CODE        2
                stringtext3                    0006DB  00000F  0006EA       DB6       0  STRCODE     2
                bssCOMMON                      000070  00000C  00007C        70       1  COMMON      1
                cstackBANK0                    000020  00004D  00006D        20       1  BANK0       1
                intentry                       000004  00068B  00068F         8       0  CODE        2
                dataBANK1                      0000A0  000049  0000E9        A0       1  BANK1       1


UNUSED ADDRESS RANGES

        Name                Unused          Largest block    Delta
        BANK0            0006D-0006F               3           1
        BANK1            000E9-000EF               7           1
        BANK2            00120-0016F              50           1
        BANK3            001A0-001EF              50           1
        BANK4            00220-0026F              50           1
        BANK5            002A0-002EF              50           1
        BANK6            00320-0032F              10           1
        BIGRAM           02000-021EF             1F0           1
        CODE             00002-00003               2           2
                         00786-00FFF              7A
        COMMON           0007C-0007D               2           1
        CONST            00002-00003               2           2
                         00786-00FFF             100
        ENTRY            00002-00003               2           2
                         00786-00FFF             100
        IDLOC            08000-08003               4           2
        RAM              0006D-0006F               3           1
                         000E9-000EF               7
                         00120-0016F              50
                         001A0-001EF              50
                         00220-0026F              50
                         002A0-002EF              50
                         00320-0032F              10
        SFR0             00000-0001F              20           1
        SFR1             00080-0009F              20           1
        SFR10            00500-0056F              70           1
        SFR11            00580-005EF              70           1
        SFR12            00600-0066F              70           1
        SFR13            00680-006EF              70           1
        SFR14            00700-0076F              70           1
        SFR15            00780-007EF              70           1
        SFR16            00800-0086F              70           1
        SFR17            00880-008EF              70           1
        SFR18            00900-0096F              70           1
        SFR19            00980-009EF              70           1
        SFR2             00100-0011F              20           1
        SFR20            00A00-00A6F              70           1
        SFR21            00A80-00AEF              70           1
        SFR22            00B00-00B6F              70           1
        SFR23            00B80-00BEF              70           1
        SFR24            00C00-00C6F              70           1
        SFR25            00C80-00CEF              70           1
        SFR26            00D00-00D6F              70           1
        SFR27            00D80-00DEF              70           1
        SFR28            00E00-00E6F              70           1
        SFR29            00E80-00EEF              70           1
        SFR3             00180-0019F              20           1
        SFR30            00F00-00F6F              70           1
        SFR31            00F80-00FEF              70           1
        SFR4             00200-0021F              20           1
        SFR5             00280-0029F              20           1
        SFR6             00300-0031F              20           1
        SFR7             00380-003EF              70           1
        SFR8             00400-0046F              70           1
        SFR9             00480-004EF              70           1
        STACK            02099-021EF             157           1
        STRCODE          00002-00003               2           2
                         00786-00FFF             87A
        STRING           00002-00003               2           2
                         00786-00FFF             100

                                  Symbol Table

?___aldiv                                      cstackBANK0  0002C
?___awdiv                                      cstackBANK0  00020
?___lldiv                                      cstackBANK0  0002C
?___lmul                                       cstackBANK0  00020
?_battery_voltage                              cstackBANK0  0003A
?_printf                                       cstackBANK0  00020
EUSART_SetErrorHandler@interruptHandler        cstackBANK0  00020
EUSART_SetFramingErrorHandler@interruptHandler cstackBANK0  00020
EUSART_SetOverrunErrorHandler@interruptHandler cstackBANK0  00020
EUSART_Write@txData                            cstackCOMMON 00078
INT_DefaultInterruptHandler@time               cstackCOMMON 00077
INT_SetInterruptHandler@InterruptHandler       cstackBANK0  00020
TMR0_SetInterruptHandler@InterruptHandler      cstackBANK0  00020
TMR4_SetInterruptHandler@InterruptHandler      cstackBANK0  00020
_ADCON0                                        (abs)        0009D
_ADCON0bits                                    (abs)        0009D
_ADCON1                                        (abs)        0009E
_ADRES                                         (abs)        0009B
_ANSELA                                        (abs)        0018C
_ANSELB                                        (abs)        0018D
_ANSELC                                        (abs)        0018E
_BAUD1CON                                      (abs)        0019F
_BORCON                                        (abs)        00116
_CCP1CONbits                                   (abs)        00293
_CCPR1L                                        (abs)        00291
_CCPTMRSbits                                   (abs)        0029E
_DAC1CON0                                      (abs)        00118
_DAC1CON1                                      (abs)        00119
_DAC_Initialize                                text36       00755
_EUSART_DefaultErrorHandler                    (abs)        00000
_EUSART_DefaultFramingErrorHandler             (abs)        00000
_EUSART_DefaultOverrunErrorHandler             (abs)        00000
_EUSART_ErrorHandler                           nvBANK1      000E3
_EUSART_FramingErrorHandler                    nvBANK1      000E7
_EUSART_Initialize                             text32       005DD
_EUSART_OverrunErrorHandler                    nvBANK1      000E5
_EUSART_SetErrorHandler                        text35       0073A
_EUSART_SetFramingErrorHandler                 text34       00732
_EUSART_SetOverrunErrorHandler                 text33       0072A
_EUSART_Write                                  text13       00742
_EXT_INT_Initialize                            text30       006F8
_FVRCON                                        (abs)        00117
_FVRCONbits                                    (abs)        00117
_INLVLA                                        (abs)        0038C
_INLVLB                                        (abs)        0038D
_INLVLC                                        (abs)        0038E
_INTCONbits                                    (abs)        0000B
_INTERRUPT_InterruptManager                    intentry     00004
_INTPPS                                        (abs)        00E10
_INT_CallBack                                  text44       0070F
_INT_DefaultInterruptHandler                   text45       0027C
_INT_ISR                                       text43       0077F
_INT_InterruptHandler                          nvBANK0      00067
_INT_SetInterruptHandler                       text31       0076A
_LATA                                          (abs)        0010C
_LATB                                          (abs)        0010D
_LATC                                          (abs)        0010E
_LED_blue                                      bssBANK0     0005B
_LED_green                                     bssBANK0     0005C
_LED_red                                       bssBANK0     0005D
_ODCONA                                        (abs)        0028C
_ODCONB                                        (abs)        0028D
_ODCONC                                        (abs)        0028E
_OPA1CON                                       (abs)        00511
_OPA1_Initialize                               text29       0077B
_OPA2CON                                       (abs)        00515
_OPA2_Initialize                               text28       00777
_OPTION_REG                                    (abs)        00095
_OPTION_REGbits                                (abs)        00095
_OSCCON                                        (abs)        00099
_OSCILLATOR_Initialize                         text27       00722
_OSCSTAT                                       (abs)        0009A
_OSCTUNE                                       (abs)        00098
_PIE2bits                                      (abs)        00092
_PIN_MANAGER_IOC                               text42       00785
_PIN_MANAGER_Initialize                        text26       004A2
_PIR1bits                                      (abs)        00011
_PIR2bits                                      (abs)        00012
_PR2                                           (abs)        0001B
_PR4                                           (abs)        00416
_PWM3CONbits                                   (abs)        00619
_PWM3DCH                                       (abs)        00618
_PWM3DCLbits                                   (abs)        00617
_PWM4CONbits                                   (abs)        0061C
_PWM4DCH                                       (abs)        0061B
_PWM4DCLbits                                   (abs)        0061A
_RA5PPS                                        (abs)        00E95
_RB7PPS                                        (abs)        00E9F
_RC1STA                                        (abs)        0019D
_RC4PPS                                        (abs)        00EA4
_RC5PPS                                        (abs)        00EA5
_RXPPS                                         (abs)        00E24
_SLRCONA                                       (abs)        0030C
_SLRCONB                                       (abs)        0030D
_SLRCONC                                       (abs)        0030E
_SP1BRGH                                       (abs)        0019C
_SP1BRGL                                       (abs)        0019B
_SYSTEM_Initialize                             text19       00623
_T2CON                                         (abs)        0001C
_T2CONbits                                     (abs)        0001C
_T4CON                                         (abs)        00417
_TMR0                                          (abs)        00015
_TMR0_DefaultInterruptHandler                  text41       00784
_TMR0_ISR                                      text40       006EA
_TMR0_Initialize                               text24       006CA
_TMR0_InterruptHandler                         nvBANK0      00065
_TMR0_SetInterruptHandler                      text25       00765
_TMR2                                          (abs)        0001A
_TMR2_Initialize                               text23       0071A
_TMR4                                          (abs)        00415
_TMR4_DefaultInterruptHandler                  text39       00678
_TMR4_ISR                                      text38       00704
_TMR4_Initialize                               text21       006B7
_TMR4_InterruptHandler                         nvBANK0      00063
_TMR4_SetInterruptHandler                      text22       00760
_TRISA                                         (abs)        0008C
_TRISB                                         (abs)        0008D
_TRISC                                         (abs)        0008E
_TX1REG                                        (abs)        0019A
_TX1STA                                        (abs)        0019E
_Vdac_mv                                       bssBANK0     00061
_WDTCON                                        (abs)        00097
_WDT_Initialize                                text20       00773
_WPUA                                          (abs)        0020C
_WPUB                                          (abs)        0020D
_WPUC                                          (abs)        0020E
__Habs1                                        abs1         00000
__Hbank0                                       bank0        00000
__Hbank1                                       bank1        00000
__Hbank10                                      bank10       00000
__Hbank11                                      bank11       00000
__Hbank12                                      bank12       00000
__Hbank13                                      bank13       00000
__Hbank14                                      bank14       00000
__Hbank15                                      bank15       00000
__Hbank16                                      bank16       00000
__Hbank17                                      bank17       00000
__Hbank18                                      bank18       00000
__Hbank19                                      bank19       00000
__Hbank2                                       bank2        00000
__Hbank20                                      bank20       00000
__Hbank21                                      bank21       00000
__Hbank22                                      bank22       00000
__Hbank23                                      bank23       00000
__Hbank24                                      bank24       00000
__Hbank25                                      bank25       00000
__Hbank26                                      bank26       00000
__Hbank27                                      bank27       00000
__Hbank28                                      bank28       00000
__Hbank29                                      bank29       00000
__Hbank3                                       bank3        00000
__Hbank30                                      bank30       00000
__Hbank31                                      bank31       00000
__Hbank4                                       bank4        00000
__Hbank5                                       bank5        00000
__Hbank6                                       bank6        00000
__Hbank7                                       bank7        00000
__Hbank8                                       bank8        00000
__Hbank9                                       bank9        00000
__Hbigram                                      bigram       00000
__HbssBANK0                                    bssBANK0     00000
__HbssBANK1                                    bssBANK1     00000
__HbssCOMMON                                   bssCOMMON    00000
__Hcinit                                       cinit        0005E
__Hclrtext                                     clrtext      00000
__Hcode                                        code         00000
__Hcommon                                      common       00000
__Hconfig                                      config       08009
__HcstackBANK0                                 cstackBANK0  00000
__HcstackCOMMON                                cstackCOMMON 00000
__HdataBANK0                                   dataBANK0    00000
__HdataBANK1                                   dataBANK1    00000
__HdataCOMMON                                  dataCOMMON   00000
__Heeprom_data                                 eeprom_data  00000
__Hend_init                                    end_init     00029
__Hfunctab                                     functab      00000
__HidataBANK0                                  idataBANK0   00000
__HidataBANK1                                  idataBANK1   00000
__HidataCOMMON                                 idataCOMMON  00000
__Hinit                                        init         00027
__Hinittext                                    inittext     00000
__Hintentry                                    intentry     00027
__Hmaintext                                    maintext     00000
__HnvBANK0                                     nvBANK0      00000
__HnvBANK1                                     nvBANK1      00000
__Hpowerup                                     powerup      00000
__Hram                                         ram          00000
__Hreset_vec                                   reset_vec    00002
__Hsfr0                                        sfr0         00000
__Hsfr1                                        sfr1         00000
__Hsfr10                                       sfr10        00000
__Hsfr11                                       sfr11        00000
__Hsfr12                                       sfr12        00000
__Hsfr13                                       sfr13        00000
__Hsfr14                                       sfr14        00000
__Hsfr15                                       sfr15        00000
__Hsfr16                                       sfr16        00000
__Hsfr17                                       sfr17        00000
__Hsfr18                                       sfr18        00000
__Hsfr19                                       sfr19        00000
__Hsfr2                                        sfr2         00000
__Hsfr20                                       sfr20        00000
__Hsfr21                                       sfr21        00000
__Hsfr22                                       sfr22        00000
__Hsfr23                                       sfr23        00000
__Hsfr24                                       sfr24        00000
__Hsfr25                                       sfr25        00000
__Hsfr26                                       sfr26        00000
__Hsfr27                                       sfr27        00000
__Hsfr28                                       sfr28        00000
__Hsfr29                                       sfr29        00000
__Hsfr3                                        sfr3         00000
__Hsfr30                                       sfr30        00000
__Hsfr31                                       sfr31        00000
__Hsfr4                                        sfr4         00000
__Hsfr5                                        sfr5         00000
__Hsfr6                                        sfr6         00000
__Hsfr7                                        sfr7         00000
__Hsfr8                                        sfr8         00000
__Hsfr9                                        sfr9         00000
__Hspace_0                                     (abs)        00786
__Hspace_1                                     (abs)        000E9
__Hspace_2                                     (abs)        00000
__Hspace_3                                     (abs)        00000
__Hspace_4                                     (abs)        10010
__Hstack                                       stack        00000
__Hstrings                                     strings      00000
__Hstringtext1                                 stringtext1  00000
__Hstringtext2                                 stringtext2  00000
__Hstringtext3                                 stringtext3  00000
__Hstringtext4                                 stringtext4  00000
__Htext                                        text         00000
__Labs1                                        abs1         00000
__Lbank0                                       bank0        00000
__Lbank1                                       bank1        00000
__Lbank10                                      bank10       00000
__Lbank11                                      bank11       00000
__Lbank12                                      bank12       00000
__Lbank13                                      bank13       00000
__Lbank14                                      bank14       00000
__Lbank15                                      bank15       00000
__Lbank16                                      bank16       00000
__Lbank17                                      bank17       00000
__Lbank18                                      bank18       00000
__Lbank19                                      bank19       00000
__Lbank2                                       bank2        00000
__Lbank20                                      bank20       00000
__Lbank21                                      bank21       00000
__Lbank22                                      bank22       00000
__Lbank23                                      bank23       00000
__Lbank24                                      bank24       00000
__Lbank25                                      bank25       00000
__Lbank26                                      bank26       00000
__Lbank27                                      bank27       00000
__Lbank28                                      bank28       00000
__Lbank29                                      bank29       00000
__Lbank3                                       bank3        00000
__Lbank30                                      bank30       00000
__Lbank31                                      bank31       00000
__Lbank4                                       bank4        00000
__Lbank5                                       bank5        00000
__Lbank6                                       bank6        00000
__Lbank7                                       bank7        00000
__Lbank8                                       bank8        00000
__Lbank9                                       bank9        00000
__Lbigram                                      bigram       00000
__LbssBANK0                                    bssBANK0     00000
__LbssBANK1                                    bssBANK1     00000
__LbssCOMMON                                   bssCOMMON    00000
__Lcinit                                       cinit        00029
__Lclrtext                                     clrtext      00000
__Lcode                                        code         00000
__Lcommon                                      common       00000
__Lconfig                                      config       00000
__LcstackBANK0                                 cstackBANK0  00000
__LcstackCOMMON                                cstackCOMMON 00000
__LdataBANK0                                   dataBANK0    00000
__LdataBANK1                                   dataBANK1    00000
__LdataCOMMON                                  dataCOMMON   00000
__Leeprom_data                                 eeprom_data  00000
__Lend_init                                    end_init     00027
__Lfunctab                                     functab      00000
__LidataBANK0                                  idataBANK0   00000
__LidataBANK1                                  idataBANK1   00000
__LidataCOMMON                                 idataCOMMON  00000
__Linit                                        init         00027
__Linittext                                    inittext     00000
__Lintentry                                    intentry     00004
__Lmaintext                                    maintext     00000
__LnvBANK0                                     nvBANK0      00000
__LnvBANK1                                     nvBANK1      00000
__Lpowerup                                     powerup      00000
__Lram                                         ram          00000
__Lreset_vec                                   reset_vec    00000
__Lsfr0                                        sfr0         00000
__Lsfr1                                        sfr1         00000
__Lsfr10                                       sfr10        00000
__Lsfr11                                       sfr11        00000
__Lsfr12                                       sfr12        00000
__Lsfr13                                       sfr13        00000
__Lsfr14                                       sfr14        00000
__Lsfr15                                       sfr15        00000
__Lsfr16                                       sfr16        00000
__Lsfr17                                       sfr17        00000
__Lsfr18                                       sfr18        00000
__Lsfr19                                       sfr19        00000
__Lsfr2                                        sfr2         00000
__Lsfr20                                       sfr20        00000
__Lsfr21                                       sfr21        00000
__Lsfr22                                       sfr22        00000
__Lsfr23                                       sfr23        00000
__Lsfr24                                       sfr24        00000
__Lsfr25                                       sfr25        00000
__Lsfr26                                       sfr26        00000
__Lsfr27                                       sfr27        00000
__Lsfr28                                       sfr28        00000
__Lsfr29                                       sfr29        00000
__Lsfr3                                        sfr3         00000
__Lsfr30                                       sfr30        00000
__Lsfr31                                       sfr31        00000
__Lsfr4                                        sfr4         00000
__Lsfr5                                        sfr5         00000
__Lsfr6                                        sfr6         00000
__Lsfr7                                        sfr7         00000
__Lsfr8                                        sfr8         00000
__Lsfr9                                        sfr9         00000
__Lspace_0                                     (abs)        00000
__Lspace_1                                     (abs)        00000
__Lspace_2                                     (abs)        00000
__Lspace_3                                     (abs)        00000
__Lspace_4                                     (abs)        00000
__Lstack                                       stack        00000
__Lstrings                                     strings      00000
__Lstringtext1                                 stringtext1  00000
__Lstringtext2                                 stringtext2  00000
__Lstringtext3                                 stringtext3  00000
__Lstringtext4                                 stringtext4  00000
__Ltext                                        text         00000
__S0                                           (abs)        00786
__S1                                           (abs)        000E9
__S2                                           (abs)        00000
___aldiv                                       text15       001FB
___aldiv@counter                               cstackBANK0  00034
___aldiv@dividend                              cstackBANK0  00030
___aldiv@divisor                               cstackBANK0  0002C
___aldiv@quotient                              cstackBANK0  00036
___aldiv@sign                                  cstackBANK0  00035
___awdiv                                       text7        00332
___awdiv@counter                               cstackBANK0  00024
___awdiv@dividend                              cstackBANK0  00022
___awdiv@divisor                               cstackBANK0  00020
___awdiv@quotient                              cstackBANK0  00026
___awdiv@sign                                  cstackBANK0  00025
___int_sp                                      stack        00000
___latbits                                     (abs)        00001
___lldiv                                       text6        002E0
___lldiv@counter                               cstackBANK0  00038
___lldiv@dividend                              cstackBANK0  00030
___lldiv@divisor                               cstackBANK0  0002C
___lldiv@quotient                              cstackBANK0  00034
___lmul                                        text5        00504
___lmul@multiplicand                           cstackBANK0  00024
___lmul@multiplier                             cstackBANK0  00020
___lmul@product                                cstackBANK0  00028
___sp                                          stack        00000
___stackhi                                     (abs)        021EF
___stacklo                                     (abs)        02099
__end_of_DAC_Initialize                        text36       0075B
__end_of_EUSART_Initialize                     text32       00601
__end_of_EUSART_SetErrorHandler                text35       00742
__end_of_EUSART_SetFramingErrorHandler         text34       0073A
__end_of_EUSART_SetOverrunErrorHandler         text33       00732
__end_of_EUSART_Write                          text13       00749
__end_of_EXT_INT_Initialize                    text30       00704
__end_of_INTERRUPT_InterruptManager            intentry     00027
__end_of_INT_CallBack                          text44       0071A
__end_of_INT_DefaultInterruptHandler           text45       002E0
__end_of_INT_ISR                               text43       00783
__end_of_INT_SetInterruptHandler               text31       0076F
__end_of_OPA1_Initialize                       text29       0077F
__end_of_OPA2_Initialize                       text28       0077B
__end_of_OSCILLATOR_Initialize                 text27       0072A
__end_of_PIN_MANAGER_IOC                       text42       00786
__end_of_PIN_MANAGER_Initialize                text26       004D5
__end_of_SYSTEM_Initialize                     text19       00644
__end_of_TMR0_DefaultInterruptHandler          text41       00785
__end_of_TMR0_ISR                              text40       006F8
__end_of_TMR0_Initialize                       text24       006DB
__end_of_TMR0_SetInterruptHandler              text25       0076A
__end_of_TMR2_Initialize                       text23       00722
__end_of_TMR4_DefaultInterruptHandler          text39       0068F
__end_of_TMR4_ISR                              text38       0070F
__end_of_TMR4_Initialize                       text21       006CA
__end_of_TMR4_SetInterruptHandler              text22       00765
__end_of_WDT_Initialize                        text20       00777
__end_of___aldiv                               text15       0027C
__end_of___awdiv                               text7        00383
__end_of___lldiv                               text6        00332
__end_of___lmul                                text5        00533
__end_of__initialization                       cinit        0005A
__end_of_battery_voltage                       text14       00560
__end_of_initLED                               text18       00465
__end_of_lowBattery                            text16       0058D
__end_of_main                                  maintext     00504
__end_of_printf                                text11       00660
__end_of_process_remote_command                text2        00160
__end_of_putch                                 text12       00760
__end_of_selectCurrent                         text10       005DD
__end_of_selectFrequency                       text9        005B6
__end_of_selectSomething                       text8        003D3
__end_of_setCurrent                            text4        001FB
__end_of_setFrequency                          text3        00421
__end_of_setLEDColor                           text17       00678
__end_of_startUp                               text1        004A2
__initialization                               cinit        00029
__pbssBANK0                                    bssBANK0     0004E
__pbssBANK1                                    bssBANK1     000C2
__pbssCOMMON                                   bssCOMMON    00070
__pcstackBANK0                                 cstackBANK0  00020
__pcstackCOMMON                                cstackCOMMON 00076
__pdataBANK0                                   dataBANK0    00069
__pdataBANK1                                   dataBANK1    000A0
__pdataCOMMON                                  dataCOMMON   0007B
__pidataBANK0                                  idataBANK0   0076F
__pidataBANK1                                  idataBANK1   00601
__pidataCOMMON                                 idataCOMMON  00783
__pintentry                                    intentry     00004
__pmaintext                                    maintext     004D5
__pnvBANK0                                     nvBANK0      00063
__pnvBANK1                                     nvBANK1      000E3
__pstringtext1                                 stringtext1  0068F
__pstringtext2                                 stringtext2  006A4
__pstringtext3                                 stringtext3  006DB
__pstringtext4                                 stringtext4  00000
__ptext1                                       text1        00465
__ptext10                                      text10       005B6
__ptext11                                      text11       00644
__ptext12                                      text12       0075B
__ptext13                                      text13       00742
__ptext14                                      text14       00533
__ptext15                                      text15       001FB
__ptext16                                      text16       00560
__ptext17                                      text17       00660
__ptext18                                      text18       00421
__ptext19                                      text19       00623
__ptext2                                       text2        0005E
__ptext20                                      text20       00773
__ptext21                                      text21       006B7
__ptext22                                      text22       00760
__ptext23                                      text23       0071A
__ptext24                                      text24       006CA
__ptext25                                      text25       00765
__ptext26                                      text26       004A2
__ptext27                                      text27       00722
__ptext28                                      text28       00777
__ptext29                                      text29       0077B
__ptext3                                       text3        003D3
__ptext30                                      text30       006F8
__ptext31                                      text31       0076A
__ptext32                                      text32       005DD
__ptext33                                      text33       0072A
__ptext34                                      text34       00732
__ptext35                                      text35       0073A
__ptext36                                      text36       00755
__ptext38                                      text38       00704
__ptext39                                      text39       00678
__ptext4                                       text4        00160
__ptext40                                      text40       006EA
__ptext41                                      text41       00784
__ptext42                                      text42       00785
__ptext43                                      text43       0077F
__ptext44                                      text44       0070F
__ptext45                                      text45       0027C
__ptext5                                       text5        00504
__ptext6                                       text6        002E0
__ptext7                                       text7        00332
__ptext8                                       text8        00383
__ptext9                                       text9        0058D
__size_of_DAC_Initialize                       (abs)        00000
__size_of_EUSART_Initialize                    (abs)        00000
__size_of_EUSART_SetErrorHandler               (abs)        00000
__size_of_EUSART_SetFramingErrorHandler        (abs)        00000
__size_of_EUSART_SetOverrunErrorHandler        (abs)        00000
__size_of_EUSART_Write                         (abs)        00000
__size_of_EXT_INT_Initialize                   (abs)        00000
__size_of_INTERRUPT_InterruptManager           (abs)        00000
__size_of_INT_CallBack                         (abs)        00000
__size_of_INT_DefaultInterruptHandler          (abs)        00000
__size_of_INT_ISR                              (abs)        00000
__size_of_INT_SetInterruptHandler              (abs)        00000
__size_of_OPA1_Initialize                      (abs)        00000
__size_of_OPA2_Initialize                      (abs)        00000
__size_of_OSCILLATOR_Initialize                (abs)        00000
__size_of_PIN_MANAGER_IOC                      (abs)        00000
__size_of_PIN_MANAGER_Initialize               (abs)        00000
__size_of_SYSTEM_Initialize                    (abs)        00000
__size_of_TMR0_DefaultInterruptHandler         (abs)        00000
__size_of_TMR0_ISR                             (abs)        00000
__size_of_TMR0_Initialize                      (abs)        00000
__size_of_TMR0_SetInterruptHandler             (abs)        00000
__size_of_TMR2_Initialize                      (abs)        00000
__size_of_TMR4_DefaultInterruptHandler         (abs)        00000
__size_of_TMR4_ISR                             (abs)        00000
__size_of_TMR4_Initialize                      (abs)        00000
__size_of_TMR4_SetInterruptHandler             (abs)        00000
__size_of_WDT_Initialize                       (abs)        00000
__size_of___aldiv                              (abs)        00000
__size_of___awdiv                              (abs)        00000
__size_of___lldiv                              (abs)        00000
__size_of___lmul                               (abs)        00000
__size_of_battery_voltage                      (abs)        00000
__size_of_initLED                              (abs)        00000
__size_of_lowBattery                           (abs)        00000
__size_of_main                                 (abs)        00000
__size_of_printf                               (abs)        00000
__size_of_process_remote_command               (abs)        00000
__size_of_putch                                (abs)        00000
__size_of_selectCurrent                        (abs)        00000
__size_of_selectFrequency                      (abs)        00000
__size_of_selectSomething                      (abs)        00000
__size_of_setCurrent                           (abs)        00000
__size_of_setFrequency                         (abs)        00000
__size_of_setLEDColor                          (abs)        00000
__size_of_startUp                              (abs)        00000
_battery_voltage                               text14       00533
_currentIndex                                  bssBANK0     0004E
_currentIsOn                                   dataCOMMON   0007B
_currentValue                                  dataBANK1    000A0
_dac_value                                     bssBANK0     0005E
_duty                                          bssBANK0     00058
_eusartRxLastError                             bssBANK0     00060
_flag                                          bssBANK0     0005A
_frequencyIndex                                bssBANK0     00054
_frequencyValue                                dataBANK1    000B6
_initLED                                       text18       00421
_interfaceState                                bssBANK0     00056
_ir_code                                       bssCOMMON    00070
_lowBattery                                    text16       00560
_main                                          maintext     004D5
_printf                                        text11       00644
_process_remote_command                        text2        0005E
_putch                                         text12       0075B
_selectCurrent                                 text10       005B6
_selectFrequency                               text9        0058D
_selectSomething                               text8        00383
_setCurrent                                    text4        00160
_setFrequency                                  text3        003D3
_setLEDColor                                   text17       00660
_startUp                                       text1        00465
_stats                                         bssBANK1     000C2
_timer0ReloadVal                               bssBANK0     0005F
btemp                                          (abs)        0007E
clear_ram0                                     clrtext      0074F
end_of_initialization                          cinit        0005A
init_ram                                       inittext     00749
int$flags                                      (abs)        0007E
intlevel0                                      functab      00000
intlevel1                                      functab      00000
intlevel2                                      functab      00000
intlevel3                                      functab      00000
intlevel4                                      functab      00000
intlevel5                                      functab      00000
printf@ap                                      cstackBANK0  00025
printf@c                                       cstackBANK0  00026
printf@f                                       cstackBANK0  00020
process_remote_command@code                    cstackBANK0  0004C
putch@txData                                   cstackCOMMON 00079
reset_vec                                      reset_vec    00000
setCurrent@DACValue                            cstackBANK0  00048
setCurrent@Vdd_mv                              cstackBANK0  0003E
setCurrent@microamps                           cstackBANK0  0003C
setFrequency@frequency_hz                      cstackBANK0  0003A
setFrequency@pr4_val                           cstackBANK0  0003C
setLEDColor@blue                               cstackBANK0  00021
setLEDColor@green                              cstackBANK0  00020
setLEDColor@red                                cstackCOMMON 00079
start                                          init         00027
startUp@i                                      cstackBANK0  00024
start_initialization                           cinit        00029
wtemp0                                         (abs)        0007E


FUNCTION INFORMATION:

 *************** function _main *****************
 Defined at:
		line 383 in file "main.c"
 Parameters:    Size  Location     Type
		None
 Auto vars:     Size  Location     Type
		None
 Return value:  Size  Location     Type
                  1    wreg      void 
 Registers used:
		wreg, fsr0l, fsr0h, fsr1l, fsr1h, status,2, status,0, pclath, cstack
 Tracked objects:
		On entry : 
		On exit  : 
		Unchanged: 
 Data sizes:     COMMON   BANK0   BANK1   BANK2   BANK3   BANK4   BANK5   BANK6
      Params:         0       0       0       0       0       0       0       0
      Locals:         0       0       0       0       0       0       0       0
      Temps:          0       1       0       0       0       0       0       0
      Totals:         0       1       0       0       0       0       0       0
Total ram usage:        1 bytes
 Hardware stack levels required when called:    9
 This function calls:
		_DAC_Initialize
		_OPA1_Initialize
		_OPA2_Initialize
		_SYSTEM_Initialize
		_battery_voltage
		_initLED
		_lowBattery
		_process_remote_command
		_startUp
 This function is called by:
		Startup code after reset
 This function uses a non-reentrant model


 *************** function _startUp *****************
 Defined at:
		line 186 in file "main.c"
 Parameters:    Size  Location     Type
		None
 Auto vars:     Size  Location     Type
  i               2    4[BANK0 ] int 
 Return value:  Size  Location     Type
                  1    wreg      void 
 Registers used:
		wreg, status,2, status,0, pclath, cstack
 Tracked objects:
		On entry : 
		On exit  : 
		Unchanged: 
 Data sizes:     COMMON   BANK0   BANK1   BANK2   BANK3   BANK4   BANK5   BANK6
      Params:         0       0       0       0       0       0       0       0
      Locals:         0       2       0       0       0       0       0       0
      Temps:          0       2       0       0       0       0       0       0
      Totals:         0       4       0       0       0       0       0       0
Total ram usage:        4 bytes
 Hardware stack levels used:    1
 Hardware stack levels required when called:    5
 This function calls:
		_setLEDColor
 This function is called by:
		_main
 This function uses a non-reentrant model


 *************** function _process_remote_command *****************
 Defined at:
		line 288 in file "main.c"
 Parameters:    Size  Location     Type
  code            1    wreg     PTR struct .
		 -> ir_code(6), 
 Auto vars:     Size  Location     Type
  code            1   44[BANK0 ] PTR struct .
		 -> ir_code(6), 
 Return value:  Size  Location     Type
                  1    wreg      void 
 Registers used:
		wreg, fsr0l, fsr0h, fsr1l, fsr1h, status,2, status,0, pclath, cstack
 Tracked objects:
		On entry : 
		On exit  : 
		Unchanged: 
 Data sizes:     COMMON   BANK0   BANK1   BANK2   BANK3   BANK4   BANK5   BANK6
      Params:         0       0       0       0       0       0       0       0
      Locals:         0       1       0       0       0       0       0       0
      Temps:          0       2       0       0       0       0       0       0
      Totals:         0       3       0       0       0       0       0       0
Total ram usage:        3 bytes
 Hardware stack levels used:    1
 Hardware stack levels required when called:    8
 This function calls:
		_battery_voltage
		_printf
		_selectCurrent
		_selectFrequency
		_selectSomething
		_setCurrent
		_setFrequency
		_setLEDColor
 This function is called by:
		_main
 This function uses a non-reentrant model


 *************** function _setFrequency *****************
 Defined at:
		line 249 in file "main.c"
 Parameters:    Size  Location     Type
  frequency_hz    2   26[BANK0 ] unsigned int 
 Auto vars:     Size  Location     Type
  pr4_val         2   28[BANK0 ] int 
 Return value:  Size  Location     Type
                  1    wreg      void 
 Registers used:
		wreg, status,2, status,0, pclath, cstack
 Tracked objects:
		On entry : 
		On exit  : 
		Unchanged: 
 Data sizes:     COMMON   BANK0   BANK1   BANK2   BANK3   BANK4   BANK5   BANK6
      Params:         0       2       0       0       0       0       0       0
      Locals:         0       2       0       0       0       0       0       0
      Temps:          1       0       0       0       0       0       0       0
      Totals:         1       4       0       0       0       0       0       0
Total ram usage:        5 bytes
 Hardware stack levels used:    1
 Hardware stack levels required when called:    5
 This function calls:
		___aldiv
		___lmul
 This function is called by:
		_process_remote_command
 This function uses a non-reentrant model


 *************** function _setCurrent *****************
 Defined at:
		line 237 in file "main.c"
 Parameters:    Size  Location     Type
  microamps       2   28[BANK0 ] int 
  Vdd_mv          2   30[BANK0 ] int 
 Auto vars:     Size  Location     Type
  DACValue        2   40[BANK0 ] int 
 Return value:  Size  Location     Type
                  1    wreg      void 
 Registers used:
		wreg, status,2, status,0, pclath, cstack
 Tracked objects:
		On entry : 
		On exit  : 
		Unchanged: 
 Data sizes:     COMMON   BANK0   BANK1   BANK2   BANK3   BANK4   BANK5   BANK6
      Params:         0       4       0       0       0       0       0       0
      Locals:         0       2       0       0       0       0       0       0
      Temps:          0       8       0       0       0       0       0       0
      Totals:         0      14       0       0       0       0       0       0
Total ram usage:       14 bytes
 Hardware stack levels used:    1
 Hardware stack levels required when called:    5
 This function calls:
		___aldiv
		___awdiv
		___lldiv
		___lmul
 This function is called by:
		_process_remote_command
 This function uses a non-reentrant model


 *************** function ___lmul *****************
 Defined at:
		line 15 in file "/opt/microchip/xc8/v2.20/pic/sources/c90/common/Umul32.c"
 Parameters:    Size  Location     Type
  multiplier      4    0[BANK0 ] unsigned long 
  multiplicand    4    4[BANK0 ] unsigned long 
 Auto vars:     Size  Location     Type
  product         4    8[BANK0 ] unsigned long 
 Return value:  Size  Location     Type
                  4    0[BANK0 ] unsigned long 
 Registers used:
		wreg, status,2, status,0
 Tracked objects:
		On entry : 
		On exit  : 
		Unchanged: 
 Data sizes:     COMMON   BANK0   BANK1   BANK2   BANK3   BANK4   BANK5   BANK6
      Params:         0       8       0       0       0       0       0       0
      Locals:         0       4       0       0       0       0       0       0
      Temps:          0       0       0       0       0       0       0       0
      Totals:         0      12       0       0       0       0       0       0
Total ram usage:       12 bytes
 Hardware stack levels used:    1
 Hardware stack levels required when called:    4
 This function calls:
		Nothing
 This function is called by:
		_setCurrent
		_setFrequency
 This function uses a non-reentrant model


 *************** function ___lldiv *****************
 Defined at:
		line 5 in file "/opt/microchip/xc8/v2.20/pic/sources/c90/common/__lldiv.c"
 Parameters:    Size  Location     Type
  divisor         4   12[BANK0 ] unsigned long 
  dividend        4   16[BANK0 ] unsigned long 
 Auto vars:     Size  Location     Type
  quotient        4   20[BANK0 ] unsigned long 
  counter         1   24[BANK0 ] unsigned char 
 Return value:  Size  Location     Type
                  4   12[BANK0 ] unsigned long 
 Registers used:
		wreg, status,2, status,0
 Tracked objects:
		On entry : 
		On exit  : 
		Unchanged: 
 Data sizes:     COMMON   BANK0   BANK1   BANK2   BANK3   BANK4   BANK5   BANK6
      Params:         0       8       0       0       0       0       0       0
      Locals:         0       5       0       0       0       0       0       0
      Temps:          1       0       0       0       0       0       0       0
      Totals:         1      13       0       0       0       0       0       0
Total ram usage:       14 bytes
 Hardware stack levels used:    1
 Hardware stack levels required when called:    4
 This function calls:
		Nothing
 This function is called by:
		_setCurrent
 This function uses a non-reentrant model


 *************** function ___awdiv *****************
 Defined at:
		line 5 in file "/opt/microchip/xc8/v2.20/pic/sources/c90/common/awdiv.c"
 Parameters:    Size  Location     Type
  divisor         2    0[BANK0 ] int 
  dividend        2    2[BANK0 ] int 
 Auto vars:     Size  Location     Type
  quotient        2    6[BANK0 ] int 
  sign            1    5[BANK0 ] unsigned char 
  counter         1    4[BANK0 ] unsigned char 
 Return value:  Size  Location     Type
                  2    0[BANK0 ] int 
 Registers used:
		wreg, status,2, status,0
 Tracked objects:
		On entry : 
		On exit  : 
		Unchanged: 
 Data sizes:     COMMON   BANK0   BANK1   BANK2   BANK3   BANK4   BANK5   BANK6
      Params:         0       4       0       0       0       0       0       0
      Locals:         0       4       0       0       0       0       0       0
      Temps:          1       0       0       0       0       0       0       0
      Totals:         1       8       0       0       0       0       0       0
Total ram usage:        9 bytes
 Hardware stack levels used:    1
 Hardware stack levels required when called:    4
 This function calls:
		Nothing
 This function is called by:
		_setCurrent
 This function uses a non-reentrant model


 *************** function _selectSomething *****************
 Defined at:
		line 197 in file "main.c"
 Parameters:    Size  Location     Type
		None
 Auto vars:     Size  Location     Type
		None
 Return value:  Size  Location     Type
                  1    wreg      void 
 Registers used:
		wreg, status,2, status,0, pclath, cstack
 Tracked objects:
		On entry : 
		On exit  : 
		Unchanged: 
 Data sizes:     COMMON   BANK0   BANK1   BANK2   BANK3   BANK4   BANK5   BANK6
      Params:         0       0       0       0       0       0       0       0
      Locals:         0       0       0       0       0       0       0       0
      Temps:          0       2       0       0       0       0       0       0
      Totals:         0       2       0       0       0       0       0       0
Total ram usage:        2 bytes
 Hardware stack levels used:    1
 Hardware stack levels required when called:    5
 This function calls:
		_setLEDColor
 This function is called by:
		_process_remote_command
 This function uses a non-reentrant model


 *************** function _selectFrequency *****************
 Defined at:
		line 209 in file "main.c"
 Parameters:    Size  Location     Type
		None
 Auto vars:     Size  Location     Type
		None
 Return value:  Size  Location     Type
                  1    wreg      void 
 Registers used:
		wreg, fsr0l, fsr0h, status,2, status,0, pclath, cstack
 Tracked objects:
		On entry : 
		On exit  : 
		Unchanged: 
 Data sizes:     COMMON   BANK0   BANK1   BANK2   BANK3   BANK4   BANK5   BANK6
      Params:         0       0       0       0       0       0       0       0
      Locals:         0       0       0       0       0       0       0       0
      Temps:          0       2       0       0       0       0       0       0
      Totals:         0       2       0       0       0       0       0       0
Total ram usage:        2 bytes
 Hardware stack levels used:    1
 Hardware stack levels required when called:    7
 This function calls:
		_printf
		_setLEDColor
 This function is called by:
		_process_remote_command
 This function uses a non-reentrant model


 *************** function _selectCurrent *****************
 Defined at:
		line 217 in file "main.c"
 Parameters:    Size  Location     Type
		None
 Auto vars:     Size  Location     Type
		None
 Return value:  Size  Location     Type
                  1    wreg      void 
 Registers used:
		wreg, fsr0l, fsr0h, status,2, status,0, pclath, cstack
 Tracked objects:
		On entry : 
		On exit  : 
		Unchanged: 
 Data sizes:     COMMON   BANK0   BANK1   BANK2   BANK3   BANK4   BANK5   BANK6
      Params:         0       0       0       0       0       0       0       0
      Locals:         0       0       0       0       0       0       0       0
      Temps:          0       2       0       0       0       0       0       0
      Totals:         0       2       0       0       0       0       0       0
Total ram usage:        2 bytes
 Hardware stack levels used:    1
 Hardware stack levels required when called:    7
 This function calls:
		_printf
		_setLEDColor
 This function is called by:
		_process_remote_command
 This function uses a non-reentrant model


 *************** function _printf *****************
 Defined at:
		line 477 in file "/opt/microchip/xc8/v2.20/pic/sources/c90/common/doprnt.c"
 Parameters:    Size  Location     Type
  f               2    0[BANK0 ] PTR const unsigned char 
		 -> STR_3(15), STR_2(19), STR_1(21), 
 Auto vars:     Size  Location     Type
  tmpval          4    0        struct .
  cp              2    0        PTR const unsigned char 
  len             2    0        unsigned int 
  val             2    0        unsigned int 
  c               1    6[BANK0 ] unsigned char 
  ap              1    5[BANK0 ] PTR void [1]
		 -> ?_printf(2), 
  flag            1    0        unsigned char 
  prec            1    0        char 
 Return value:  Size  Location     Type
                  2    0[BANK0 ] int 
 Registers used:
		wreg, fsr0l, fsr0h, status,2, status,0, pclath, cstack
 Tracked objects:
		On entry : 
		On exit  : 
		Unchanged: 
 Data sizes:     COMMON   BANK0   BANK1   BANK2   BANK3   BANK4   BANK5   BANK6
      Params:         0       2       0       0       0       0       0       0
      Locals:         0       2       0       0       0       0       0       0
      Temps:          0       3       0       0       0       0       0       0
      Totals:         0       7       0       0       0       0       0       0
Total ram usage:        7 bytes
 Hardware stack levels used:    1
 Hardware stack levels required when called:    6
 This function calls:
		_putch
 This function is called by:
		_selectFrequency
		_selectCurrent
		_process_remote_command
 This function uses a non-reentrant model


 *************** function _putch *****************
 Defined at:
		line 146 in file "mcc_generated_files/eusart.c"
 Parameters:    Size  Location     Type
  txData          1    wreg     unsigned char 
 Auto vars:     Size  Location     Type
  txData          1    3[COMMON] unsigned char 
 Return value:  Size  Location     Type
                  1    wreg      void 
 Registers used:
		wreg, status,2, status,0, pclath, cstack
 Tracked objects:
		On entry : 
		On exit  : 
		Unchanged: 
 Data sizes:     COMMON   BANK0   BANK1   BANK2   BANK3   BANK4   BANK5   BANK6
      Params:         0       0       0       0       0       0       0       0
      Locals:         1       0       0       0       0       0       0       0
      Temps:          0       0       0       0       0       0       0       0
      Totals:         1       0       0       0       0       0       0       0
Total ram usage:        1 bytes
 Hardware stack levels used:    1
 Hardware stack levels required when called:    5
 This function calls:
		_EUSART_Write
 This function is called by:
		_printf
 This function uses a non-reentrant model


 *************** function _EUSART_Write *****************
 Defined at:
		line 132 in file "mcc_generated_files/eusart.c"
 Parameters:    Size  Location     Type
  txData          1    wreg     unsigned char 
 Auto vars:     Size  Location     Type
  txData          1    2[COMMON] unsigned char 
 Return value:  Size  Location     Type
                  1    wreg      void 
 Registers used:
		wreg
 Tracked objects:
		On entry : 
		On exit  : 
		Unchanged: 
 Data sizes:     COMMON   BANK0   BANK1   BANK2   BANK3   BANK4   BANK5   BANK6
      Params:         0       0       0       0       0       0       0       0
      Locals:         1       0       0       0       0       0       0       0
      Temps:          0       0       0       0       0       0       0       0
      Totals:         1       0       0       0       0       0       0       0
Total ram usage:        1 bytes
 Hardware stack levels used:    1
 Hardware stack levels required when called:    4
 This function calls:
		Nothing
 This function is called by:
		_putch
 This function uses a non-reentrant model


 *************** function _battery_voltage *****************
 Defined at:
		line 91 in file "main.c"
 Parameters:    Size  Location     Type
		None
 Auto vars:     Size  Location     Type
		None
 Return value:  Size  Location     Type
                  2   26[BANK0 ] unsigned int 
 Registers used:
		wreg, status,2, status,0, pclath, cstack
 Tracked objects:
		On entry : 
		On exit  : 
		Unchanged: 
 Data sizes:     COMMON   BANK0   BANK1   BANK2   BANK3   BANK4   BANK5   BANK6
      Params:         0       2       0       0       0       0       0       0
      Locals:         0       0       0       0       0       0       0       0
      Temps:          0       0       0       0       0       0       0       0
      Totals:         0       2       0       0       0       0       0       0
Total ram usage:        2 bytes
 Hardware stack levels used:    1
 Hardware stack levels required when called:    5
 This function calls:
		___aldiv
 This function is called by:
		_process_remote_command
		_main
 This function uses a non-reentrant model


 *************** function ___aldiv *****************
 Defined at:
		line 5 in file "/opt/microchip/xc8/v2.20/pic/sources/c90/common/aldiv.c"
 Parameters:    Size  Location     Type
  divisor         4   12[BANK0 ] long 
  dividend        4   16[BANK0 ] long 
 Auto vars:     Size  Location     Type
  quotient        4   22[BANK0 ] long 
  sign            1   21[BANK0 ] unsigned char 
  counter         1   20[BANK0 ] unsigned char 
 Return value:  Size  Location     Type
                  4   12[BANK0 ] long 
 Registers used:
		wreg, status,2, status,0
 Tracked objects:
		On entry : 
		On exit  : 
		Unchanged: 
 Data sizes:     COMMON   BANK0   BANK1   BANK2   BANK3   BANK4   BANK5   BANK6
      Params:         0       8       0       0       0       0       0       0
      Locals:         0       6       0       0       0       0       0       0
      Temps:          1       0       0       0       0       0       0       0
      Totals:         1      14       0       0       0       0       0       0
Total ram usage:       15 bytes
 Hardware stack levels used:    1
 Hardware stack levels required when called:    4
 This function calls:
		Nothing
 This function is called by:
		_battery_voltage
		_setCurrent
		_setFrequency
 This function uses a non-reentrant model


 *************** function _lowBattery *****************
 Defined at:
		line 178 in file "main.c"
 Parameters:    Size  Location     Type
		None
 Auto vars:     Size  Location     Type
		None
 Return value:  Size  Location     Type
                  1    wreg      void 
 Registers used:
		wreg, status,2, status,0, pclath, cstack
 Tracked objects:
		On entry : 
		On exit  : 
		Unchanged: 
 Data sizes:     COMMON   BANK0   BANK1   BANK2   BANK3   BANK4   BANK5   BANK6
      Params:         0       0       0       0       0       0       0       0
      Locals:         0       0       0       0       0       0       0       0
      Temps:          0       2       0       0       0       0       0       0
      Totals:         0       2       0       0       0       0       0       0
Total ram usage:        2 bytes
 Hardware stack levels used:    1
 Hardware stack levels required when called:    5
 This function calls:
		_setLEDColor
 This function is called by:
		_main
 This function uses a non-reentrant model


 *************** function _setLEDColor *****************
 Defined at:
[...]
		wreg
 Tracked objects:
		On entry : 
		On exit  : 
		Unchanged: 
 Data sizes:     COMMON   BANK0   BANK1   BANK2   BANK3   BANK4   BANK5   BANK6
      Params:         0       2       0       0       0       0       0       0
      Locals:         0       0       0       0       0       0       0       0
      Temps:          0       0       0       0       0       0       0       0
      Totals:         0       2       0       0       0       0       0       0
Total ram usage:        2 bytes
 Hardware stack levels used:    1
 Hardware stack levels required when called:    4
 This function calls:
		Nothing
 This function is called by:
		_EXT_INT_Initialize
 This function uses a non-reentrant model


 *************** function _EUSART_Initialize *****************
 Defined at:
		line 66 in file "mcc_generated_files/eusart.c"
 Parameters:    Size  Location     Type
		None
 Auto vars:     Size  Location     Type
		None
 Return value:  Size  Location     Type
                  1    wreg      void 
 Registers used:
		wreg, status,2, status,0, pclath, cstack
 Tracked objects:
		On entry : 
		On exit  : 
		Unchanged: 
 Data sizes:     COMMON   BANK0   BANK1   BANK2   BANK3   BANK4   BANK5   BANK6
      Params:         0       0       0       0       0       0       0       0
      Locals:         0       0       0       0       0       0       0       0
      Temps:          0       0       0       0       0       0       0       0
      Totals:         0       0       0       0       0       0       0       0
Total ram usage:        0 bytes
 Hardware stack levels used:    1
 Hardware stack levels required when called:    5
 This function calls:
		_EUSART_SetErrorHandler
		_EUSART_SetFramingErrorHandler
		_EUSART_SetOverrunErrorHandler
 This function is called by:
		_SYSTEM_Initialize
 This function uses a non-reentrant model


 *************** function _EUSART_SetOverrunErrorHandler *****************
 Defined at:
		line 170 in file "mcc_generated_files/eusart.c"
 Parameters:    Size  Location     Type
  interruptHan    2    0[BANK0 ] PTR FTN()void 
		 -> EUSART_DefaultOverrunErrorHandler(1), 
 Auto vars:     Size  Location     Type
		None
 Return value:  Size  Location     Type
                  1    wreg      void 
 Registers used:
		wreg
 Tracked objects:
		On entry : 
		On exit  : 
		Unchanged: 
 Data sizes:     COMMON   BANK0   BANK1   BANK2   BANK3   BANK4   BANK5   BANK6
      Params:         0       2       0       0       0       0       0       0
      Locals:         0       0       0       0       0       0       0       0
      Temps:          0       0       0       0       0       0       0       0
      Totals:         0       2       0       0       0       0       0       0
Total ram usage:        2 bytes
 Hardware stack levels used:    1
 Hardware stack levels required when called:    4
 This function calls:
		Nothing
 This function is called by:
		_EUSART_Initialize
 This function uses a non-reentrant model


 *************** function _EUSART_SetFramingErrorHandler *****************
 Defined at:
		line 166 in file "mcc_generated_files/eusart.c"
 Parameters:    Size  Location     Type
  interruptHan    2    0[BANK0 ] PTR FTN()void 
		 -> EUSART_DefaultFramingErrorHandler(1), 
 Auto vars:     Size  Location     Type
		None
 Return value:  Size  Location     Type
                  1    wreg      void 
 Registers used:
		wreg
 Tracked objects:
		On entry : 
		On exit  : 
		Unchanged: 
 Data sizes:     COMMON   BANK0   BANK1   BANK2   BANK3   BANK4   BANK5   BANK6
      Params:         0       2       0       0       0       0       0       0
      Locals:         0       0       0       0       0       0       0       0
      Temps:          0       0       0       0       0       0       0       0
      Totals:         0       2       0       0       0       0       0       0
Total ram usage:        2 bytes
 Hardware stack levels used:    1
 Hardware stack levels required when called:    4
 This function calls:
		Nothing
 This function is called by:
		_EUSART_Initialize
 This function uses a non-reentrant model


 *************** function _EUSART_SetErrorHandler *****************
 Defined at:
		line 174 in file "mcc_generated_files/eusart.c"
 Parameters:    Size  Location     Type
  interruptHan    2    0[BANK0 ] PTR FTN()void 
		 -> EUSART_DefaultErrorHandler(1), 
 Auto vars:     Size  Location     Type
		None
 Return value:  Size  Location     Type
                  1    wreg      void 
 Registers used:
		wreg
 Tracked objects:
		On entry : 
		On exit  : 
		Unchanged: 
 Data sizes:     COMMON   BANK0   BANK1   BANK2   BANK3   BANK4   BANK5   BANK6
      Params:         0       2       0       0       0       0       0       0
      Locals:         0       0       0       0       0       0       0       0
      Temps:          0       0       0       0       0       0       0       0
      Totals:         0       2       0       0       0       0       0       0
Total ram usage:        2 bytes
 Hardware stack levels used:    1
 Hardware stack levels required when called:    4
 This function calls:
		Nothing
 This function is called by:
		_EUSART_Initialize
 This function uses a non-reentrant model


 *************** function _DAC_Initialize *****************
 Defined at:
		line 58 in file "mcc_generated_files/dac.c"
 Parameters:    Size  Location     Type
		None
 Auto vars:     Size  Location     Type
		None
 Return value:  Size  Location     Type
                  1    wreg      void 
 Registers used:
		wreg
 Tracked objects:
		On entry : 
		On exit  : 
		Unchanged: 
 Data sizes:     COMMON   BANK0   BANK1   BANK2   BANK3   BANK4   BANK5   BANK6
      Params:         0       0       0       0       0       0       0       0
      Locals:         0       0       0       0       0       0       0       0
      Temps:          0       0       0       0       0       0       0       0
      Totals:         0       0       0       0       0       0       0       0
Total ram usage:        0 bytes
 Hardware stack levels used:    1
 Hardware stack levels required when called:    4
 This function calls:
		Nothing
 This function is called by:
		_SYSTEM_Initialize
		_main
 This function uses a non-reentrant model


 *************** function _INTERRUPT_InterruptManager *****************
 Defined at:
		line 52 in file "mcc_generated_files/interrupt_manager.c"
 Parameters:    Size  Location     Type
		None
 Auto vars:     Size  Location     Type
		None
 Return value:  Size  Location     Type
                  1    wreg      void 
 Registers used:
		wreg, fsr0l, fsr0h, fsr1l, fsr1h, status,2, status,0, pclath, cstack
 Tracked objects:
		On entry : 
		On exit  : 
		Unchanged: 
 Data sizes:     COMMON   BANK0   BANK1   BANK2   BANK3   BANK4   BANK5   BANK6
      Params:         0       0       0       0       0       0       0       0
      Locals:         0       0       0       0       0       0       0       0
      Temps:          0       0       0       0       0       0       0       0
      Totals:         0       0       0       0       0       0       0       0
Total ram usage:        0 bytes
 Hardware stack levels used:    1
 Hardware stack levels required when called:    3
 This function calls:
		_INT_ISR
		_PIN_MANAGER_IOC
		_TMR0_ISR
		_TMR4_ISR
 This function is called by:
		Interrupt level 1
 This function uses a non-reentrant model


 *************** function _TMR4_ISR *****************
 Defined at:
		line 119 in file "mcc_generated_files/tmr4.c"
 Parameters:    Size  Location     Type
		None
 Auto vars:     Size  Location     Type
		None
 Return value:  Size  Location     Type
                  1    wreg      void 
 Registers used:
		wreg, fsr1l, fsr1h, status,2, status,0, pclath, cstack
 Tracked objects:
		On entry : 
		On exit  : 
		Unchanged: 
 Data sizes:     COMMON   BANK0   BANK1   BANK2   BANK3   BANK4   BANK5   BANK6
      Params:         0       0       0       0       0       0       0       0
      Locals:         0       0       0       0       0       0       0       0
      Temps:          0       0       0       0       0       0       0       0
      Totals:         0       0       0       0       0       0       0       0
Total ram usage:        0 bytes
 Hardware stack levels used:    1
 Hardware stack levels required when called:    1
 This function calls:
		Absolute function
		_TMR4_DefaultInterruptHandler
 This function is called by:
		_INTERRUPT_InterruptManager
 This function uses a non-reentrant model


 *************** function _TMR4_DefaultInterruptHandler *****************
 Defined at:
		line 151 in file "mcc_generated_files/tmr4.c"
 Parameters:    Size  Location     Type
		None
 Auto vars:     Size  Location     Type
		None
 Return value:  Size  Location     Type
                  1    wreg      void 
 Registers used:
		wreg, fsr1l, fsr1h, status,2, status,0
 Tracked objects:
		On entry : 
		On exit  : 
		Unchanged: 
 Data sizes:     COMMON   BANK0   BANK1   BANK2   BANK3   BANK4   BANK5   BANK6
      Params:         0       0       0       0       0       0       0       0
      Locals:         0       0       0       0       0       0       0       0
      Temps:          2       0       0       0       0       0       0       0
      Totals:         2       0       0       0       0       0       0       0
Total ram usage:        2 bytes
 Hardware stack levels used:    1
 This function calls:
		Nothing
 This function is called by:
		_TMR4_Initialize
		_TMR4_ISR
 This function uses a non-reentrant model


 *************** function _TMR0_ISR *****************
 Defined at:
		line 108 in file "mcc_generated_files/tmr0.c"
 Parameters:    Size  Location     Type
		None
 Auto vars:     Size  Location     Type
		None
 Return value:  Size  Location     Type
                  1    wreg      void 
 Registers used:
		wreg, status,2, status,0, pclath, cstack
 Tracked objects:
		On entry : 
		On exit  : 
		Unchanged: 
 Data sizes:     COMMON   BANK0   BANK1   BANK2   BANK3   BANK4   BANK5   BANK6
      Params:         0       0       0       0       0       0       0       0
      Locals:         0       0       0       0       0       0       0       0
      Temps:          0       0       0       0       0       0       0       0
      Totals:         0       0       0       0       0       0       0       0
Total ram usage:        0 bytes
 Hardware stack levels used:    1
 Hardware stack levels required when called:    1
 This function calls:
		Absolute function
		_TMR0_DefaultInterruptHandler
 This function is called by:
		_INTERRUPT_InterruptManager
 This function uses a non-reentrant model


 *************** function _TMR0_DefaultInterruptHandler *****************
 Defined at:
		line 129 in file "mcc_generated_files/tmr0.c"
 Parameters:    Size  Location     Type
		None
 Auto vars:     Size  Location     Type
		None
 Return value:  Size  Location     Type
                  1    wreg      void 
 Registers used:
		None
 Tracked objects:
		On entry : 
		On exit  : 
		Unchanged: 
 Data sizes:     COMMON   BANK0   BANK1   BANK2   BANK3   BANK4   BANK5   BANK6
      Params:         0       0       0       0       0       0       0       0
      Locals:         0       0       0       0       0       0       0       0
      Temps:          0       0       0       0       0       0       0       0
      Totals:         0       0       0       0       0       0       0       0
Total ram usage:        0 bytes
 Hardware stack levels used:    1
 This function calls:
		Nothing
 This function is called by:
		_TMR0_Initialize
		_TMR0_ISR
 This function uses a non-reentrant model


 *************** function _PIN_MANAGER_IOC *****************
 Defined at:
		line 121 in file "mcc_generated_files/pin_manager.c"
 Parameters:    Size  Location     Type
		None
 Auto vars:     Size  Location     Type
		None
 Return value:  Size  Location     Type
                  1    wreg      void 
 Registers used:
		None
 Tracked objects:
		On entry : 
		On exit  : 
		Unchanged: 
 Data sizes:     COMMON   BANK0   BANK1   BANK2   BANK3   BANK4   BANK5   BANK6
      Params:         0       0       0       0       0       0       0       0
      Locals:         0       0       0       0       0       0       0       0
      Temps:          0       0       0       0       0       0       0       0
      Totals:         0       0       0       0       0       0       0       0
Total ram usage:        0 bytes
 Hardware stack levels used:    1
 This function calls:
		Nothing
 This function is called by:
		_INTERRUPT_InterruptManager
 This function uses a non-reentrant model


 *************** function _INT_ISR *****************
 Defined at:
		line 54 in file "mcc_generated_files/ext_int.c"
 Parameters:    Size  Location     Type
		None
 Auto vars:     Size  Location     Type
		None
 Return value:  Size  Location     Type
                  1    wreg      void 
 Registers used:
		wreg, fsr0l, fsr0h, fsr1l, fsr1h, status,2, status,0, pclath, cstack
 Tracked objects:
		On entry : 
		On exit  : 
		Unchanged: 
 Data sizes:     COMMON   BANK0   BANK1   BANK2   BANK3   BANK4   BANK5   BANK6
      Params:         0       0       0       0       0       0       0       0
      Locals:         0       0       0       0       0       0       0       0
      Temps:          0       0       0       0       0       0       0       0
      Totals:         0       0       0       0       0       0       0       0
Total ram usage:        0 bytes
 Hardware stack levels used:    1
 Hardware stack levels required when called:    2
 This function calls:
		_INT_CallBack
 This function is called by:
		_INTERRUPT_InterruptManager
 This function uses a non-reentrant model


 *************** function _INT_CallBack *****************
 Defined at:
		line 62 in file "mcc_generated_files/ext_int.c"
 Parameters:    Size  Location     Type
		None
 Auto vars:     Size  Location     Type
		None
 Return value:  Size  Location     Type
                  1    wreg      void 
 Registers used:
		wreg, fsr0l, fsr0h, fsr1l, fsr1h, status,2, status,0, pclath, cstack
 Tracked objects:
		On entry : 
		On exit  : 
		Unchanged: 
 Data sizes:     COMMON   BANK0   BANK1   BANK2   BANK3   BANK4   BANK5   BANK6
      Params:         0       0       0       0       0       0       0       0
      Locals:         0       0       0       0       0       0       0       0
      Temps:          0       0       0       0       0       0       0       0
      Totals:         0       0       0       0       0       0       0       0
Total ram usage:        0 bytes
 Hardware stack levels used:    1
 Hardware stack levels required when called:    1
 This function calls:
		Absolute function
		_INT_DefaultInterruptHandler
 This function is called by:
		_INT_ISR
 This function uses a non-reentrant model


 *************** function _INT_DefaultInterruptHandler *****************
 Defined at:
		line 75 in file "mcc_generated_files/ext_int.c"
 Parameters:    Size  Location     Type
		None
 Auto vars:     Size  Location     Type
  time            1    1[COMMON] unsigned char 
 Return value:  Size  Location     Type
                  1    wreg      void 
 Registers used:
		wreg, fsr0l, fsr0h, fsr1l, fsr1h, status,2, status,0
 Tracked objects:
		On entry : 
		On exit  : 
		Unchanged: 
 Data sizes:     COMMON   BANK0   BANK1   BANK2   BANK3   BANK4   BANK5   BANK6
      Params:         0       0       0       0       0       0       0       0
      Locals:         1       0       0       0       0       0       0       0
      Temps:          1       0       0       0       0       0       0       0
      Totals:         2       0       0       0       0       0       0       0
Total ram usage:        2 bytes
 Hardware stack levels used:    1
 This function calls:
		Nothing
 This function is called by:
		_EXT_INT_Initialize
		_INT_CallBack
 This function uses a non-reentrant model



MODULE INFORMATION

Module		Function		Class		Link	Load	Size
mcc_generated_files/opa2.c
		_OPA2_Initialize		CODE           	0777	0000	5

mcc_generated_files/opa2.c estimated size: 5

/opt/microchip/xc8/v2.20/pic/sources/c90/common/doprnt.c
		_printf        		CODE           	0644	0000	29

/opt/microchip/xc8/v2.20/pic/sources/c90/common/doprnt.c estimated size: 29

mcc_generated_files/tmr4.c
		_TMR4_ISR      		CODE           	0704	0000	12
		_TMR4_Initialize		CODE           	06B7	0000	20
		_TMR4_SetInterruptHandler		CODE           	0760	0000	6
		_TMR4_DefaultInterruptHandler		CODE           	0678	0000	24

mcc_generated_files/tmr4.c estimated size: 62

/opt/microchip/xc8/v2.20/pic/sources/c90/common/__lldiv.c
		___lldiv       		CODE           	02E0	0000	83

/opt/microchip/xc8/v2.20/pic/sources/c90/common/__lldiv.c estimated size: 83

/opt/microchip/xc8/v2.20/pic/sources/c90/common/awdiv.c
		___awdiv       		CODE           	0332	0000	82

/opt/microchip/xc8/v2.20/pic/sources/c90/common/awdiv.c estimated size: 82

mcc_generated_files/tmr2.c
		_TMR2_Initialize		CODE           	071A	0000	9

mcc_generated_files/tmr2.c estimated size: 9

mcc_generated_files/interrupt_manager.c
		_INTERRUPT_InterruptManager		CODE           	0004	0000	36

mcc_generated_files/interrupt_manager.c estimated size: 36

/opt/microchip/xc8/v2.20/pic/sources/c90/common/aldiv.c
		___aldiv       		CODE           	01FB	0000	130

/opt/microchip/xc8/v2.20/pic/sources/c90/common/aldiv.c estimated size: 130

mcc_generated_files/tmr0.c
		_TMR0_SetInterruptHandler		CODE           	0765	0000	6
		_TMR0_DefaultInterruptHandler		CODE           	0784	0000	2
		_TMR0_ISR      		CODE           	06EA	0000	15
		_TMR0_Initialize		CODE           	06CA	0000	18

mcc_generated_files/tmr0.c estimated size: 41

mcc_generated_files/pin_manager.c
		_PIN_MANAGER_Initialize		CODE           	04A2	0000	52
		_PIN_MANAGER_IOC		CODE           	0785	0000	2

mcc_generated_files/pin_manager.c estimated size: 54

/opt/microchip/xc8/v2.20/pic/sources/c90/common/Umul32.c
		___lmul        		CODE           	0504	0000	48

/opt/microchip/xc8/v2.20/pic/sources/c90/common/Umul32.c estimated size: 48

mcc_generated_files/ext_int.c
		_INT_DefaultInterruptHandler		CODE           	027C	0000	101
		_EXT_INT_Initialize		CODE           	06F8	0000	13
		_INT_SetInterruptHandler		CODE           	076A	0000	6
		_INT_CallBack  		CODE           	070F	0000	12
		_INT_ISR       		CODE           	077F	0000	5

mcc_generated_files/ext_int.c estimated size: 137

mcc_generated_files/opa1.c
		_OPA1_Initialize		CODE           	077B	0000	5

mcc_generated_files/opa1.c estimated size: 5

shared
		__initialization		CODE           	0029	0000	50

shared estimated size: 50

mcc_generated_files/mcc.c
		_WDT_Initialize		CODE           	0773	0000	5
		_OSCILLATOR_Initialize		CODE           	0722	0000	9
		_SYSTEM_Initialize		CODE           	0623	0000	34

mcc_generated_files/mcc.c estimated size: 48

mcc_generated_files/eusart.c
		_putch         		CODE           	075B	0000	6
		_EUSART_Write  		CODE           	0742	0000	8
		_EUSART_Initialize		CODE           	05DD	0000	37
		_EUSART_SetFramingErrorHandler		CODE           	0732	0000	9
		_EUSART_SetErrorHandler		CODE           	073A	0000	9
		_EUSART_SetOverrunErrorHandler		CODE           	072A	0000	9

mcc_generated_files/eusart.c estimated size: 78

mcc_generated_files/dac.c
		_DAC_Initialize		CODE           	0755	0000	7

mcc_generated_files/dac.c estimated size: 7

main.c
		_setCurrent    		CODE           	0160	0000	156
		_process_remote_command		CODE           	005E	0000	259
		_startUp       		CODE           	0465	0000	62
		_main          		CODE           	04D5	0000	48
		_setLEDColor   		CODE           	0660	0000	25
		_selectSomething		CODE           	0383	0000	81
		_selectFrequency		CODE           	058D	0000	42
		_battery_voltage		CODE           	0533	0000	46
		_initLED       		CODE           	0421	0000	69
		_setFrequency  		CODE           	03D3	0000	79
		_lowBattery    		CODE           	0560	0000	46
		_selectCurrent 		CODE           	05B6	0000	40

main.c estimated size: 953

