Microchip MPLAB XC8 Compiler V2.20

Linker command line:

-W-3 --edf=/opt/microchip/xc8/v2.20/pic/dat/en_msgs.txt -cn \
  -h+dist/default/production/MouseBrains2.X.production.sym \
  --cmf=dist/default/production/MouseBrains2.X.production.cmf -z -Q16LF1708 \
  -o/tmp/xcXAlAOaA --defsym=__MPLAB_BUILD=1 \
  -Mdist/default/production/MouseBrains2.X.production.map -E1 \
  -ver=XC8 Compiler -ASTACK=020CEh-021EFh -pstack=STACK -ACODE=00h-07FFhx2 \
  -ASTRCODE=00h-0FFFh -ASTRING=00h-0FFhx16 -ACONST=00h-0FFhx16 \
  -AENTRY=00h-0FFhx16 -ACOMMON=070h-07Fh -ABANK0=020h-06Fh \
  -ABANK1=0A0h-0EFh -ABANK2=0120h-016Fh -ABANK3=01A0h-01EFh \
  -ABANK4=0220h-026Fh -ABANK5=02A0h-02EFh -ABANK6=0320h-032Fh \
  -ABIGRAM=02000h-021EFh \
  -ARAM=020h-06Fh,0A0h-0EFh,0120h-016Fh,01A0h-01EFh,0220h-026Fh,02A0h-02EFh,0320h-032Fh \
  -AABS1=020h-07Fh,0A0h-0EFh,0120h-016Fh,01A0h-01EFh,0220h-026Fh,02A0h-02EFh,0320h-032Fh \
  -ASFR0=00h-01Fh -ASFR1=080h-09Fh -ASFR2=0100h-011Fh -ASFR3=0180h-019Fh \
  -ASFR4=0200h-021Fh -ASFR5=0280h-029Fh -ASFR6=0300h-031Fh \
  -ASFR7=0380h-03EFh -ASFR8=0400h-046Fh -ASFR9=0480h-04EFh \
  -ASFR10=0500h-056Fh -ASFR11=0580h-05EFh -ASFR12=0600h-066Fh \
  -ASFR13=0680h-06EFh -ASFR14=0700h-076Fh -ASFR15=0780h-07EFh \
  -ASFR16=0800h-086Fh -ASFR17=0880h-08EFh -ASFR18=0900h-096Fh \
  -ASFR19=0980h-09EFh -ASFR20=0A00h-0A6Fh -ASFR21=0A80h-0AEFh \
  -ASFR22=0B00h-0B6Fh -ASFR23=0B80h-0BEFh -ASFR24=0C00h-0C6Fh \
  -ASFR25=0C80h-0CEFh -ASFR26=0D00h-0D6Fh -ASFR27=0D80h-0DEFh \
  -ASFR28=0E00h-0E6Fh -ASFR29=0E80h-0EEFh -ASFR30=0F00h-0F6Fh \
  -ASFR31=0F80h-0FEFh -ACONFIG=08007h-08008h -DCONFIG=2 \
  -AIDLOC=08000h-08003h -DIDLOC=2 \
  -preset_vec=00h,intentry=04h,init,end_init -ppowerup=CODE -pcinit=CODE \
  -pfunctab=ENTRY -DCODE=2 -DSTRCODE=2 -DSTRING=2 -DCONST=2 -DENTRY=2 -k \
  /tmp/xcXnnABBd.o dist/default/production/MouseBrains2.X.production.o 

Object code version is 3.11

Machine type is 16LF1708



                Name                               Link     Load   Length Selector   Space Scale
/tmp/xcXnnABBd.o
                end_init                             20       20        2        8       0
                reset_vec                             0        0        2        0       0
                config                             8007     8007        2        0       4
dist/default/production/MouseBrains2.X.production.o
                cinit                                22       22       2B        8       0
                intentry                              4        4       1C        8       0
                config                             8007     8007        2        0       4
                text48                              3CD      3CD       67        8       0
                text47                              EA9      EA9        B     1D52       0
                text46                              E30      E30        4     1C60       0
                text45                                2        2        1        0       0
                text44                              34B      34B       82        8       0
                text43                              7AB      7AB       2E        8       0
                text42                              5D2      5D2       51        8       0
                text41                              4DC      4DC       53        8       0
                text40                              77C      77C       2F        8       0
                text39                              225      225       A4        8       0
                text38                              71B      71B       31        8       0
                text37                              EBF      EBF        C     1D7E       0
                text35                              E40      E40        6     1C80       0
                text34                              E68      E68        9     1CD0       0
                text33                              E71      E71        9     1CE2       0
                text32                              E7A      E7A        9     1CF4       0
                text31                              F32      F32       24     1E64       0
                text30                              E83      E83        9     1D06       0
                text29                              EB4      EB4        B     1D68       0
                text28                              E34      E34        4     1C68       0
                text27                              E38      E38        4     1C70       0
                text26                              E58      E58        8     1CB0       0
                text25                              6E8      6E8       33        8       0
                text24                              E95      E95        A     1D2A       0
                text23                              E60      E60        8     1CC0       0
                text22                              E8C      E8C        9     1D18       0
                text21                              ECB      ECB       12     1D96       0
                text20                              E3C      E3C        4     1C78       0
                text19                              F11      F11       21     1E22       0
                text18                              667      667       44        8       0
                text17                              EDD      EDD       17     1DBA       0
                text16                              FD3      FD3       2D     1FA6       0
                text15                              2C9      2C9       82        8       0
                text14                              FA8      FA8       2B     1F50       0
                text13                              E9F      E9F        A     1D3E       0
                text12                              E46      E46        6     1C8C       0
                text11                              EF4      EF4       1D     1DE8       0
                text10                              F56      F56       28     1EAC       0
                text9                               F7E      F7E       2A     1EFC       0
                text8                               581      581       51        8       0
                text7                               52F      52F       52        8       0
                text6                               489      489       53        8       0
                text5                               74C      74C       30        8       0
                text4                               169      169       BC        8       0
                text3                               623      623       44        8       0
                text2                                4D       4D      11C        8       0
                text1                               6AB      6AB       3D        8       0
                maintext                            434      434       55        8       0
                cstackBANK0                          20       20       20       20       1
                cstackCOMMON                         70       70        D       70       1
                cstackBANK1                          C6       C6       23       A0       1
                cstackBANK2                         141      141        D      120       1
                clrtext                             E4C      E4C        6     1C98       0
                inittext                            E52      E52        6     1CA4       0
                bssBANK2                            120      120       21      120       1
                dataBANK1                            A0       A0       26       A0       1
                bssBANK1                             E9       E9        7       A0       1
                dataBANK0                            5D       5D        1       20       1
                bssBANK0                             40       40       1D       20       1
                stringtext3                         827      827        F      FFE       0
                stringtext2                         814      814       13      FFE       0
                stringtext1                         7FF      7FF       15      FFE       0
                idataBANK1                          7D9      7D9       26        8       0
                idataBANK0                            3        3        1        6       0

TOTAL           Name                               Link     Load   Length     Space
        CLASS   STACK          

        CLASS   CODE           
                end_init                             20       20        2         0
                cinit                                22       22       2B         0
                intentry                              4        4       1C         0
                reset_vec                             0        0        2         0
                text48                              3CD      3CD       67         0
                text47                              EA9      EA9        B         0
                text46                              E30      E30        4         0
                text45                                2        2        1         0
                text44                              34B      34B       82         0
                text43                              7AB      7AB       2E         0
                text42                              5D2      5D2       51         0
                text41                              4DC      4DC       53         0
                text40                              77C      77C       2F         0
                text39                              225      225       A4         0
                text38                              71B      71B       31         0
                text37                              EBF      EBF        C         0
                text35                              E40      E40        6         0
                text34                              E68      E68        9         0
                text33                              E71      E71        9         0
                text32                              E7A      E7A        9         0
                text31                              F32      F32       24         0
                text30                              E83      E83        9         0
                text29                              EB4      EB4        B         0
                text28                              E34      E34        4         0
                text27                              E38      E38        4         0
                text26                              E58      E58        8         0
                text25                              6E8      6E8       33         0
                text24                              E95      E95        A         0
                text23                              E60      E60        8         0
                text22                              E8C      E8C        9         0
                text21                              ECB      ECB       12         0
                text20                              E3C      E3C        4         0
                text19                              F11      F11       21         0
                text18                              667      667       44         0
                text17                              EDD      EDD       17         0
                text16                              FD3      FD3       2D         0
                text15                              2C9      2C9       82         0
                text14                              FA8      FA8       2B         0
                text13                              E9F      E9F        A         0
                text12                              E46      E46        6         0
                text11                              EF4      EF4       1D         0
                text10                              F56      F56       28         0
                text9                               F7E      F7E       2A         0
                text8                               581      581       51         0
                text7                               52F      52F       52         0
                text6                               489      489       53         0
                text5                               74C      74C       30         0
                text4                               169      169       BC         0
                text3                               623      623       44         0
                text2                                4D       4D      11C         0
                text1                               6AB      6AB       3D         0
                maintext                            434      434       55         0
                clrtext                             E4C      E4C        6         0
                inittext                            E52      E52        6         0
                idataBANK1                          7D9      7D9       26         0
                idataBANK0                            3        3        1         0

        CLASS   STRCODE        
                stringtext3                         827      827        F         0
                stringtext2                         814      814       13         0
                stringtext1                         7FF      7FF       15         0

        CLASS   STRING         

        CLASS   CONST          

        CLASS   ENTRY          

        CLASS   COMMON         
                cstackCOMMON                         70       70        D         1

        CLASS   BANK0          
                cstackBANK0                          20       20       20         1
                dataBANK0                            5D       5D        1         1
                bssBANK0                             40       40       1D         1

        CLASS   BANK1          
                cstackBANK1                          C6       C6       23         1
                dataBANK1                            A0       A0       26         1
                bssBANK1                             E9       E9        7         1

        CLASS   BANK2          
                cstackBANK2                         141      141        D         1
                bssBANK2                            120      120       21         1

        CLASS   BANK3          

        CLASS   BANK4          

        CLASS   BANK5          

        CLASS   BANK6          

        CLASS   BIGRAM         

        CLASS   RAM            

        CLASS   ABS1           
                abs_s1                               7E       7E        2         1

        CLASS   SFR0           

        CLASS   SFR1           

        CLASS   SFR2           

        CLASS   SFR3           

        CLASS   SFR4           

        CLASS   SFR5           

        CLASS   SFR6           

        CLASS   SFR7           

        CLASS   SFR8           

        CLASS   SFR9           

        CLASS   SFR10          

        CLASS   SFR11          

        CLASS   SFR12          

        CLASS   SFR13          

        CLASS   SFR14          

        CLASS   SFR15          

        CLASS   SFR16          

        CLASS   SFR17          

        CLASS   SFR18          

        CLASS   SFR19          

        CLASS   SFR20          

        CLASS   SFR21          

        CLASS   SFR22          

        CLASS   SFR23          

        CLASS   SFR24          

        CLASS   SFR25          

        CLASS   SFR26          

        CLASS   SFR27          

        CLASS   SFR28          

        CLASS   SFR29          

        CLASS   SFR30          

        CLASS   SFR31          

        CLASS   CONFIG         
                config                             8007     8007        2         4

        CLASS   IDLOC          

        CLASS   BANK31         

        CLASS   BANK30         

        CLASS   BANK29         

        CLASS   BANK28         

        CLASS   BANK27         

        CLASS   BANK26         

        CLASS   BANK25         

        CLASS   BANK24         

        CLASS   BANK23         

        CLASS   BANK22         

        CLASS   BANK21         

        CLASS   BANK20         

        CLASS   BANK19         

        CLASS   BANK18         

        CLASS   BANK17         

        CLASS   BANK16         

        CLASS   BANK15         

        CLASS   BANK14         

        CLASS   BANK13         

        CLASS   BANK12         

        CLASS   BANK11         

        CLASS   BANK10         

        CLASS   BANK9          

        CLASS   BANK8          

        CLASS   BANK7          

        CLASS   EEDATA         



SEGMENTS        Name                           Load    Length   Top    Selector   Space  Class     Delta

                text32                         000E7A  000009  000E83      1CF4       0  CODE        2
                text22                         000E8C  000009  000E95      1D18       0  CODE        2
                text30                         000E83  000009  000E8C      1D06       0  CODE        2
                text33                         000E71  000009  000E7A      1CE2       0  CODE        2
                reset_vec                      000000  000003  000003         0       0  CODE        2
                text34                         000E68  000009  000E71      1CD0       0  CODE        2
                text24                         000E95  00000A  000E9F      1D2A       0  CODE        2
                text13                         000E9F  00000A  000EA9      1D3E       0  CODE        2
                text12                         000E46  000006  000E4C      1C8C       0  CODE        2
                clrtext                        000E4C  000006  000E52      1C98       0  CODE        2
                inittext                       000E52  000006  000E58      1CA4       0  CODE        2
                text26                         000E58  000008  000E60      1CB0       0  CODE        2
                text23                         000E60  000008  000E68      1CC0       0  CODE        2
                text47                         000EA9  00000B  000EB4      1D52       0  CODE        2
                text29                         000EB4  00000B  000EBF      1D68       0  CODE        2
                stringtext1                    0007FF  000037  000836       FFE       0  STRCODE     2
                text21                         000ECB  000012  000EDD      1D96       0  CODE        2
                text37                         000EBF  00000C  000ECB      1D7E       0  CODE        2
                text35                         000E40  000006  000E46      1C80       0  CODE        2
                text20                         000E3C  000004  000E40      1C78       0  CODE        2
                text46                         000E30  000004  000E34      1C60       0  CODE        2
                idataBANK0                     000003  000001  000004         6       0  CODE        2
                text27                         000E38  000004  000E3C      1C70       0  CODE        2
                text28                         000E34  000004  000E38      1C68       0  CODE        2
                text17                         000EDD  000017  000EF4      1DBA       0  CODE        2
                bssBANK2                       000120  00002E  00014E       120       1  BANK2       1
                cstackBANK0                    000020  00003E  00005E        20       1  BANK0       1
                intentry                       000004  0007FB  0007FF         8       0  CODE        2
                dataBANK1                      0000A0  000050  0000F0        A0       1  BANK1       1
                cstackCOMMON                   000070  00000D  00007D        70       1  COMMON      1
                text31                         000F32  000024  000F56      1E64       0  CODE        2
                text10                         000F56  000028  000F7E      1EAC       0  CODE        2
                text9                          000F7E  00002A  000FA8      1EFC       0  CODE        2
                text11                         000EF4  00001D  000F11      1DE8       0  CODE        2
                text19                         000F11  000021  000F32      1E22       0  CODE        2
                text14                         000FA8  00002B  000FD3      1F50       0  CODE        2
                text16                         000FD3  00002D  001000      1FA6       0  CODE        2


UNUSED ADDRESS RANGES

        Name                Unused          Largest block    Delta
        BANK0            0005E-0006F              12           1
        BANK2            0014E-0016F              22           1
        BANK3            001A0-001EF              50           1
        BANK4            00220-0026F              50           1
        BANK5            002A0-002EF              50           1
        BANK6            00320-0032F              10           1
        BIGRAM           02000-021EF             1F0           1
        CODE             00836-00E2F             5FA           2
        COMMON           0007D-0007D               1           1
        CONST            00836-00E2F             100           2
        ENTRY            00836-00E2F             100           2
        IDLOC            08000-08003               4           2
        RAM              0005E-0006F              12           1
                         0014E-0016F              22
                         001A0-001EF              50
                         00220-0026F              50
                         002A0-002EF              50
                         00320-0032F              10
        SFR0             00000-0001F              20           1
        SFR1             00080-0009F              20           1
        SFR10            00500-0056F              70           1
        SFR11            00580-005EF              70           1
        SFR12            00600-0066F              70           1
        SFR13            00680-006EF              70           1
        SFR14            00700-0076F              70           1
        SFR15            00780-007EF              70           1
        SFR16            00800-0086F              70           1
        SFR17            00880-008EF              70           1
        SFR18            00900-0096F              70           1
        SFR19            00980-009EF              70           1
        SFR2             00100-0011F              20           1
        SFR20            00A00-00A6F              70           1
        SFR21            00A80-00AEF              70           1
        SFR22            00B00-00B6F              70           1
        SFR23            00B80-00BEF              70           1
        SFR24            00C00-00C6F              70           1
        SFR25            00C80-00CEF              70           1
        SFR26            00D00-00D6F              70           1
        SFR27            00D80-00DEF              70           1
        SFR28            00E00-00E6F              70           1
        SFR29            00E80-00EEF              70           1
        SFR3             00180-0019F              20           1
        SFR30            00F00-00F6F              70           1
        SFR31            00F80-00FEF              70           1
        SFR4             00200-0021F              20           1
        SFR5             00280-0029F              20           1
        SFR6             00300-0031F              20           1
        SFR7             00380-003EF              70           1
        SFR8             00400-0046F              70           1
        SFR9             00480-004EF              70           1
        STACK            020CE-021EF             122           1
        STRCODE          00836-00E2F             5FA           2
        STRING           00836-00E2F             100           2

                                  Symbol Table

?___aldiv                                      cstackBANK1  000D2
?___awdiv                                      cstackBANK1  000C6
?___lldiv                                      cstackBANK1  000D2
?___lmul                                       cstackBANK1  000C6
?_battery_voltage                              cstackBANK1  000E1
?_printf                                       cstackBANK1  000C8
?i1___aldiv                                    cstackBANK0  00020
?i1___awdiv                                    cstackCOMMON 00070
?i1___lldiv                                    cstackBANK0  00020
?i1___lmul                                     cstackCOMMON 00070
?i1_battery_voltage                            cstackBANK0  0002E
EUSART_SetErrorHandler@interruptHandler        cstackBANK1  000C6
EUSART_SetFramingErrorHandler@interruptHandler cstackBANK1  000C6
EUSART_SetOverrunErrorHandler@interruptHandler cstackBANK1  000C6
EUSART_Write@txData                            cstackBANK1  000C6
INT_DefaultInterruptHandler@time               cstackCOMMON 00071
INT_SetInterruptHandler@InterruptHandler       cstackBANK1  000C6
TMR4_SetInterruptHandler@InterruptHandler      cstackBANK1  000C6
_ADCON0                                        (abs)        0009D
_ADCON0bits                                    (abs)        0009D
_ADCON1                                        (abs)        0009E
_ADRES                                         (abs)        0009B
_ANSELA                                        (abs)        0018C
_ANSELB                                        (abs)        0018D
_ANSELC                                        (abs)        0018E
_BAUD1CON                                      (abs)        0019F
_BORCON                                        (abs)        00116
_CCP1CONbits                                   (abs)        00293
_CCPR1L                                        (abs)        00291
_CCPTMRSbits                                   (abs)        0029E
_DAC1CON0                                      (abs)        00118
_DAC1CON1                                      (abs)        00119
_DAC_Initialize                                text35       00E40
_EUSART_DefaultErrorHandler                    (abs)        00000
_EUSART_DefaultFramingErrorHandler             (abs)        00000
_EUSART_DefaultOverrunErrorHandler             (abs)        00000
_EUSART_ErrorHandler                           bssBANK0     0004C
_EUSART_FramingErrorHandler                    bssBANK0     00050
_EUSART_Initialize                             text31       00F32
_EUSART_OverrunErrorHandler                    bssBANK0     0004E
_EUSART_SetErrorHandler                        text34       00E68
_EUSART_SetFramingErrorHandler                 text33       00E71
_EUSART_SetOverrunErrorHandler                 text32       00E7A
_EUSART_Write                                  text13       00E9F
_EXT_INT_Initialize                            text29       00EB4
_FVRCON                                        (abs)        00117
_FVRCONbits                                    (abs)        00117
_INLVLA                                        (abs)        0038C
_INLVLB                                        (abs)        0038D
_INLVLC                                        (abs)        0038E
_INTCONbits                                    (abs)        0000B
_INTERRUPT_InterruptManager                    intentry     00004
_INTPPS                                        (abs)        00E10
_INT_CallBack                                  text47       00EA9
_INT_DefaultInterruptHandler                   text48       003CD
_INT_ISR                                       text46       00E30
_INT_InterruptHandler                          bssBANK0     0004A
_INT_SetInterruptHandler                       text30       00E83
_LATA                                          (abs)        0010C
_LATB                                          (abs)        0010D
_LATC                                          (abs)        0010E
_LED_blue                                      bssBANK1     000EB
_LED_green                                     bssBANK1     000EC
_LED_red                                       bssBANK1     000ED
_ODCONA                                        (abs)        0028C
_ODCONB                                        (abs)        0028D
_ODCONC                                        (abs)        0028E
_OPA1CON                                       (abs)        00511
_OPA1_Initialize                               text28       00E34
_OPA2CON                                       (abs)        00515
_OPA2_Initialize                               text27       00E38
_OPTION_REG                                    (abs)        00095
_OPTION_REGbits                                (abs)        00095
_OSCCON                                        (abs)        00099
_OSCILLATOR_Initialize                         text26       00E58
_OSCSTAT                                       (abs)        0009A
_OSCTUNE                                       (abs)        00098
_PIE2bits                                      (abs)        00092
_PIN_MANAGER_IOC                               text45       00002
_PIN_MANAGER_Initialize                        text25       006E8
_PIR1bits                                      (abs)        00011
_PIR2bits                                      (abs)        00012
_PR2                                           (abs)        0001B
_PR4                                           (abs)        00416
_PWM3CONbits                                   (abs)        00619
_PWM3DCH                                       (abs)        00618
_PWM3DCLbits                                   (abs)        00617
_PWM4CONbits                                   (abs)        0061C
_PWM4DCH                                       (abs)        0061B
_PWM4DCLbits                                   (abs)        0061A
_RA5PPS                                        (abs)        00E95
_RB7PPS                                        (abs)        00E9F
_RC1REG                                        (abs)        00199
_RC1STA                                        (abs)        0019D
_RC1STAbits                                    (abs)        0019D
_RC4PPS                                        (abs)        00EA4
_RC5PPS                                        (abs)        00EA5
_RXPPS                                         (abs)        00E24
_SLRCONA                                       (abs)        0030C
_SLRCONB                                       (abs)        0030D
_SLRCONC                                       (abs)        0030E
_SP1BRGH                                       (abs)        0019C
_SP1BRGL                                       (abs)        0019B
_SYSTEM_Initialize                             text19       00F11
_T2CON                                         (abs)        0001C
_T2CONbits                                     (abs)        0001C
_T4CON                                         (abs)        00417
_T4CONbits                                     (abs)        00417
_TMR0                                          (abs)        00015
_TMR0_Initialize                               text24       00E95
_TMR2                                          (abs)        0001A
_TMR2_Initialize                               text23       00E60
_TMR4                                          (abs)        00415
_TMR4_DefaultInterruptHandler                  text38       0071B
_TMR4_ISR                                      text37       00EBF
_TMR4_Initialize                               text21       00ECB
_TMR4_InterruptHandler                         bssBANK0     00044
_TMR4_SetInterruptHandler                      text22       00E8C
_TRISA                                         (abs)        0008C
_TRISB                                         (abs)        0008D
_TRISC                                         (abs)        0008E
_TX1REG                                        (abs)        0019A
_TX1STA                                        (abs)        0019E
_TX1STAbits                                    (abs)        0019E
_Vdac_mv                                       bssBANK1     000EE
_WDTCON                                        (abs)        00097
_WDT_Initialize                                text20       00E3C
_WPUA                                          (abs)        0020C
_WPUB                                          (abs)        0020D
_WPUC                                          (abs)        0020E
__Habs1                                        abs1         00000
__Hbank0                                       bank0        00000
__Hbank1                                       bank1        00000
__Hbank10                                      bank10       00000
__Hbank11                                      bank11       00000
__Hbank12                                      bank12       00000
__Hbank13                                      bank13       00000
__Hbank14                                      bank14       00000
__Hbank15                                      bank15       00000
__Hbank16                                      bank16       00000
__Hbank17                                      bank17       00000
__Hbank18                                      bank18       00000
__Hbank19                                      bank19       00000
__Hbank2                                       bank2        00000
__Hbank20                                      bank20       00000
__Hbank21                                      bank21       00000
__Hbank22                                      bank22       00000
__Hbank23                                      bank23       00000
__Hbank24                                      bank24       00000
__Hbank25                                      bank25       00000
__Hbank26                                      bank26       00000
__Hbank27                                      bank27       00000
__Hbank28                                      bank28       00000
__Hbank29                                      bank29       00000
__Hbank3                                       bank3        00000
__Hbank30                                      bank30       00000
__Hbank31                                      bank31       00000
__Hbank4                                       bank4        00000
__Hbank5                                       bank5        00000
__Hbank6                                       bank6        00000
__Hbank7                                       bank7        00000
__Hbank8                                       bank8        00000
__Hbank9                                       bank9        00000
__Hbigram                                      bigram       00000
__HbssBANK0                                    bssBANK0     00000
__HbssBANK1                                    bssBANK1     00000
__HbssBANK2                                    bssBANK2     00000
__Hcinit                                       cinit        0004D
__Hclrtext                                     clrtext      00000
__Hcode                                        code         00000
__Hcommon                                      common       00000
__Hconfig                                      config       08009
__HcstackBANK0                                 cstackBANK0  00000
__HcstackBANK1                                 cstackBANK1  00000
__HcstackBANK2                                 cstackBANK2  00000
__HcstackCOMMON                                cstackCOMMON 00000
__HdataBANK0                                   dataBANK0    00000
__HdataBANK1                                   dataBANK1    00000
__Heeprom_data                                 eeprom_data  00000
__Hend_init                                    end_init     00022
__Hfunctab                                     functab      00000
__HidataBANK0                                  idataBANK0   00000
__HidataBANK1                                  idataBANK1   00000
__Hinit                                        init         00020
__Hinittext                                    inittext     00000
__Hintentry                                    intentry     00020
__Hmaintext                                    maintext     00000
__Hpowerup                                     powerup      00000
__Hram                                         ram          00000
__Hreset_vec                                   reset_vec    00002
__Hsfr0                                        sfr0         00000
__Hsfr1                                        sfr1         00000
__Hsfr10                                       sfr10        00000
__Hsfr11                                       sfr11        00000
__Hsfr12                                       sfr12        00000
__Hsfr13                                       sfr13        00000
__Hsfr14                                       sfr14        00000
__Hsfr15                                       sfr15        00000
__Hsfr16                                       sfr16        00000
__Hsfr17                                       sfr17        00000
__Hsfr18                                       sfr18        00000
__Hsfr19                                       sfr19        00000
__Hsfr2                                        sfr2         00000
__Hsfr20                                       sfr20        00000
__Hsfr21                                       sfr21        00000
__Hsfr22                                       sfr22        00000
__Hsfr23                                       sfr23        00000
__Hsfr24                                       sfr24        00000
__Hsfr25                                       sfr25        00000
__Hsfr26                                       sfr26        00000
__Hsfr27                                       sfr27        00000
__Hsfr28                                       sfr28        00000
__Hsfr29                                       sfr29        00000
__Hsfr3                                        sfr3         00000
__Hsfr30                                       sfr30        00000
__Hsfr31                                       sfr31        00000
__Hsfr4                                        sfr4         00000
__Hsfr5                                        sfr5         00000
__Hsfr6                                        sfr6         00000
__Hsfr7                                        sfr7         00000
__Hsfr8                                        sfr8         00000
__Hsfr9                                        sfr9         00000
__Hspace_0                                     (abs)        01000
__Hspace_1                                     (abs)        0014E
__Hspace_2                                     (abs)        00000
__Hspace_3                                     (abs)        00000
__Hspace_4                                     (abs)        10010
__Hstack                                       stack        00000
__Hstrings                                     strings      00000
__Hstringtext1                                 stringtext1  00000
__Hstringtext2                                 stringtext2  00000
__Hstringtext3                                 stringtext3  00000
__Hstringtext4                                 stringtext4  00000
__Htext                                        text         00000
__Labs1                                        abs1         00000
__Lbank0                                       bank0        00000
__Lbank1                                       bank1        00000
__Lbank10                                      bank10       00000
__Lbank11                                      bank11       00000
__Lbank12                                      bank12       00000
__Lbank13                                      bank13       00000
__Lbank14                                      bank14       00000
__Lbank15                                      bank15       00000
__Lbank16                                      bank16       00000
__Lbank17                                      bank17       00000
__Lbank18                                      bank18       00000
__Lbank19                                      bank19       00000
__Lbank2                                       bank2        00000
__Lbank20                                      bank20       00000
__Lbank21                                      bank21       00000
__Lbank22                                      bank22       00000
__Lbank23                                      bank23       00000
__Lbank24                                      bank24       00000
__Lbank25                                      bank25       00000
__Lbank26                                      bank26       00000
__Lbank27                                      bank27       00000
__Lbank28                                      bank28       00000
__Lbank29                                      bank29       00000
__Lbank3                                       bank3        00000
__Lbank30                                      bank30       00000
__Lbank31                                      bank31       00000
__Lbank4                                       bank4        00000
__Lbank5                                       bank5        00000
__Lbank6                                       bank6        00000
__Lbank7                                       bank7        00000
__Lbank8                                       bank8        00000
__Lbank9                                       bank9        00000
__Lbigram                                      bigram       00000
__LbssBANK0                                    bssBANK0     00000
__LbssBANK1                                    bssBANK1     00000
__LbssBANK2                                    bssBANK2     00000
__Lcinit                                       cinit        00022
__Lclrtext                                     clrtext      00000
__Lcode                                        code         00000
__Lcommon                                      common       00000
__Lconfig                                      config       00000
__LcstackBANK0                                 cstackBANK0  00000
__LcstackBANK1                                 cstackBANK1  00000
__LcstackBANK2                                 cstackBANK2  00000
__LcstackCOMMON                                cstackCOMMON 00000
__LdataBANK0                                   dataBANK0    00000
__LdataBANK1                                   dataBANK1    00000
__Leeprom_data                                 eeprom_data  00000
__Lend_init                                    end_init     00020
__Lfunctab                                     functab      00000
__LidataBANK0                                  idataBANK0   00000
__LidataBANK1                                  idataBANK1   00000
__Linit                                        init         00020
__Linittext                                    inittext     00000
__Lintentry                                    intentry     00004
__Lmaintext                                    maintext     00000
__Lpowerup                                     powerup      00000
__Lram                                         ram          00000
__Lreset_vec                                   reset_vec    00000
__Lsfr0                                        sfr0         00000
__Lsfr1                                        sfr1         00000
__Lsfr10                                       sfr10        00000
__Lsfr11                                       sfr11        00000
__Lsfr12                                       sfr12        00000
__Lsfr13                                       sfr13        00000
__Lsfr14                                       sfr14        00000
__Lsfr15                                       sfr15        00000
__Lsfr16                                       sfr16        00000
__Lsfr17                                       sfr17        00000
__Lsfr18                                       sfr18        00000
__Lsfr19                                       sfr19        00000
__Lsfr2                                        sfr2         00000
__Lsfr20                                       sfr20        00000
__Lsfr21                                       sfr21        00000
__Lsfr22                                       sfr22        00000
__Lsfr23                                       sfr23        00000
__Lsfr24                                       sfr24        00000
__Lsfr25                                       sfr25        00000
__Lsfr26                                       sfr26        00000
__Lsfr27                                       sfr27        00000
__Lsfr28                                       sfr28        00000
__Lsfr29                                       sfr29        00000
__Lsfr3                                        sfr3         00000
__Lsfr30                                       sfr30        00000
__Lsfr31                                       sfr31        00000
__Lsfr4                                        sfr4         00000
__Lsfr5                                        sfr5         00000
__Lsfr6                                        sfr6         00000
__Lsfr7                                        sfr7         00000
__Lsfr8                                        sfr8         00000
__Lsfr9                                        sfr9         00000
__Lspace_0                                     (abs)        00000
__Lspace_1                                     (abs)        00000
__Lspace_2                                     (abs)        00000
__Lspace_3                                     (abs)        00000
__Lspace_4                                     (abs)        00000
__Lstack                                       stack        00000
__Lstrings                                     strings      00000
__Lstringtext1                                 stringtext1  00000
__Lstringtext2                                 stringtext2  00000
__Lstringtext3                                 stringtext3  00000
__Lstringtext4                                 stringtext4  00000
__Ltext                                        text         00000
__S0                                           (abs)        01000
__S1                                           (abs)        0014E
__S2                                           (abs)        00000
___aldiv                                       text15       002C9
___aldiv@counter                               cstackBANK1  000DB
___aldiv@dividend                              cstackBANK1  000D6
___aldiv@divisor                               cstackBANK1  000D2
___aldiv@quotient                              cstackBANK1  000DD
___aldiv@sign                                  cstackBANK1  000DC
___awdiv                                       text7        0052F
___awdiv@counter                               cstackBANK1  000CB
___awdiv@dividend                              cstackBANK1  000C8
___awdiv@divisor                               cstackBANK1  000C6
___awdiv@quotient                              cstackBANK1  000CD
___awdiv@sign                                  cstackBANK1  000CC
___int_sp                                      stack        00000
___latbits                                     (abs)        00001
___lldiv                                       text6        00489
___lldiv@counter                               cstackBANK1  000DF
___lldiv@dividend                              cstackBANK1  000D6
___lldiv@divisor                               cstackBANK1  000D2
___lldiv@quotient                              cstackBANK1  000DB
___lmul                                        text5        0074C
___lmul@multiplicand                           cstackBANK1  000CA
___lmul@multiplier                             cstackBANK1  000C6
___lmul@product                                cstackBANK1  000CE
___sp                                          stack        00000
___stackhi                                     (abs)        021EF
___stacklo                                     (abs)        020CE
__end_of_DAC_Initialize                        text35       00E46
__end_of_EUSART_Initialize                     text31       00F56
__end_of_EUSART_SetErrorHandler                text34       00E71
__end_of_EUSART_SetFramingErrorHandler         text33       00E7A
__end_of_EUSART_SetOverrunErrorHandler         text32       00E83
__end_of_EUSART_Write                          text13       00EA9
__end_of_EXT_INT_Initialize                    text29       00EBF
__end_of_INTERRUPT_InterruptManager            intentry     00020
__end_of_INT_CallBack                          text47       00EB4
__end_of_INT_DefaultInterruptHandler           text48       00434
__end_of_INT_ISR                               text46       00E34
__end_of_INT_SetInterruptHandler               text30       00E8C
__end_of_OPA1_Initialize                       text28       00E38
__end_of_OPA2_Initialize                       text27       00E3C
__end_of_OSCILLATOR_Initialize                 text26       00E60
__end_of_PIN_MANAGER_IOC                       text45       00003
__end_of_PIN_MANAGER_Initialize                text25       0071B
__end_of_SYSTEM_Initialize                     text19       00F32
__end_of_TMR0_Initialize                       text24       00E9F
__end_of_TMR2_Initialize                       text23       00E68
__end_of_TMR4_DefaultInterruptHandler          text38       0074C
__end_of_TMR4_ISR                              text37       00ECB
__end_of_TMR4_Initialize                       text21       00EDD
__end_of_TMR4_SetInterruptHandler              text22       00E95
__end_of_WDT_Initialize                        text20       00E40
__end_of___aldiv                               text15       0034B
__end_of___awdiv                               text7        00581
__end_of___lldiv                               text6        004DC
__end_of___lmul                                text5        0077C
__end_of__initialization                       cinit        00049
__end_of_battery_voltage                       text14       00FD3
__end_of_initLED                               text18       006AB
__end_of_lowBattery                            text16       01000
__end_of_main                                  maintext     00489
__end_of_printf                                text11       00F11
__end_of_process_remote_command                text2        00169
__end_of_putch                                 text12       00E4C
__end_of_selectCurrent                         text10       00F7E
__end_of_selectFrequency                       text9        00FA8
__end_of_selectSomething                       text8        005D2
__end_of_setCurrent                            text4        00225
__end_of_setFrequency                          text3        00667
__end_of_setLEDColor                           text17       00EF4
__end_of_startUp                               text1        006E8
__end_ofi1___aldiv                             text44       003CD
__end_ofi1___awdiv                             text42       00623
__end_ofi1___lldiv                             text41       0052F
__end_ofi1___lmul                              text40       007AB
__end_ofi1_battery_voltage                     text43       007D9
__end_ofi1_setCurrent                          text39       002C9
__initialization                               cinit        00022
__pbssBANK0                                    bssBANK0     00040
__pbssBANK1                                    bssBANK1     000E9
__pbssBANK2                                    bssBANK2     00120
__pcstackBANK0                                 cstackBANK0  00020
__pcstackBANK1                                 cstackBANK1  000C6
__pcstackBANK2                                 cstackBANK2  00141
__pcstackCOMMON                                cstackCOMMON 00070
__pdataBANK0                                   dataBANK0    0005D
__pdataBANK1                                   dataBANK1    000A0
__pidataBANK0                                  idataBANK0   00003
__pidataBANK1                                  idataBANK1   007D9
__pintentry                                    intentry     00004
__pmaintext                                    maintext     00434
__pstringtext1                                 stringtext1  007FF
__pstringtext2                                 stringtext2  00814
__pstringtext3                                 stringtext3  00827
__pstringtext4                                 stringtext4  00000
__ptext1                                       text1        006AB
__ptext10                                      text10       00F56
__ptext11                                      text11       00EF4
__ptext12                                      text12       00E46
__ptext13                                      text13       00E9F
__ptext14                                      text14       00FA8
__ptext15                                      text15       002C9
__ptext16                                      text16       00FD3
__ptext17                                      text17       00EDD
__ptext18                                      text18       00667
__ptext19                                      text19       00F11
__ptext2                                       text2        0004D
__ptext20                                      text20       00E3C
__ptext21                                      text21       00ECB
__ptext22                                      text22       00E8C
__ptext23                                      text23       00E60
__ptext24                                      text24       00E95
__ptext25                                      text25       006E8
__ptext26                                      text26       00E58
__ptext27                                      text27       00E38
__ptext28                                      text28       00E34
__ptext29                                      text29       00EB4
__ptext3                                       text3        00623
__ptext30                                      text30       00E83
__ptext31                                      text31       00F32
__ptext32                                      text32       00E7A
__ptext33                                      text33       00E71
__ptext34                                      text34       00E68
__ptext35                                      text35       00E40
__ptext37                                      text37       00EBF
__ptext38                                      text38       0071B
__ptext39                                      text39       00225
__ptext4                                       text4        00169
__ptext40                                      text40       0077C
__ptext41                                      text41       004DC
__ptext42                                      text42       005D2
__ptext43                                      text43       007AB
__ptext44                                      text44       0034B
__ptext45                                      text45       00002
__ptext46                                      text46       00E30
__ptext47                                      text47       00EA9
__ptext48                                      text48       003CD
__ptext5                                       text5        0074C
__ptext6                                       text6        00489
__ptext7                                       text7        0052F
__ptext8                                       text8        00581
__ptext9                                       text9        00F7E
__size_of_DAC_Initialize                       (abs)        00000
__size_of_EUSART_Initialize                    (abs)        00000
__size_of_EUSART_SetErrorHandler               (abs)        00000
__size_of_EUSART_SetFramingErrorHandler        (abs)        00000
__size_of_EUSART_SetOverrunErrorHandler        (abs)        00000
__size_of_EUSART_Write                         (abs)        00000
__size_of_EXT_INT_Initialize                   (abs)        00000
__size_of_INTERRUPT_InterruptManager           (abs)        00000
__size_of_INT_CallBack                         (abs)        00000
__size_of_INT_DefaultInterruptHandler          (abs)        00000
__size_of_INT_ISR                              (abs)        00000
__size_of_INT_SetInterruptHandler              (abs)        00000
__size_of_OPA1_Initialize                      (abs)        00000
__size_of_OPA2_Initialize                      (abs)        00000
__size_of_OSCILLATOR_Initialize                (abs)        00000
__size_of_PIN_MANAGER_IOC                      (abs)        00000
__size_of_PIN_MANAGER_Initialize               (abs)        00000
__size_of_SYSTEM_Initialize                    (abs)        00000
__size_of_TMR0_Initialize                      (abs)        00000
__size_of_TMR2_Initialize                      (abs)        00000
__size_of_TMR4_DefaultInterruptHandler         (abs)        00000
__size_of_TMR4_ISR                             (abs)        00000
__size_of_TMR4_Initialize                      (abs)        00000
__size_of_TMR4_SetInterruptHandler             (abs)        00000
__size_of_WDT_Initialize                       (abs)        00000
__size_of___aldiv                              (abs)        00000
__size_of___awdiv                              (abs)        00000
__size_of___lldiv                              (abs)        00000
__size_of___lmul                               (abs)        00000
__size_of_battery_voltage                      (abs)        00000
__size_of_initLED                              (abs)        00000
__size_of_lowBattery                           (abs)        00000
__size_of_main                                 (abs)        00000
__size_of_printf                               (abs)        00000
__size_of_process_remote_command               (abs)        00000
__size_of_putch                                (abs)        00000
__size_of_selectCurrent                        (abs)        00000
__size_of_selectFrequency                      (abs)        00000
__size_of_selectSomething                      (abs)        00000
__size_of_setCurrent                           (abs)        00000
__size_of_setFrequency                         (abs)        00000
__size_of_setLEDColor                          (abs)        00000
__size_of_startUp                              (abs)        00000
__size_ofi1___aldiv                            (abs)        00000
__size_ofi1___awdiv                            (abs)        00000
__size_ofi1___lldiv                            (abs)        00000
__size_ofi1___lmul                             (abs)        00000
__size_ofi1_battery_voltage                    (abs)        00000
__size_ofi1_setCurrent                         (abs)        00000
_battery_voltage                               text14       00FA8
_currentIndex                                  bssBANK0     00046
_currentIsOn                                   dataBANK0    0005D
_currentValue                                  dataBANK1    000A4
_duty                                          bssBANK0     00053
_eusartRxLastError                             bssBANK0     00056
_flag                                          bssBANK1     000EA
_frequencyIndex                                bssBANK0     00048
_frequencyValue                                dataBANK1    000BA
_initLED                                       text18       00667
_interfaceState                                bssBANK1     000E9
_ir_code                                       bssBANK0     00057
_lowBattery                                    text16       00FD3
_main                                          maintext     00434
_printf                                        text11       00EF4
_process_remote_command                        text2        0004D
_putch                                         text12       00E46
_selectCurrent                                 text10       00F56
_selectFrequency                               text9        00F7E
_selectSomething                               text8        00581
_setCurrent                                    text4        00169
_setFrequency                                  text3        00623
_setLEDColor                                   text17       00EDD
_startUp                                       text1        006AB
_stats                                         bssBANK2     00120
_timer0ReloadVal                               bssBANK0     00055
btemp                                          (abs)        0007E
clear_ram0                                     clrtext      00E4C
end_of_initialization                          cinit        00049
i1___aldiv                                     text44       0034B
i1___aldiv@counter                             cstackBANK0  00028
i1___aldiv@dividend                            cstackBANK0  00024
i1___aldiv@divisor                             cstackBANK0  00020
i1___aldiv@quotient                            cstackBANK0  0002A
i1___aldiv@sign                                cstackBANK0  00029
i1___awdiv                                     text42       005D2
i1___awdiv@counter                             cstackCOMMON 00075
i1___awdiv@dividend                            cstackCOMMON 00072
i1___awdiv@divisor                             cstackCOMMON 00070
i1___awdiv@quotient                            cstackCOMMON 00077
i1___awdiv@sign                                cstackCOMMON 00076
i1___lldiv                                     text41       004DC
i1___lldiv@counter                             cstackBANK0  0002C
i1___lldiv@dividend                            cstackBANK0  00024
i1___lldiv@divisor                             cstackBANK0  00020
i1___lldiv@quotient                            cstackBANK0  00028
i1___lmul                                      text40       0077C
i1___lmul@multiplicand                         cstackCOMMON 00074
i1___lmul@multiplier                           cstackCOMMON 00070
i1___lmul@product                              cstackCOMMON 00078
i1_battery_voltage                             text43       007AB
i1_setCurrent                                  text39       00225
i1setCurrent@DACValue                          cstackBANK0  0003C
i1setCurrent@Vdd_mv                            cstackBANK0  00032
i1setCurrent@microamps                         cstackBANK0  00030
init_ram                                       inittext     00E52
int$flags                                      (abs)        0007E
intlevel0                                      functab      00000
intlevel1                                      functab      00000
intlevel2                                      functab      00000
intlevel3                                      functab      00000
intlevel4                                      functab      00000
intlevel5                                      functab      00000
printf@ap                                      cstackBANK1  000CD
printf@c                                       cstackBANK1  000CE
printf@f                                       cstackBANK1  000C8
process_remote_command@code                    cstackBANK2  0014B
putch@txData                                   cstackBANK1  000C7
reset_vec                                      reset_vec    00000
setCurrent@DACValue                            cstackBANK1  000E7
setCurrent@Vdd_mv                              cstackBANK1  000E5
setCurrent@microamps                           cstackBANK1  000E3
setFrequency@frequency_hz                      cstackBANK1  000E1
setFrequency@pr4_val                           cstackBANK1  000E4
setLEDColor@blue                               cstackBANK1  000C7
setLEDColor@green                              cstackBANK1  000C6
setLEDColor@red                                cstackBANK1  000C9
start                                          init         00020
startUp@i                                      cstackBANK1  000CC
start_initialization                           cinit        00022
wtemp0                                         (abs)        0007E


FUNCTION INFORMATION:

 *************** function _main *****************
 Defined at:
		line 380 in file "main.c"
 Parameters:    Size  Location     Type
		None
 Auto vars:     Size  Location     Type
		None
 Return value:  Size  Location     Type
                  1    wreg      void 
 Registers used:
		wreg, status,2, status,0, pclath, cstack
 Tracked objects:
		On entry : 
		On exit  : 
		Unchanged: 
 Data sizes:     COMMON   BANK0   BANK1   BANK2   BANK3   BANK4   BANK5   BANK6
      Params:         0       0       0       0       0       0       0       0
      Locals:         0       0       0       0       0       0       0       0
      Temps:          0       0       0       2       0       0       0       0
      Totals:         0       0       0       2       0       0       0       0
Total ram usage:        2 bytes
 Hardware stack levels required when called:   10
 This function calls:
		_DAC_Initialize
		_OPA1_Initialize
		_OPA2_Initialize
		_SYSTEM_Initialize
		_battery_voltage
		_initLED
		_lowBattery
		_process_remote_command
		_setLEDColor
		_startUp
 This function is called by:
		Startup code after reset
 This function uses a non-reentrant model


 *************** function _startUp *****************
 Defined at:
		line 186 in file "main.c"
 Parameters:    Size  Location     Type
		None
 Auto vars:     Size  Location     Type
  i               2    6[BANK1 ] int 
 Return value:  Size  Location     Type
                  1    wreg      void 
 Registers used:
		wreg, status,2, status,0, pclath, cstack
 Tracked objects:
		On entry : 
		On exit  : 
		Unchanged: 
 Data sizes:     COMMON   BANK0   BANK1   BANK2   BANK3   BANK4   BANK5   BANK6
      Params:         0       0       0       0       0       0       0       0
      Locals:         0       0       2       0       0       0       0       0
      Temps:          0       0       2       0       0       0       0       0
      Totals:         0       0       4       0       0       0       0       0
Total ram usage:        4 bytes
 Hardware stack levels used:    1
 Hardware stack levels required when called:    6
 This function calls:
		_setLEDColor
 This function is called by:
		_main
 This function uses a non-reentrant model


 *************** function _process_remote_command *****************
 Defined at:
		line 285 in file "main.c"
 Parameters:    Size  Location     Type
  code            1    wreg     PTR struct .
		 -> ir_code(6), 
 Auto vars:     Size  Location     Type
  code            1   10[BANK2 ] PTR struct .
		 -> ir_code(6), 
 Return value:  Size  Location     Type
                  1    wreg      void 
 Registers used:
		wreg, fsr0l, fsr0h, fsr1l, fsr1h, status,2, status,0, pclath, cstack
 Tracked objects:
		On entry : 
		On exit  : 
		Unchanged: 
 Data sizes:     COMMON   BANK0   BANK1   BANK2   BANK3   BANK4   BANK5   BANK6
      Params:         0       0       0       0       0       0       0       0
      Locals:         0       0       0       1       0       0       0       0
      Temps:          0       0       0       2       0       0       0       0
      Totals:         0       0       0       3       0       0       0       0
Total ram usage:        3 bytes
 Hardware stack levels used:    1
 Hardware stack levels required when called:    9
 This function calls:
		_battery_voltage
		_printf
		_selectCurrent
		_selectFrequency
		_selectSomething
		_setCurrent
		_setFrequency
		_setLEDColor
 This function is called by:
		_main
 This function uses a non-reentrant model


 *************** function _setFrequency *****************
 Defined at:
		line 246 in file "main.c"
 Parameters:    Size  Location     Type
  frequency_hz    2   27[BANK1 ] unsigned int 
 Auto vars:     Size  Location     Type
  pr4_val         2   30[BANK1 ] int 
 Return value:  Size  Location     Type
                  1    wreg      void 
 Registers used:
		wreg, status,2, status,0, pclath, cstack
 Tracked objects:
		On entry : 
		On exit  : 
		Unchanged: 
 Data sizes:     COMMON   BANK0   BANK1   BANK2   BANK3   BANK4   BANK5   BANK6
      Params:         0       0       2       0       0       0       0       0
      Locals:         0       0       2       0       0       0       0       0
      Temps:          0       0       1       0       0       0       0       0
      Totals:         0       0       5       0       0       0       0       0
Total ram usage:        5 bytes
 Hardware stack levels used:    1
 Hardware stack levels required when called:    6
 This function calls:
		___aldiv
		___lmul
 This function is called by:
		_process_remote_command
 This function uses a non-reentrant model


 *************** function _setCurrent *****************
 Defined at:
		line 235 in file "main.c"
 Parameters:    Size  Location     Type
  microamps       2   29[BANK1 ] int 
  Vdd_mv          2   31[BANK1 ] int 
 Auto vars:     Size  Location     Type
  DACValue        2   33[BANK1 ] int 
 Return value:  Size  Location     Type
                  1    wreg      void 
 Registers used:
		wreg, status,2, status,0, pclath, cstack
 Tracked objects:
		On entry : 
		On exit  : 
		Unchanged: 
 Data sizes:     COMMON   BANK0   BANK1   BANK2   BANK3   BANK4   BANK5   BANK6
      Params:         0       0       4       0       0       0       0       0
      Locals:         0       0       2       0       0       0       0       0
      Temps:          0       0       0       8       0       0       0       0
      Totals:         0       0       6       8       0       0       0       0
Total ram usage:       14 bytes
 Hardware stack levels used:    1
 Hardware stack levels required when called:    6
 This function calls:
		___aldiv
		___awdiv
		___lldiv
		___lmul
 This function is called by:
		_process_remote_command
 This function uses a non-reentrant model


 *************** function ___lmul *****************
 Defined at:
		line 15 in file "/opt/microchip/xc8/v2.20/pic/sources/c90/common/Umul32.c"
 Parameters:    Size  Location     Type
  multiplier      4    0[BANK1 ] unsigned long 
  multiplicand    4    4[BANK1 ] unsigned long 
 Auto vars:     Size  Location     Type
  product         4    8[BANK1 ] unsigned long 
 Return value:  Size  Location     Type
                  4    0[BANK1 ] unsigned long 
 Registers used:
		wreg, status,2, status,0
 Tracked objects:
		On entry : 
		On exit  : 
		Unchanged: 
 Data sizes:     COMMON   BANK0   BANK1   BANK2   BANK3   BANK4   BANK5   BANK6
      Params:         0       0       8       0       0       0       0       0
      Locals:         0       0       4       0       0       0       0       0
      Temps:          0       0       0       0       0       0       0       0
      Totals:         0       0      12       0       0       0       0       0
Total ram usage:       12 bytes
 Hardware stack levels used:    1
 Hardware stack levels required when called:    5
 This function calls:
		Nothing
 This function is called by:
		_setCurrent
		_setFrequency
 This function uses a non-reentrant model


 *************** function ___lldiv *****************
 Defined at:
		line 5 in file "/opt/microchip/xc8/v2.20/pic/sources/c90/common/__lldiv.c"
 Parameters:    Size  Location     Type
  divisor         4   12[BANK1 ] unsigned long 
  dividend        4   16[BANK1 ] unsigned long 
 Auto vars:     Size  Location     Type
  quotient        4   21[BANK1 ] unsigned long 
  counter         1   25[BANK1 ] unsigned char 
 Return value:  Size  Location     Type
                  4   12[BANK1 ] unsigned long 
 Registers used:
		wreg, status,2, status,0
 Tracked objects:
		On entry : 
		On exit  : 
		Unchanged: 
 Data sizes:     COMMON   BANK0   BANK1   BANK2   BANK3   BANK4   BANK5   BANK6
      Params:         0       0       8       0       0       0       0       0
      Locals:         0       0       5       0       0       0       0       0
      Temps:          0       0       1       0       0       0       0       0
      Totals:         0       0      14       0       0       0       0       0
Total ram usage:       14 bytes
 Hardware stack levels used:    1
 Hardware stack levels required when called:    5
 This function calls:
		Nothing
 This function is called by:
		_setCurrent
 This function uses a non-reentrant model


 *************** function ___awdiv *****************
 Defined at:
		line 5 in file "/opt/microchip/xc8/v2.20/pic/sources/c90/common/awdiv.c"
 Parameters:    Size  Location     Type
  divisor         2    0[BANK1 ] int 
  dividend        2    2[BANK1 ] int 
 Auto vars:     Size  Location     Type
  quotient        2    7[BANK1 ] int 
  sign            1    6[BANK1 ] unsigned char 
  counter         1    5[BANK1 ] unsigned char 
 Return value:  Size  Location     Type
                  2    0[BANK1 ] int 
 Registers used:
		wreg, status,2, status,0
 Tracked objects:
		On entry : 
		On exit  : 
		Unchanged: 
 Data sizes:     COMMON   BANK0   BANK1   BANK2   BANK3   BANK4   BANK5   BANK6
      Params:         0       0       4       0       0       0       0       0
      Locals:         0       0       4       0       0       0       0       0
      Temps:          0       0       1       0       0       0       0       0
      Totals:         0       0       9       0       0       0       0       0
Total ram usage:        9 bytes
 Hardware stack levels used:    1
 Hardware stack levels required when called:    5
 This function calls:
		Nothing
 This function is called by:
		_setCurrent
 This function uses a non-reentrant model


 *************** function _selectSomething *****************
 Defined at:
		line 197 in file "main.c"
 Parameters:    Size  Location     Type
		None
 Auto vars:     Size  Location     Type
		None
 Return value:  Size  Location     Type
                  1    wreg      void 
 Registers used:
		wreg, status,2, status,0, pclath, cstack
 Tracked objects:
		On entry : 
		On exit  : 
		Unchanged: 
 Data sizes:     COMMON   BANK0   BANK1   BANK2   BANK3   BANK4   BANK5   BANK6
      Params:         0       0       0       0       0       0       0       0
      Locals:         0       0       0       0       0       0       0       0
      Temps:          0       0       2       0       0       0       0       0
      Totals:         0       0       2       0       0       0       0       0
Total ram usage:        2 bytes
 Hardware stack levels used:    1
 Hardware stack levels required when called:    6
 This function calls:
		_setLEDColor
 This function is called by:
		_process_remote_command
 This function uses a non-reentrant model


 *************** function _selectFrequency *****************
 Defined at:
		line 209 in file "main.c"
 Parameters:    Size  Location     Type
		None
 Auto vars:     Size  Location     Type
		None
 Return value:  Size  Location     Type
                  1    wreg      void 
 Registers used:
		wreg, fsr0l, fsr0h, status,2, status,0, pclath, cstack
 Tracked objects:
		On entry : 
		On exit  : 
		Unchanged: 
 Data sizes:     COMMON   BANK0   BANK1   BANK2   BANK3   BANK4   BANK5   BANK6
      Params:         0       0       0       0       0       0       0       0
      Locals:         0       0       0       0       0       0       0       0
      Temps:          0       0       2       0       0       0       0       0
      Totals:         0       0       2       0       0       0       0       0
Total ram usage:        2 bytes
 Hardware stack levels used:    1
 Hardware stack levels required when called:    8
 This function calls:
		_printf
		_setLEDColor
 This function is called by:
		_process_remote_command
 This function uses a non-reentrant model


 *************** function _selectCurrent *****************
 Defined at:
		line 217 in file "main.c"
 Parameters:    Size  Location     Type
		None
 Auto vars:     Size  Location     Type
		None
 Return value:  Size  Location     Type
                  1    wreg      void 
 Registers used:
		wreg, fsr0l, fsr0h, status,2, status,0, pclath, cstack
 Tracked objects:
		On entry : 
		On exit  : 
		Unchanged: 
 Data sizes:     COMMON   BANK0   BANK1   BANK2   BANK3   BANK4   BANK5   BANK6
      Params:         0       0       0       0       0       0       0       0
      Locals:         0       0       0       0       0       0       0       0
      Temps:          0       0       2       0       0       0       0       0
      Totals:         0       0       2       0       0       0       0       0
Total ram usage:        2 bytes
 Hardware stack levels used:    1
 Hardware stack levels required when called:    8
 This function calls:
		_printf
		_setLEDColor
 This function is called by:
		_process_remote_command
 This function uses a non-reentrant model


 *************** function _printf *****************
 Defined at:
		line 477 in file "/opt/microchip/xc8/v2.20/pic/sources/c90/common/doprnt.c"
 Parameters:    Size  Location     Type
  f               2    2[BANK1 ] PTR const unsigned char 
		 -> STR_3(15), STR_2(19), STR_1(21), 
 Auto vars:     Size  Location     Type
  tmpval          4    0        struct .
  cp              2    0        PTR const unsigned char 
  len             2    0        unsigned int 
  val             2    0        unsigned int 
  c               1    8[BANK1 ] unsigned char 
  ap              1    7[BANK1 ] PTR void [1]
		 -> ?_printf(2), 
  flag            1    0        unsigned char 
  prec            1    0        char 
 Return value:  Size  Location     Type
                  2    2[BANK1 ] int 
 Registers used:
		wreg, fsr0l, fsr0h, status,2, status,0, pclath, cstack
 Tracked objects:
		On entry : 
		On exit  : 
		Unchanged: 
 Data sizes:     COMMON   BANK0   BANK1   BANK2   BANK3   BANK4   BANK5   BANK6
      Params:         0       0       2       0       0       0       0       0
      Locals:         0       0       2       0       0       0       0       0
      Temps:          0       0       3       0       0       0       0       0
      Totals:         0       0       7       0       0       0       0       0
Total ram usage:        7 bytes
 Hardware stack levels used:    1
 Hardware stack levels required when called:    7
 This function calls:
		_putch
 This function is called by:
		_selectFrequency
		_selectCurrent
		_process_remote_command
 This function uses a non-reentrant model


 *************** function _putch *****************
 Defined at:
		line 146 in file "mcc_generated_files/eusart.c"
 Parameters:    Size  Location     Type
  txData          1    wreg     unsigned char 
 Auto vars:     Size  Location     Type
  txData          1    1[BANK1 ] unsigned char 
 Return value:  Size  Location     Type
                  1    wreg      void 
 Registers used:
		wreg, status,2, status,0, pclath, cstack
 Tracked objects:
		On entry : 
		On exit  : 
		Unchanged: 
 Data sizes:     COMMON   BANK0   BANK1   BANK2   BANK3   BANK4   BANK5   BANK6
      Params:         0       0       0       0       0       0       0       0
      Locals:         0       0       1       0       0       0       0       0
      Temps:          0       0       0       0       0       0       0       0
[...]
		_EUSART_Initialize
 This function uses a non-reentrant model


 *************** function _DAC_Initialize *****************
 Defined at:
		line 58 in file "mcc_generated_files/dac.c"
 Parameters:    Size  Location     Type
		None
 Auto vars:     Size  Location     Type
		None
 Return value:  Size  Location     Type
                  1    wreg      void 
 Registers used:
		wreg
 Tracked objects:
		On entry : 
		On exit  : 
		Unchanged: 
 Data sizes:     COMMON   BANK0   BANK1   BANK2   BANK3   BANK4   BANK5   BANK6
      Params:         0       0       0       0       0       0       0       0
      Locals:         0       0       0       0       0       0       0       0
      Temps:          0       0       0       0       0       0       0       0
      Totals:         0       0       0       0       0       0       0       0
Total ram usage:        0 bytes
 Hardware stack levels used:    1
 Hardware stack levels required when called:    5
 This function calls:
		Nothing
 This function is called by:
		_SYSTEM_Initialize
		_main
 This function uses a non-reentrant model


 *************** function _INTERRUPT_InterruptManager *****************
 Defined at:
		line 52 in file "mcc_generated_files/interrupt_manager.c"
 Parameters:    Size  Location     Type
		None
 Auto vars:     Size  Location     Type
		None
 Return value:  Size  Location     Type
                  1    wreg      void 
 Registers used:
		wreg, fsr0l, fsr0h, fsr1l, fsr1h, status,2, status,0, pclath, cstack
 Tracked objects:
		On entry : 
		On exit  : 
		Unchanged: 
 Data sizes:     COMMON   BANK0   BANK1   BANK2   BANK3   BANK4   BANK5   BANK6
      Params:         0       0       0       0       0       0       0       0
      Locals:         0       0       0       0       0       0       0       0
      Temps:          0       0       0       0       0       0       0       0
      Totals:         0       0       0       0       0       0       0       0
Total ram usage:        0 bytes
 Hardware stack levels used:    1
 Hardware stack levels required when called:    4
 This function calls:
		_INT_ISR
		_PIN_MANAGER_IOC
		_TMR4_ISR
 This function is called by:
		Interrupt level 1
 This function uses a non-reentrant model


 *************** function _TMR4_ISR *****************
 Defined at:
		line 119 in file "mcc_generated_files/tmr4.c"
 Parameters:    Size  Location     Type
		None
 Auto vars:     Size  Location     Type
		None
 Return value:  Size  Location     Type
                  1    wreg      void 
 Registers used:
		wreg, fsr1l, fsr1h, status,2, status,0, pclath, cstack
 Tracked objects:
		On entry : 
		On exit  : 
		Unchanged: 
 Data sizes:     COMMON   BANK0   BANK1   BANK2   BANK3   BANK4   BANK5   BANK6
      Params:         0       0       0       0       0       0       0       0
      Locals:         0       0       0       0       0       0       0       0
      Temps:          0       0       0       0       0       0       0       0
      Totals:         0       0       0       0       0       0       0       0
Total ram usage:        0 bytes
 Hardware stack levels used:    1
 Hardware stack levels required when called:    3
 This function calls:
		Absolute function
		_TMR4_DefaultInterruptHandler
 This function is called by:
		_INTERRUPT_InterruptManager
 This function uses a non-reentrant model


 *************** function _TMR4_DefaultInterruptHandler *****************
 Defined at:
		line 147 in file "mcc_generated_files/tmr4.c"
 Parameters:    Size  Location     Type
		None
 Auto vars:     Size  Location     Type
		None
 Return value:  Size  Location     Type
                  1    wreg      void 
 Registers used:
		wreg, fsr1l, fsr1h, status,2, status,0, pclath, cstack
 Tracked objects:
		On entry : 
		On exit  : 
		Unchanged: 
 Data sizes:     COMMON   BANK0   BANK1   BANK2   BANK3   BANK4   BANK5   BANK6
      Params:         0       0       0       0       0       0       0       0
      Locals:         0       0       0       0       0       0       0       0
      Temps:          0       2       0       0       0       0       0       0
      Totals:         0       2       0       0       0       0       0       0
Total ram usage:        2 bytes
 Hardware stack levels used:    1
 Hardware stack levels required when called:    2
 This function calls:
		i1_battery_voltage
		i1_setCurrent
 This function is called by:
		_TMR4_Initialize
		_TMR4_ISR
 This function uses a non-reentrant model


 *************** function i1_setCurrent *****************
 Defined at:
		line 235 in file "main.c"
 Parameters:    Size  Location     Type
  microamps       2   16[BANK0 ] int 
  Vdd_mv          2   18[BANK0 ] int 
 Auto vars:     Size  Location     Type
  DACValue        2   28[BANK0 ] int 
 Return value:  Size  Location     Type
                  1    wreg      void 
 Registers used:
		wreg, status,2, status,0, pclath, cstack
 Tracked objects:
		On entry : 
		On exit  : 
		Unchanged: 
 Data sizes:     COMMON   BANK0   BANK1   BANK2   BANK3   BANK4   BANK5   BANK6
      Params:         0       4       0       0       0       0       0       0
      Locals:         0       2       0       0       0       0       0       0
      Temps:          0       8       0       0       0       0       0       0
      Totals:         0      14       0       0       0       0       0       0
Total ram usage:       14 bytes
 Hardware stack levels used:    1
 Hardware stack levels required when called:    1
 This function calls:
		i1___aldiv
		i1___awdiv
		i1___lldiv
		i1___lmul
 This function is called by:
		_TMR4_DefaultInterruptHandler
 This function uses a non-reentrant model


 *************** function i1___lmul *****************
 Defined at:
		line 15 in file "/opt/microchip/xc8/v2.20/pic/sources/c90/common/Umul32.c"
 Parameters:    Size  Location     Type
  multiplier      4    0[COMMON] unsigned long 
  multiplicand    4    4[COMMON] unsigned long 
 Auto vars:     Size  Location     Type
  product         4    8[COMMON] unsigned long 
 Return value:  Size  Location     Type
                  4    0[COMMON] unsigned long 
 Registers used:
		wreg, status,2, status,0
 Tracked objects:
		On entry : 
		On exit  : 
		Unchanged: 
 Data sizes:     COMMON   BANK0   BANK1   BANK2   BANK3   BANK4   BANK5   BANK6
      Params:         8       0       0       0       0       0       0       0
      Locals:         4       0       0       0       0       0       0       0
      Temps:          0       0       0       0       0       0       0       0
      Totals:        12       0       0       0       0       0       0       0
Total ram usage:       12 bytes
 Hardware stack levels used:    1
 This function calls:
		Nothing
 This function is called by:
		i1_setCurrent
 This function uses a non-reentrant model


 *************** function i1___lldiv *****************
 Defined at:
		line 5 in file "/opt/microchip/xc8/v2.20/pic/sources/c90/common/__lldiv.c"
 Parameters:    Size  Location     Type
  divisor         4    0[BANK0 ] unsigned long 
  dividend        4    4[BANK0 ] unsigned long 
 Auto vars:     Size  Location     Type
  quotient        4    8[BANK0 ] unsigned long 
  counter         1   12[BANK0 ] unsigned char 
 Return value:  Size  Location     Type
                  4    0[BANK0 ] unsigned long 
 Registers used:
		wreg, status,2, status,0
 Tracked objects:
		On entry : 
		On exit  : 
		Unchanged: 
 Data sizes:     COMMON   BANK0   BANK1   BANK2   BANK3   BANK4   BANK5   BANK6
      Params:         0       8       0       0       0       0       0       0
      Locals:         0       5       0       0       0       0       0       0
      Temps:          1       0       0       0       0       0       0       0
      Totals:         1      13       0       0       0       0       0       0
Total ram usage:       14 bytes
 Hardware stack levels used:    1
 This function calls:
		Nothing
 This function is called by:
		i1_setCurrent
 This function uses a non-reentrant model


 *************** function i1___awdiv *****************
 Defined at:
		line 5 in file "/opt/microchip/xc8/v2.20/pic/sources/c90/common/awdiv.c"
 Parameters:    Size  Location     Type
  divisor         2    0[COMMON] int 
  dividend        2    2[COMMON] int 
 Auto vars:     Size  Location     Type
  quotient        2    7[COMMON] int 
  sign            1    6[COMMON] unsigned char 
  counter         1    5[COMMON] unsigned char 
 Return value:  Size  Location     Type
                  2    0[COMMON] int 
 Registers used:
		wreg, status,2, status,0
 Tracked objects:
		On entry : 
		On exit  : 
		Unchanged: 
 Data sizes:     COMMON   BANK0   BANK1   BANK2   BANK3   BANK4   BANK5   BANK6
      Params:         4       0       0       0       0       0       0       0
      Locals:         4       0       0       0       0       0       0       0
      Temps:          1       0       0       0       0       0       0       0
      Totals:         9       0       0       0       0       0       0       0
Total ram usage:        9 bytes
 Hardware stack levels used:    1
 This function calls:
		Nothing
 This function is called by:
		i1_setCurrent
 This function uses a non-reentrant model


 *************** function i1_battery_voltage *****************
 Defined at:
		line 91 in file "main.c"
 Parameters:    Size  Location     Type
		None
 Auto vars:     Size  Location     Type
		None
 Return value:  Size  Location     Type
                  2   14[BANK0 ] unsigned int 
 Registers used:
		wreg, status,2, status,0, pclath, cstack
 Tracked objects:
		On entry : 
		On exit  : 
		Unchanged: 
 Data sizes:     COMMON   BANK0   BANK1   BANK2   BANK3   BANK4   BANK5   BANK6
      Params:         0       2       0       0       0       0       0       0
      Locals:         0       0       0       0       0       0       0       0
      Temps:          0       0       0       0       0       0       0       0
      Totals:         0       2       0       0       0       0       0       0
Total ram usage:        2 bytes
 Hardware stack levels used:    1
 Hardware stack levels required when called:    1
 This function calls:
		i1___aldiv
 This function is called by:
		_TMR4_DefaultInterruptHandler
 This function uses a non-reentrant model


 *************** function i1___aldiv *****************
 Defined at:
		line 5 in file "/opt/microchip/xc8/v2.20/pic/sources/c90/common/aldiv.c"
 Parameters:    Size  Location     Type
  divisor         4    0[BANK0 ] long 
  dividend        4    4[BANK0 ] long 
 Auto vars:     Size  Location     Type
  quotient        4   10[BANK0 ] long 
  sign            1    9[BANK0 ] unsigned char 
  counter         1    8[BANK0 ] unsigned char 
 Return value:  Size  Location     Type
                  4    0[BANK0 ] long 
 Registers used:
		wreg, status,2, status,0
 Tracked objects:
		On entry : 
		On exit  : 
		Unchanged: 
 Data sizes:     COMMON   BANK0   BANK1   BANK2   BANK3   BANK4   BANK5   BANK6
      Params:         0       8       0       0       0       0       0       0
      Locals:         0       6       0       0       0       0       0       0
      Temps:          1       0       0       0       0       0       0       0
      Totals:         1      14       0       0       0       0       0       0
Total ram usage:       15 bytes
 Hardware stack levels used:    1
 This function calls:
		Nothing
 This function is called by:
		i1_battery_voltage
		i1_setCurrent
 This function uses a non-reentrant model


 *************** function _PIN_MANAGER_IOC *****************
 Defined at:
		line 121 in file "mcc_generated_files/pin_manager.c"
 Parameters:    Size  Location     Type
		None
 Auto vars:     Size  Location     Type
		None
 Return value:  Size  Location     Type
                  1    wreg      void 
 Registers used:
		None
 Tracked objects:
		On entry : 
		On exit  : 
		Unchanged: 
 Data sizes:     COMMON   BANK0   BANK1   BANK2   BANK3   BANK4   BANK5   BANK6
      Params:         0       0       0       0       0       0       0       0
      Locals:         0       0       0       0       0       0       0       0
      Temps:          0       0       0       0       0       0       0       0
      Totals:         0       0       0       0       0       0       0       0
Total ram usage:        0 bytes
 Hardware stack levels used:    1
 This function calls:
		Nothing
 This function is called by:
		_INTERRUPT_InterruptManager
 This function uses a non-reentrant model


 *************** function _INT_ISR *****************
 Defined at:
		line 54 in file "mcc_generated_files/ext_int.c"
 Parameters:    Size  Location     Type
		None
 Auto vars:     Size  Location     Type
		None
 Return value:  Size  Location     Type
                  1    wreg      void 
 Registers used:
		wreg, fsr0l, fsr0h, fsr1l, fsr1h, status,2, status,0, pclath, cstack
 Tracked objects:
		On entry : 
		On exit  : 
		Unchanged: 
 Data sizes:     COMMON   BANK0   BANK1   BANK2   BANK3   BANK4   BANK5   BANK6
      Params:         0       0       0       0       0       0       0       0
      Locals:         0       0       0       0       0       0       0       0
      Temps:          0       0       0       0       0       0       0       0
      Totals:         0       0       0       0       0       0       0       0
Total ram usage:        0 bytes
 Hardware stack levels used:    1
 Hardware stack levels required when called:    2
 This function calls:
		_INT_CallBack
 This function is called by:
		_INTERRUPT_InterruptManager
 This function uses a non-reentrant model


 *************** function _INT_CallBack *****************
 Defined at:
		line 62 in file "mcc_generated_files/ext_int.c"
 Parameters:    Size  Location     Type
		None
 Auto vars:     Size  Location     Type
		None
 Return value:  Size  Location     Type
                  1    wreg      void 
 Registers used:
		wreg, fsr0l, fsr0h, fsr1l, fsr1h, status,2, status,0, pclath, cstack
 Tracked objects:
		On entry : 
		On exit  : 
		Unchanged: 
 Data sizes:     COMMON   BANK0   BANK1   BANK2   BANK3   BANK4   BANK5   BANK6
      Params:         0       0       0       0       0       0       0       0
      Locals:         0       0       0       0       0       0       0       0
      Temps:          0       0       0       0       0       0       0       0
      Totals:         0       0       0       0       0       0       0       0
Total ram usage:        0 bytes
 Hardware stack levels used:    1
 Hardware stack levels required when called:    1
 This function calls:
		Absolute function
		_INT_DefaultInterruptHandler
 This function is called by:
		_INT_ISR
 This function uses a non-reentrant model


 *************** function _INT_DefaultInterruptHandler *****************
 Defined at:
		line 76 in file "mcc_generated_files/ext_int.c"
 Parameters:    Size  Location     Type
		None
 Auto vars:     Size  Location     Type
  time            1    1[COMMON] unsigned char 
 Return value:  Size  Location     Type
                  1    wreg      void 
 Registers used:
		wreg, fsr0l, fsr0h, fsr1l, fsr1h, status,2, status,0
 Tracked objects:
		On entry : 
		On exit  : 
		Unchanged: 
 Data sizes:     COMMON   BANK0   BANK1   BANK2   BANK3   BANK4   BANK5   BANK6
      Params:         0       0       0       0       0       0       0       0
      Locals:         1       0       0       0       0       0       0       0
      Temps:          1       0       0       0       0       0       0       0
      Totals:         2       0       0       0       0       0       0       0
Total ram usage:        2 bytes
 Hardware stack levels used:    1
 This function calls:
		Nothing
 This function is called by:
		_EXT_INT_Initialize
		_INT_CallBack
 This function uses a non-reentrant model



MODULE INFORMATION

Module		Function		Class		Link	Load	Size
mcc_generated_files/opa2.c
		_OPA2_Initialize		CODE           	0E38	0000	5

mcc_generated_files/opa2.c estimated size: 5

/opt/microchip/xc8/v2.20/pic/sources/c90/common/doprnt.c
		_printf        		CODE           	0EF4	0000	30

/opt/microchip/xc8/v2.20/pic/sources/c90/common/doprnt.c estimated size: 30

mcc_generated_files/tmr4.c
		_TMR4_ISR      		CODE           	0EBF	0000	13
		_TMR4_Initialize		CODE           	0ECB	0000	19
		_TMR4_SetInterruptHandler		CODE           	0E8C	0000	10
		_TMR4_DefaultInterruptHandler		CODE           	071B	0000	50

mcc_generated_files/tmr4.c estimated size: 92

/opt/microchip/xc8/v2.20/pic/sources/c90/common/__lldiv.c
		___lldiv       		CODE           	0489	0000	84

/opt/microchip/xc8/v2.20/pic/sources/c90/common/__lldiv.c estimated size: 84

/opt/microchip/xc8/v2.20/pic/sources/c90/common/awdiv.c
		___awdiv       		CODE           	052F	0000	83

/opt/microchip/xc8/v2.20/pic/sources/c90/common/awdiv.c estimated size: 83

mcc_generated_files/tmr2.c
		_TMR2_Initialize		CODE           	0E60	0000	9

mcc_generated_files/tmr2.c estimated size: 9

mcc_generated_files/interrupt_manager.c
		_INTERRUPT_InterruptManager		CODE           	0004	0000	29

mcc_generated_files/interrupt_manager.c estimated size: 29

/opt/microchip/xc8/v2.20/pic/sources/c90/common/aldiv.c
		___aldiv       		CODE           	02C9	0000	131

/opt/microchip/xc8/v2.20/pic/sources/c90/common/aldiv.c estimated size: 131

mcc_generated_files/tmr0.c
		_TMR0_Initialize		CODE           	0E95	0000	11

mcc_generated_files/tmr0.c estimated size: 11

mcc_generated_files/pin_manager.c
		_PIN_MANAGER_Initialize		CODE           	06E8	0000	52
		_PIN_MANAGER_IOC		CODE           	0002	0000	2

mcc_generated_files/pin_manager.c estimated size: 54

/opt/microchip/xc8/v2.20/pic/sources/c90/common/Umul32.c
		___lmul        		CODE           	074C	0000	49

/opt/microchip/xc8/v2.20/pic/sources/c90/common/Umul32.c estimated size: 49

mcc_generated_files/ext_int.c
		_INT_DefaultInterruptHandler		CODE           	03CD	0000	104
		_EXT_INT_Initialize		CODE           	0EB4	0000	12
		_INT_SetInterruptHandler		CODE           	0E83	0000	10
		_INT_CallBack  		CODE           	0EA9	0000	12
		_INT_ISR       		CODE           	0E30	0000	5

mcc_generated_files/ext_int.c estimated size: 143

mcc_generated_files/opa1.c
		_OPA1_Initialize		CODE           	0E34	0000	5

mcc_generated_files/opa1.c estimated size: 5

shared
		i1___awdiv     		CODE           	05D2	0000	82
		i1___lldiv     		CODE           	04DC	0000	84
		__initialization		CODE           	0022	0000	40
		i1___lmul      		CODE           	077C	0000	48
		i1___aldiv     		CODE           	034B	0000	131
		i1_battery_voltage		CODE           	07AB	0000	47
		i1_setCurrent  		CODE           	0225	0000	165

shared estimated size: 597

mcc_generated_files/mcc.c
		_WDT_Initialize		CODE           	0E3C	0000	5
		_OSCILLATOR_Initialize		CODE           	0E58	0000	9
		_SYSTEM_Initialize		CODE           	0F11	0000	34

mcc_generated_files/mcc.c estimated size: 48

mcc_generated_files/eusart.c
		_putch         		CODE           	0E46	0000	7
		_EUSART_Write  		CODE           	0E9F	0000	11
		_EUSART_Initialize		CODE           	0F32	0000	37
		_EUSART_SetFramingErrorHandler		CODE           	0E71	0000	10
		_EUSART_SetErrorHandler		CODE           	0E68	0000	10
		_EUSART_SetOverrunErrorHandler		CODE           	0E7A	0000	10

mcc_generated_files/eusart.c estimated size: 85

mcc_generated_files/dac.c
		_DAC_Initialize		CODE           	0E40	0000	7

mcc_generated_files/dac.c estimated size: 7

main.c
		_setCurrent    		CODE           	0169	0000	189
		_process_remote_command		CODE           	004D	0000	285
		_startUp       		CODE           	06AB	0000	62
		_main          		CODE           	0434	0000	86
		_setLEDColor   		CODE           	0EDD	0000	24
		_selectSomething		CODE           	0581	0000	82
		_selectFrequency		CODE           	0F7E	0000	43
		_battery_voltage		CODE           	0FA8	0000	44
		_initLED       		CODE           	0667	0000	69
		_setFrequency  		CODE           	0623	0000	69
		_lowBattery    		CODE           	0FD3	0000	46
		_selectCurrent 		CODE           	0F56	0000	41

main.c estimated size: 1040

