Microchip MPLAB XC8 Compiler V2.10 ()

Linker command line:

-W-3 --edf=/Applications/microchip/xc8/v2.10/pic/dat/en_msgs.txt -cs \
  -h+dist/default/production/MouseBrains2.X.production.sym \
  --cmf=dist/default/production/MouseBrains2.X.production.cmf -z -Q16LF1708 \
  -o/tmp/xctAIIdgl --defsym=__MPLAB_BUILD=1 \
  -Mdist/default/production/MouseBrains2.X.production.map -E1 -ver=XC8 \
  -ASTACK=02056h-021EFh -pstack=STACK -ACODE=00h-07FFhx2 \
  -ASTRCODE=00h-0FFFh -ASTRING=00h-0FFhx16 -ACONST=00h-0FFhx16 \
  -AENTRY=00h-0FFhx16 -ACOMMON=070h-07Fh -ABANK0=020h-06Fh \
  -ABANK1=0A0h-0EFh -ABANK2=0120h-016Fh -ABANK3=01A0h-01EFh \
  -ABANK4=0220h-026Fh -ABANK5=02A0h-02EFh -ABANK6=0320h-032Fh \
  -ABIGRAM=02000h-021EFh \
  -ARAM=020h-06Fh,0A0h-0EFh,0120h-016Fh,01A0h-01EFh,0220h-026Fh,02A0h-02EFh,0320h-032Fh \
  -AABS1=020h-07Fh,0A0h-0EFh,0120h-016Fh,01A0h-01EFh,0220h-026Fh,02A0h-02EFh,0320h-032Fh \
  -ASFR0=00h-01Fh -ASFR1=080h-09Fh -ASFR2=0100h-011Fh -ASFR3=0180h-019Fh \
  -ASFR4=0200h-021Fh -ASFR5=0280h-029Fh -ASFR6=0300h-031Fh \
  -ASFR7=0380h-03EFh -ASFR8=0400h-046Fh -ASFR9=0480h-04EFh \
  -ASFR10=0500h-056Fh -ASFR11=0580h-05EFh -ASFR12=0600h-066Fh \
  -ASFR13=0680h-06EFh -ASFR14=0700h-076Fh -ASFR15=0780h-07EFh \
  -ASFR16=0800h-086Fh -ASFR17=0880h-08EFh -ASFR18=0900h-096Fh \
  -ASFR19=0980h-09EFh -ASFR20=0A00h-0A6Fh -ASFR21=0A80h-0AEFh \
  -ASFR22=0B00h-0B6Fh -ASFR23=0B80h-0BEFh -ASFR24=0C00h-0C6Fh \
  -ASFR25=0C80h-0CEFh -ASFR26=0D00h-0D6Fh -ASFR27=0D80h-0DEFh \
  -ASFR28=0E00h-0E6Fh -ASFR29=0E80h-0EEFh -ASFR30=0F00h-0F6Fh \
  -ASFR31=0F80h-0FEFh -preset_vec=00h,intentry=04h,init,end_init \
  -ppowerup=CODE -pcinit=CODE -pfunctab=ENTRY -ACONFIG=08007h-08008h \
  -pconfig=CONFIG -DCONFIG=2 -AIDLOC=08000h-08003h -pidloc=IDLOC -DIDLOC=2 \
  -DCODE=2 -DSTRCODE=2 -DSTRING=2 -DCONST=2 -DENTRY=2 -k /tmp/xc3zOnXii.o \
  dist/default/production/MouseBrains2.X.production.o 

Object code version is 3.11

Machine type is 16LF1708



                Name                               Link     Load   Length Selector   Space Scale
/tmp/xc3zOnXii.o
                end_init                             14       14        2        8       0
                reset_vec                             0        0        2        0       0
                config                             8007     8007        2    1000E       0
dist/default/production/MouseBrains2.X.production.o
                cinit                                16       16       12        8       0
                intentry                              4        4       10        8       0
                text31                              2AB      2AB       64        8       0
                text30                              5AF      5AF        B      B10       0
                text29                              61A      61A        4      B10       0
                text28                              61E      61E        1      B10       0
                text26                              603      603        6      B10       0
                text25                              5D6      5D6        9      B10       0
                text24                              5CD      5CD        9      B10       0
                text23                              5C4      5C4        9      B10       0
                text22                              458      458       24        8       0
                text21                              5FD      5FD        6      B10       0
                text20                              5A3      5A3        C      B10       0
                text19                              616      616        4      B10       0
                text18                              612      612        4      B10       0
                text17                              5EF      5EF        8      B10       0
                text16                              3F9      3F9       31        8       0
                text15                              5BA      5BA        A      B10       0
                text14                              5E7      5E7        8      B10       0
                text13                              60E      60E        4      B10       0
                text12                              49C      49C       1E      938       0
                text11                              229      229       82        8       0
                text10                              42A      42A       2E        8       0
                text9                               3B6      3B6       43        8       0
                text8                               363      363       53        8       0
                text7                               4BA      4BA       1C      938       0
                text6                               588      588        E      B10       0
                text5                               5DF      5DF        8      B10       0
                text4                               609      609        5      B10       0
                text3                                28       28      154        8       0
                text2                               596      596        D      B10       0
                text1                               30F      30F       54        8       0
                maintext                            17C      17C       AD        8       0
                cstackBANK0                          20       20       27       20       1
                cstackCOMMON                         77       77        5       70       1
                clrtext                             5F7      5F7        6      B10       0
                bssBANK0                             47       47       25       20       1
                bssCOMMON                            70       70        7       70       1
                stringtext8                         577      577       11      9AC       0
                stringtext7                         55D      55D       1A      9AC       0
                stringtext6                         542      542       1B      9AC       0
                stringtext5                         527      527       1B      9AC       0
                stringtext4                         50C      50C       1B      9AC       0
                stringtext3                         4F1      4F1       1B      9AC       0
                stringtext2                         4D6      4D6       1B      9AC       0
                nvBANK1                              A0       A0        6       A0       1
                nvBANK0                              6C       6C        2       20       1
                stringtext1                         47C      47C       20      8F8       0

TOTAL           Name                               Link     Load   Length     Space
        CLASS   STACK          

        CLASS   CODE           
                end_init                             14       14        2         0
                cinit                                16       16       12         0
                intentry                              4        4       10         0
                reset_vec                             0        0        2         0
                text31                              2AB      2AB       64         0
                text30                              5AF      5AF        B         0
                text29                              61A      61A        4         0
                text28                              61E      61E        1         0
                text26                              603      603        6         0
                text25                              5D6      5D6        9         0
                text24                              5CD      5CD        9         0
                text23                              5C4      5C4        9         0
                text22                              458      458       24         0
                text21                              5FD      5FD        6         0
                text20                              5A3      5A3        C         0
                text19                              616      616        4         0
                text18                              612      612        4         0
                text17                              5EF      5EF        8         0
                text16                              3F9      3F9       31         0
                text15                              5BA      5BA        A         0
                text14                              5E7      5E7        8         0
                text13                              60E      60E        4         0
                text12                              49C      49C       1E         0
                text11                              229      229       82         0
                text10                              42A      42A       2E         0
                text9                               3B6      3B6       43         0
                text8                               363      363       53         0
                text7                               4BA      4BA       1C         0
                text6                               588      588        E         0
                text5                               5DF      5DF        8         0
                text4                               609      609        5         0
                text3                                28       28      154         0
                text2                               596      596        D         0
                text1                               30F      30F       54         0
                maintext                            17C      17C       AD         0
                clrtext                             5F7      5F7        6         0

        CLASS   STRCODE        
                stringtext8                         577      577       11         0
                stringtext7                         55D      55D       1A         0
                stringtext6                         542      542       1B         0
                stringtext5                         527      527       1B         0
                stringtext4                         50C      50C       1B         0
                stringtext3                         4F1      4F1       1B         0
                stringtext2                         4D6      4D6       1B         0
                stringtext1                         47C      47C       20         0

        CLASS   STRING         

        CLASS   CONST          

        CLASS   ENTRY          

        CLASS   COMMON         
                cstackCOMMON                         77       77        5         1
                bssCOMMON                            70       70        7         1

        CLASS   BANK0          
                cstackBANK0                          20       20       27         1
                bssBANK0                             47       47       25         1
                nvBANK0                              6C       6C        2         1

        CLASS   BANK1          
                nvBANK1                              A0       A0        6         1

        CLASS   BANK2          

        CLASS   BANK3          

        CLASS   BANK4          

        CLASS   BANK5          

        CLASS   BANK6          

        CLASS   BIGRAM         

        CLASS   RAM            

        CLASS   ABS1           
                abs_s1                               7E       7E        2         1

        CLASS   SFR0           

        CLASS   SFR1           

        CLASS   SFR2           

        CLASS   SFR3           

        CLASS   SFR4           

        CLASS   SFR5           

        CLASS   SFR6           

        CLASS   SFR7           

        CLASS   SFR8           

        CLASS   SFR9           

        CLASS   SFR10          

        CLASS   SFR11          

        CLASS   SFR12          

        CLASS   SFR13          

        CLASS   SFR14          

        CLASS   SFR15          

        CLASS   SFR16          

        CLASS   SFR17          

        CLASS   SFR18          

        CLASS   SFR19          

        CLASS   SFR20          

        CLASS   SFR21          

        CLASS   SFR22          

        CLASS   SFR23          

        CLASS   SFR24          

        CLASS   SFR25          

        CLASS   SFR26          

        CLASS   SFR27          

        CLASS   SFR28          

        CLASS   SFR29          

        CLASS   SFR30          

        CLASS   SFR31          

        CLASS   CONFIG         
                config                             8007     8007        2         0

        CLASS   IDLOC          

        CLASS   BANK31         

        CLASS   BANK30         

        CLASS   BANK29         

        CLASS   BANK28         

        CLASS   BANK27         

        CLASS   BANK26         

        CLASS   BANK25         

        CLASS   BANK24         

        CLASS   BANK23         

        CLASS   BANK22         

        CLASS   BANK21         

        CLASS   BANK20         

        CLASS   BANK19         

        CLASS   BANK18         

        CLASS   BANK17         

        CLASS   BANK16         

        CLASS   BANK15         

        CLASS   BANK14         

        CLASS   BANK13         

        CLASS   BANK12         

        CLASS   BANK11         

        CLASS   BANK10         

        CLASS   BANK9          

        CLASS   BANK8          

        CLASS   BANK7          

        CLASS   EEDATA         



SEGMENTS        Name                           Load    Length   Top    Selector   Space  Class     Delta

                reset_vec                      000000  000002  000002         0       0  CODE        2
                stringtext1                    00047C  000020  00049C       8F8       0  STRCODE     2
                text6                          000588  000097  00061F       B10       0  CODE        2
                stringtext2                    0004D6  0000B2  000588       9AC       0  STRCODE     2
                text12                         00049C  00003A  0004D6       938       0  CODE        2
                bssCOMMON                      000070  00000C  00007C        70       1  COMMON      1
                config                         008007  000002  008009     1000E       0  CONFIG      2
                cstackBANK0                    000020  00004E  00006E        20       1  BANK0       1
                intentry                       000004  000478  00047C         8       0  CODE        2
                nvBANK1                        0000A0  000006  0000A6        A0       1  BANK1       1


UNUSED ADDRESS RANGES

        Name                Unused          Largest block    Delta
        BANK0            0006E-0006F               2           1
        BANK1            000A6-000EF              4A           1
        BANK2            00120-0016F              50           1
        BANK3            001A0-001EF              50           1
        BANK4            00220-0026F              50           1
        BANK5            002A0-002EF              50           1
        BANK6            00320-0032F              10           1
        BIGRAM           02000-021EF             1F0           1
        CODE             00002-00003               2           2
                         0061F-00FFF             1E1
        COMMON           0007C-0007D               2           1
        CONST            00002-00003               2           2
                         0061F-00FFF             100
        ENTRY            00002-00003               2           2
                         0061F-00FFF             100
        IDLOC            08000-08003               4           2
        RAM              0006E-0006F               2           1
                         000A6-000EF              4A
                         00120-0016F              50
                         001A0-001EF              50
                         00220-0026F              50
                         002A0-002EF              50
                         00320-0032F              10
        SFR0             00000-0001F              20           1
        SFR1             00080-0009F              20           1
        SFR10            00500-0056F              70           1
        SFR11            00580-005EF              70           1
        SFR12            00600-0066F              70           1
        SFR13            00680-006EF              70           1
        SFR14            00700-0076F              70           1
        SFR15            00780-007EF              70           1
        SFR16            00800-0086F              70           1
        SFR17            00880-008EF              70           1
        SFR18            00900-0096F              70           1
        SFR19            00980-009EF              70           1
        SFR2             00100-0011F              20           1
        SFR20            00A00-00A6F              70           1
        SFR21            00A80-00AEF              70           1
        SFR22            00B00-00B6F              70           1
        SFR23            00B80-00BEF              70           1
        SFR24            00C00-00C6F              70           1
        SFR25            00C80-00CEF              70           1
        SFR26            00D00-00D6F              70           1
        SFR27            00D80-00DEF              70           1
        SFR28            00E00-00E6F              70           1
        SFR29            00E80-00EEF              70           1
        SFR3             00180-0019F              20           1
        SFR30            00F00-00F6F              70           1
        SFR31            00F80-00FEF              70           1
        SFR4             00200-0021F              20           1
        SFR5             00280-0029F              20           1
        SFR6             00300-0031F              20           1
        SFR7             00380-003EF              70           1
        SFR8             00400-0046F              70           1
        SFR9             00480-004EF              70           1
        STACK            02056-021EF             19A           1
        STRCODE          00002-00003               2           2
                         0061F-00FFF             9E1
        STRING           00002-00003               2           2
                         0061F-00FFF             100

                                  Symbol Table

?___aldiv                                      cstackBANK0  00020
?___lldiv                                      cstackBANK0  00020
?___wmul                                       cstackBANK0  00020
?_battery_voltage                              cstackBANK0  0002E
?_printf                                       cstackBANK0  0002D
EUSART_SetErrorHandler@interruptHandler        cstackBANK0  00020
EUSART_SetFramingErrorHandler@interruptHandler cstackBANK0  00020
EUSART_SetOverrunErrorHandler@interruptHandler cstackBANK0  00020
EUSART_Write@txData                            cstackCOMMON 00079
INT_DefaultInterruptHandler@time               cstackCOMMON 00078
INT_SetInterruptHandler@InterruptHandler       cstackBANK0  00020
_ADCON0                                        (abs)        0009D
_ADCON0bits                                    (abs)        0009D
_ADCON1                                        (abs)        0009E
_ADRES                                         (abs)        0009B
_ANSELA                                        (abs)        0018C
_ANSELB                                        (abs)        0018D
_ANSELC                                        (abs)        0018E
_BAUD1CON                                      (abs)        0019F
_BORCON                                        (abs)        00116
_CCP1CONbits                                   (abs)        00293
_CCPR1L                                        (abs)        00291
_CCPTMRSbits                                   (abs)        0029E
_DAC1CON0                                      (abs)        00118
_DAC1CON1                                      (abs)        00119
_DAC_Initialize                                text26       00603
_EUSART_DefaultErrorHandler                    (abs)        00000
_EUSART_DefaultFramingErrorHandler             (abs)        00000
_EUSART_DefaultOverrunErrorHandler             (abs)        00000
_EUSART_ErrorHandler                           nvBANK1      000A0
_EUSART_FramingErrorHandler                    nvBANK1      000A4
_EUSART_Initialize                             text22       00458
_EUSART_OverrunErrorHandler                    nvBANK1      000A2
_EUSART_SetErrorHandler                        text25       005D6
_EUSART_SetFramingErrorHandler                 text24       005CD
_EUSART_SetOverrunErrorHandler                 text23       005C4
_EUSART_Write                                  text5        005DF
_EXT_INT_Initialize                            text20       005A3
_FVRCON                                        (abs)        00117
_FVRCONbits                                    (abs)        00117
_INLVLA                                        (abs)        0038C
_INLVLB                                        (abs)        0038D
_INLVLC                                        (abs)        0038E
_INTCONbits                                    (abs)        0000B
_INTERRUPT_InterruptManager                    intentry     00004
_INTPPS                                        (abs)        00E10
_INT_CallBack                                  text30       005AF
_INT_DefaultInterruptHandler                   text31       002AB
_INT_ISR                                       text29       0061A
_INT_InterruptHandler                          nvBANK0      0006C
_INT_SetInterruptHandler                       text21       005FD
_LATA                                          (abs)        0010C
_LATB                                          (abs)        0010D
_LATC                                          (abs)        0010E
_LED_blue                                      bssBANK0     00068
_LED_green                                     bssBANK0     00069
_LED_red                                       bssBANK0     0006A
_ODCONA                                        (abs)        0028C
_ODCONB                                        (abs)        0028D
_ODCONC                                        (abs)        0028E
_OPA1CON                                       (abs)        00511
_OPA1_Initialize                               text19       00616
_OPA2CON                                       (abs)        00515
_OPA2_Initialize                               text18       00612
_OPTION_REG                                    (abs)        00095
_OPTION_REGbits                                (abs)        00095
_OSCCON                                        (abs)        00099
_OSCILLATOR_Initialize                         text17       005EF
_OSCSTAT                                       (abs)        0009A
_OSCTUNE                                       (abs)        00098
_PIN_MANAGER_IOC                               text28       0061E
_PIN_MANAGER_Initialize                        text16       003F9
_PIR1bits                                      (abs)        00011
_PR2                                           (abs)        0001B
_PWM3CONbits                                   (abs)        00619
_PWM3DCH                                       (abs)        00618
_PWM3DCLbits                                   (abs)        00617
_PWM4CONbits                                   (abs)        0061C
_PWM4DCH                                       (abs)        0061B
_PWM4DCLbits                                   (abs)        0061A
_RA5PPS                                        (abs)        00E95
_RB7PPS                                        (abs)        00E9F
_RC1REG                                        (abs)        00199
_RC1STA                                        (abs)        0019D
_RC1STAbits                                    (abs)        0019D
_RC4PPS                                        (abs)        00EA4
_RC5PPS                                        (abs)        00EA5
_RXPPS                                         (abs)        00E24
_SLRCONA                                       (abs)        0030C
_SLRCONB                                       (abs)        0030D
_SLRCONC                                       (abs)        0030E
_SP1BRGH                                       (abs)        0019C
_SP1BRGL                                       (abs)        0019B
_SYSTEM_Initialize                             text12       0049C
_T2CON                                         (abs)        0001C
_T2CONbits                                     (abs)        0001C
_TMR0                                          (abs)        00015
_TMR0_Initialize                               text15       005BA
_TMR2                                          (abs)        0001A
_TMR2_Initialize                               text14       005E7
_TRISA                                         (abs)        0008C
_TRISB                                         (abs)        0008D
_TRISC                                         (abs)        0008E
_TX1REG                                        (abs)        0019A
_TX1STA                                        (abs)        0019E
_TX1STAbits                                    (abs)        0019E
_WDTCON                                        (abs)        00097
_WDT_Initialize                                text13       0060E
_WPUA                                          (abs)        0020C
_WPUB                                          (abs)        0020D
_WPUC                                          (abs)        0020E
__CFG_BOREN$OFF                                (abs)        00000
__CFG_BORV$LO                                  (abs)        00000
__CFG_CLKOUTEN$ON                              (abs)        00000
__CFG_CP$OFF                                   (abs)        00000
__CFG_FCMEN$ON                                 (abs)        00000
__CFG_FOSC$INTOSC                              (abs)        00000
__CFG_IESO$OFF                                 (abs)        00000
__CFG_LPBOR$OFF                                (abs)        00000
__CFG_LVP$ON                                   (abs)        00000
__CFG_MCLRE$ON                                 (abs)        00000
__CFG_PLLEN$OFF                                (abs)        00000
__CFG_PPS1WAY$ON                               (abs)        00000
__CFG_PWRTE$OFF                                (abs)        00000
__CFG_STVREN$ON                                (abs)        00000
__CFG_WDTE$OFF                                 (abs)        00000
__CFG_WRT$OFF                                  (abs)        00000
__CFG_ZCDDIS$ON                                (abs)        00000
__Habs1                                        abs1         00000
__Hbank0                                       bank0        00000
__Hbank1                                       bank1        00000
__Hbank10                                      bank10       00000
__Hbank11                                      bank11       00000
__Hbank12                                      bank12       00000
__Hbank13                                      bank13       00000
__Hbank14                                      bank14       00000
__Hbank15                                      bank15       00000
__Hbank16                                      bank16       00000
__Hbank17                                      bank17       00000
__Hbank18                                      bank18       00000
__Hbank19                                      bank19       00000
__Hbank2                                       bank2        00000
__Hbank20                                      bank20       00000
__Hbank21                                      bank21       00000
__Hbank22                                      bank22       00000
__Hbank23                                      bank23       00000
__Hbank24                                      bank24       00000
__Hbank25                                      bank25       00000
__Hbank26                                      bank26       00000
__Hbank27                                      bank27       00000
__Hbank28                                      bank28       00000
__Hbank29                                      bank29       00000
__Hbank3                                       bank3        00000
__Hbank30                                      bank30       00000
__Hbank31                                      bank31       00000
__Hbank4                                       bank4        00000
__Hbank5                                       bank5        00000
__Hbank6                                       bank6        00000
__Hbank7                                       bank7        00000
__Hbank8                                       bank8        00000
__Hbank9                                       bank9        00000
__Hbigram                                      bigram       00000
__HbssBANK0                                    bssBANK0     00000
__HbssCOMMON                                   bssCOMMON    00000
__Hcinit                                       cinit        00028
__Hclrtext                                     clrtext      00000
__Hcode                                        code         00000
__Hcommon                                      common       00000
__Hconfig                                      config       08009
__HcstackBANK0                                 cstackBANK0  00000
__HcstackCOMMON                                cstackCOMMON 00000
__Heeprom_data                                 eeprom_data  00000
__Hend_init                                    end_init     00016
__Hfunctab                                     functab      00000
__Hidloc                                       idloc        00000
__Hinit                                        init         00014
__Hintentry                                    intentry     00014
__Hmaintext                                    maintext     00000
__HnvBANK0                                     nvBANK0      00000
__HnvBANK1                                     nvBANK1      00000
__Hpowerup                                     powerup      00000
__Hram                                         ram          00000
__Hreset_vec                                   reset_vec    00002
__Hsfr0                                        sfr0         00000
__Hsfr1                                        sfr1         00000
__Hsfr10                                       sfr10        00000
__Hsfr11                                       sfr11        00000
__Hsfr12                                       sfr12        00000
__Hsfr13                                       sfr13        00000
__Hsfr14                                       sfr14        00000
__Hsfr15                                       sfr15        00000
__Hsfr16                                       sfr16        00000
__Hsfr17                                       sfr17        00000
__Hsfr18                                       sfr18        00000
__Hsfr19                                       sfr19        00000
__Hsfr2                                        sfr2         00000
__Hsfr20                                       sfr20        00000
__Hsfr21                                       sfr21        00000
__Hsfr22                                       sfr22        00000
__Hsfr23                                       sfr23        00000
__Hsfr24                                       sfr24        00000
__Hsfr25                                       sfr25        00000
__Hsfr26                                       sfr26        00000
__Hsfr27                                       sfr27        00000
__Hsfr28                                       sfr28        00000
__Hsfr29                                       sfr29        00000
__Hsfr3                                        sfr3         00000
__Hsfr30                                       sfr30        00000
__Hsfr31                                       sfr31        00000
__Hsfr4                                        sfr4         00000
__Hsfr5                                        sfr5         00000
__Hsfr6                                        sfr6         00000
__Hsfr7                                        sfr7         00000
__Hsfr8                                        sfr8         00000
__Hsfr9                                        sfr9         00000
__Hspace_0                                     (abs)        08009
__Hspace_1                                     (abs)        000A6
__Hspace_2                                     (abs)        00000
__Hspace_3                                     (abs)        00000
__Hstack                                       stack        00000
__Hstrings                                     strings      00000
__Hstringtext1                                 stringtext1  00000
__Hstringtext2                                 stringtext2  00000
__Hstringtext3                                 stringtext3  00000
__Hstringtext4                                 stringtext4  00000
__Hstringtext5                                 stringtext5  00000
__Hstringtext6                                 stringtext6  00000
__Hstringtext7                                 stringtext7  00000
__Hstringtext8                                 stringtext8  00000
__Hstringtext9                                 stringtext9  00000
__Htext                                        text         00000
__Labs1                                        abs1         00000
__Lbank0                                       bank0        00000
__Lbank1                                       bank1        00000
__Lbank10                                      bank10       00000
__Lbank11                                      bank11       00000
__Lbank12                                      bank12       00000
__Lbank13                                      bank13       00000
__Lbank14                                      bank14       00000
__Lbank15                                      bank15       00000
__Lbank16                                      bank16       00000
__Lbank17                                      bank17       00000
__Lbank18                                      bank18       00000
__Lbank19                                      bank19       00000
__Lbank2                                       bank2        00000
__Lbank20                                      bank20       00000
__Lbank21                                      bank21       00000
__Lbank22                                      bank22       00000
__Lbank23                                      bank23       00000
__Lbank24                                      bank24       00000
__Lbank25                                      bank25       00000
__Lbank26                                      bank26       00000
__Lbank27                                      bank27       00000
__Lbank28                                      bank28       00000
__Lbank29                                      bank29       00000
__Lbank3                                       bank3        00000
__Lbank30                                      bank30       00000
__Lbank31                                      bank31       00000
__Lbank4                                       bank4        00000
__Lbank5                                       bank5        00000
__Lbank6                                       bank6        00000
__Lbank7                                       bank7        00000
__Lbank8                                       bank8        00000
__Lbank9                                       bank9        00000
__Lbigram                                      bigram       00000
__LbssBANK0                                    bssBANK0     00000
__LbssCOMMON                                   bssCOMMON    00000
__Lcinit                                       cinit        00016
__Lclrtext                                     clrtext      00000
__Lcode                                        code         00000
__Lcommon                                      common       00000
__Lconfig                                      config       08007
__LcstackBANK0                                 cstackBANK0  00000
__LcstackCOMMON                                cstackCOMMON 00000
__Leeprom_data                                 eeprom_data  00000
__Lend_init                                    end_init     00014
__Lfunctab                                     functab      00000
__Lidloc                                       idloc        00000
__Linit                                        init         00014
__Lintentry                                    intentry     00004
__Lmaintext                                    maintext     00000
__LnvBANK0                                     nvBANK0      00000
__LnvBANK1                                     nvBANK1      00000
__Lpowerup                                     powerup      00000
__Lram                                         ram          00000
__Lreset_vec                                   reset_vec    00000
__Lsfr0                                        sfr0         00000
__Lsfr1                                        sfr1         00000
__Lsfr10                                       sfr10        00000
__Lsfr11                                       sfr11        00000
__Lsfr12                                       sfr12        00000
__Lsfr13                                       sfr13        00000
__Lsfr14                                       sfr14        00000
__Lsfr15                                       sfr15        00000
__Lsfr16                                       sfr16        00000
__Lsfr17                                       sfr17        00000
__Lsfr18                                       sfr18        00000
__Lsfr19                                       sfr19        00000
__Lsfr2                                        sfr2         00000
__Lsfr20                                       sfr20        00000
__Lsfr21                                       sfr21        00000
__Lsfr22                                       sfr22        00000
__Lsfr23                                       sfr23        00000
__Lsfr24                                       sfr24        00000
__Lsfr25                                       sfr25        00000
__Lsfr26                                       sfr26        00000
__Lsfr27                                       sfr27        00000
__Lsfr28                                       sfr28        00000
__Lsfr29                                       sfr29        00000
__Lsfr3                                        sfr3         00000
__Lsfr30                                       sfr30        00000
__Lsfr31                                       sfr31        00000
__Lsfr4                                        sfr4         00000
__Lsfr5                                        sfr5         00000
__Lsfr6                                        sfr6         00000
__Lsfr7                                        sfr7         00000
__Lsfr8                                        sfr8         00000
__Lsfr9                                        sfr9         00000
__Lspace_0                                     (abs)        00000
__Lspace_1                                     (abs)        00000
__Lspace_2                                     (abs)        00000
__Lspace_3                                     (abs)        00000
__Lstack                                       stack        00000
__Lstrings                                     strings      00000
__Lstringtext1                                 stringtext1  00000
__Lstringtext2                                 stringtext2  00000
__Lstringtext3                                 stringtext3  00000
__Lstringtext4                                 stringtext4  00000
__Lstringtext5                                 stringtext5  00000
__Lstringtext6                                 stringtext6  00000
__Lstringtext7                                 stringtext7  00000
__Lstringtext8                                 stringtext8  00000
__Lstringtext9                                 stringtext9  00000
__Ltext                                        text         00000
__S0                                           (abs)        08009
__S1                                           (abs)        000A6
__S2                                           (abs)        00000
___aldiv                                       text11       00229
___aldiv@counter                               cstackBANK0  00028
___aldiv@dividend                              cstackBANK0  00024
___aldiv@divisor                               cstackBANK0  00020
___aldiv@quotient                              cstackBANK0  0002A
___aldiv@sign                                  cstackBANK0  00029
___int_sp                                      stack        00000
___latbits                                     (abs)        00001
___lldiv                                       text8        00363
___lldiv@counter                               cstackBANK0  0002C
___lldiv@dividend                              cstackBANK0  00024
___lldiv@divisor                               cstackBANK0  00020
___lldiv@quotient                              cstackBANK0  00028
___sp                                          stack        00000
___stackhi                                     (abs)        021EF
___stacklo                                     (abs)        02056
___wmul                                        text7        004BA
___wmul@multiplicand                           cstackBANK0  00022
___wmul@multiplier                             cstackBANK0  00020
___wmul@product                                cstackCOMMON 00079
__end_of_DAC_Initialize                        text26       00609
__end_of_EUSART_Initialize                     text22       0047C
__end_of_EUSART_SetErrorHandler                text25       005DF
__end_of_EUSART_SetFramingErrorHandler         text24       005D6
__end_of_EUSART_SetOverrunErrorHandler         text23       005CD
__end_of_EUSART_Write                          text5        005E7
__end_of_EXT_INT_Initialize                    text20       005AF
__end_of_INTERRUPT_InterruptManager            intentry     00014
__end_of_INT_CallBack                          text30       005BA
__end_of_INT_DefaultInterruptHandler           text31       0030F
__end_of_INT_ISR                               text29       0061E
__end_of_INT_SetInterruptHandler               text21       00603
__end_of_OPA1_Initialize                       text19       0061A
__end_of_OPA2_Initialize                       text18       00616
__end_of_OSCILLATOR_Initialize                 text17       005F7
__end_of_PIN_MANAGER_IOC                       text28       0061F
__end_of_PIN_MANAGER_Initialize                text16       0042A
__end_of_SYSTEM_Initialize                     text12       004BA
__end_of_TMR0_Initialize                       text15       005C4
__end_of_TMR2_Initialize                       text14       005EF
__end_of_WDT_Initialize                        text13       00612
__end_of___aldiv                               text11       002AB
__end_of___lldiv                               text8        003B6
__end_of___wmul                                text7        004D6
__end_of__initialization                       cinit        00024
__end_of_battery_voltage                       text10       00458
__end_of_hexpowers                             stringtext1  0049C
__end_of_initLED                               text9        003F9
__end_of_isdigit                               text6        00596
__end_of_main                                  maintext     00229
__end_of_printf                                text3        0017C
__end_of_process_remote_command                text1        00363
__end_of_putch                                 text4        0060E
__end_of_setLEDColor                           text2        005A3
__initialization                               cinit        00016
__pbssBANK0                                    bssBANK0     00047
__pbssCOMMON                                   bssCOMMON    00070
__pcstackBANK0                                 cstackBANK0  00020
__pcstackCOMMON                                cstackCOMMON 00077
__pintentry                                    intentry     00004
__pmaintext                                    maintext     0017C
__pnvBANK0                                     nvBANK0      0006C
__pnvBANK1                                     nvBANK1      000A0
__pstringtext1                                 stringtext1  0047C
__pstringtext2                                 stringtext2  004D6
__pstringtext3                                 stringtext3  004F1
__pstringtext4                                 stringtext4  0050C
__pstringtext5                                 stringtext5  00527
__pstringtext6                                 stringtext6  00542
__pstringtext7                                 stringtext7  0055D
__pstringtext8                                 stringtext8  00577
__pstringtext9                                 stringtext9  00000
__ptext1                                       text1        0030F
__ptext10                                      text10       0042A
__ptext11                                      text11       00229
__ptext12                                      text12       0049C
__ptext13                                      text13       0060E
__ptext14                                      text14       005E7
__ptext15                                      text15       005BA
__ptext16                                      text16       003F9
__ptext17                                      text17       005EF
__ptext18                                      text18       00612
__ptext19                                      text19       00616
__ptext2                                       text2        00596
__ptext20                                      text20       005A3
__ptext21                                      text21       005FD
__ptext22                                      text22       00458
__ptext23                                      text23       005C4
__ptext24                                      text24       005CD
__ptext25                                      text25       005D6
__ptext26                                      text26       00603
__ptext28                                      text28       0061E
__ptext29                                      text29       0061A
__ptext3                                       text3        00028
__ptext30                                      text30       005AF
__ptext31                                      text31       002AB
__ptext4                                       text4        00609
__ptext5                                       text5        005DF
__ptext6                                       text6        00588
__ptext7                                       text7        004BA
__ptext8                                       text8        00363
__ptext9                                       text9        003B6
__size_of_DAC_Initialize                       (abs)        00000
__size_of_EUSART_Initialize                    (abs)        00000
__size_of_EUSART_SetErrorHandler               (abs)        00000
__size_of_EUSART_SetFramingErrorHandler        (abs)        00000
__size_of_EUSART_SetOverrunErrorHandler        (abs)        00000
__size_of_EUSART_Write                         (abs)        00000
__size_of_EXT_INT_Initialize                   (abs)        00000
__size_of_INTERRUPT_InterruptManager           (abs)        00000
__size_of_INT_CallBack                         (abs)        00000
__size_of_INT_DefaultInterruptHandler          (abs)        00000
__size_of_INT_ISR                              (abs)        00000
__size_of_INT_SetInterruptHandler              (abs)        00000
__size_of_OPA1_Initialize                      (abs)        00000
__size_of_OPA2_Initialize                      (abs)        00000
__size_of_OSCILLATOR_Initialize                (abs)        00000
__size_of_PIN_MANAGER_IOC                      (abs)        00000
__size_of_PIN_MANAGER_Initialize               (abs)        00000
__size_of_SYSTEM_Initialize                    (abs)        00000
__size_of_TMR0_Initialize                      (abs)        00000
__size_of_TMR2_Initialize                      (abs)        00000
__size_of_WDT_Initialize                       (abs)        00000
__size_of___aldiv                              (abs)        00000
__size_of___lldiv                              (abs)        00000
__size_of___wmul                               (abs)        00000
__size_of_battery_voltage                      (abs)        00000
__size_of_initLED                              (abs)        00000
__size_of_isdigit                              (abs)        00000
__size_of_main                                 (abs)        00000
__size_of_printf                               (abs)        00000
__size_of_process_remote_command               (abs)        00000
__size_of_putch                                (abs)        00000
__size_of_setLEDColor                          (abs)        00000
_battery_voltage                               text10       0042A
_eusartRxLastError                             bssBANK0     0006B
_hexpowers                                     stringtext1  0047C
_initLED                                       text9        003B6
_ir_code                                       bssCOMMON    00071
_isdigit                                       text6        00588
_isdigit$1219                                  cstackCOMMON 00079
_main                                          maintext     0017C
_printf                                        text3        00028
_process_remote_command                        text1        0030F
_putch                                         text4        00609
_setLEDColor                                   text2        00596
_stats                                         bssBANK0     00047
_timer0ReloadVal                               bssCOMMON    00070
btemp                                          (abs)        0007E
clear_ram0                                     clrtext      005F7
end_of_initialization                          cinit        00024
int$flags                                      (abs)        0007E
intlevel0                                      functab      00000
intlevel1                                      functab      00000
intlevel2                                      functab      00000
intlevel3                                      functab      00000
intlevel4                                      functab      00000
intlevel5                                      functab      00000
isdigit@c                                      cstackCOMMON 0007A
printf@ap                                      cstackBANK0  00040
printf@c                                       cstackBANK0  00044
printf@f                                       cstackBANK0  0002D
printf@flag                                    cstackBANK0  00041
printf@idx                                     cstackBANK0  00039
printf@prec                                    cstackBANK0  0003A
printf@val                                     cstackBANK0  0003C
printf@width                                   cstackBANK0  00042
process_remote_command@code                    cstackBANK0  00022
putch@txData                                   cstackCOMMON 0007A
reset_vec                                      reset_vec    00000
setLEDColor@blue                               cstackBANK0  00021
setLEDColor@green                              cstackBANK0  00020
setLEDColor@red                                cstackCOMMON 00079
start                                          init         00014
start_initialization                           cinit        00016
wtemp0                                         (abs)        0007E


FUNCTION INFORMATION:

 *************** function _main *****************
 Defined at:
		line 184 in file "main.c"
 Parameters:    Size  Location     Type
		None
 Auto vars:     Size  Location     Type
		None
 Return value:  Size  Location     Type
                  1    wreg      void 
 Registers used:
		wreg, fsr0l, fsr0h, fsr1l, fsr1h, status,2, status,0, pclath, cstack
 Tracked objects:
		On entry : 
		On exit  : 
		Unchanged: 
 Data sizes:     COMMON   BANK0   BANK1   BANK2   BANK3   BANK4   BANK5   BANK6
      Params:         0       0       0       0       0       0       0       0
      Locals:         0       0       0       0       0       0       0       0
      Temps:          0       2       0       0       0       0       0       0
      Totals:         0       2       0       0       0       0       0       0
Total ram usage:        2 bytes
 Hardware stack levels required when called:    7
 This function calls:
		_DAC_Initialize
		_OPA1_Initialize
		_OPA2_Initialize
		_SYSTEM_Initialize
		_battery_voltage
		_initLED
		_printf
		_process_remote_command
		_setLEDColor
 This function is called by:
		Startup code after reset
 This function uses a non-reentrant model


 *************** function _process_remote_command *****************
 Defined at:
		line 139 in file "main.c"
 Parameters:    Size  Location     Type
  code            1    wreg     PTR struct .
		 -> ir_code(6), 
 Auto vars:     Size  Location     Type
  code            1    2[BANK0 ] PTR struct .
		 -> ir_code(6), 
 Return value:  Size  Location     Type
                  1    wreg      void 
 Registers used:
		wreg, fsr0l, fsr0h, fsr1l, fsr1h, status,2, status,0, pclath, cstack
 Tracked objects:
		On entry : 
		On exit  : 
		Unchanged: 
 Data sizes:     COMMON   BANK0   BANK1   BANK2   BANK3   BANK4   BANK5   BANK6
      Params:         0       0       0       0       0       0       0       0
      Locals:         0       1       0       0       0       0       0       0
      Temps:          2       0       0       0       0       0       0       0
      Totals:         2       1       0       0       0       0       0       0
Total ram usage:        3 bytes
 Hardware stack levels used:    1
 Hardware stack levels required when called:    5
 This function calls:
		_setLEDColor
 This function is called by:
		_main
 This function uses a non-reentrant model


 *************** function _setLEDColor *****************
 Defined at:
		line 122 in file "main.c"
 Parameters:    Size  Location     Type
  red             1    wreg     unsigned char 
  green           1    0[BANK0 ] unsigned char 
  blue            1    1[BANK0 ] unsigned char 
 Auto vars:     Size  Location     Type
  red             1    2[COMMON] unsigned char 
 Return value:  Size  Location     Type
                  1    wreg      void 
 Registers used:
		wreg
 Tracked objects:
		On entry : 
		On exit  : 
		Unchanged: 
 Data sizes:     COMMON   BANK0   BANK1   BANK2   BANK3   BANK4   BANK5   BANK6
      Params:         0       2       0       0       0       0       0       0
      Locals:         1       0       0       0       0       0       0       0
      Temps:          0       0       0       0       0       0       0       0
      Totals:         1       2       0       0       0       0       0       0
Total ram usage:        3 bytes
 Hardware stack levels used:    1
 Hardware stack levels required when called:    4
 This function calls:
		Nothing
 This function is called by:
		_process_remote_command
		_main
 This function uses a non-reentrant model


 *************** function _printf *****************
 Defined at:
		line 477 in file "/Applications/microchip/xc8/v2.10/pic/sources/c90/common/doprnt.c"
 Parameters:    Size  Location     Type
  f               2   13[BANK0 ] PTR const unsigned char 
		 -> STR_6(27), STR_5(27), STR_4(27), STR_3(27), 
		 -> STR_2(27), STR_1(26), 
 Auto vars:     Size  Location     Type
  idx             1   25[BANK0 ] unsigned char 
  val             4   28[BANK0 ] unsigned long 
  tmpval          4    0        struct .
  width           2   34[BANK0 ] int 
  prec            2   26[BANK0 ] int 
  cp              2    0        PTR const unsigned char 
  len             2    0        unsigned int 
  c               1   36[BANK0 ] unsigned char 
  flag            1   33[BANK0 ] unsigned char 
  ap              1   32[BANK0 ] PTR void [1]
		 -> ?_printf(2), 
 Return value:  Size  Location     Type
                  2   13[BANK0 ] int 
 Registers used:
		wreg, fsr0l, fsr0h, fsr1l, fsr1h, status,2, status,0, pclath, cstack
 Tracked objects:
		On entry : 
		On exit  : 
		Unchanged: 
 Data sizes:     COMMON   BANK0   BANK1   BANK2   BANK3   BANK4   BANK5   BANK6
      Params:         0       6       0       0       0       0       0       0
      Locals:         0      12       0       0       0       0       0       0
      Temps:          0       6       0       0       0       0       0       0
      Totals:         0      24       0       0       0       0       0       0
Total ram usage:       24 bytes
 Hardware stack levels used:    1
 Hardware stack levels required when called:    6
 This function calls:
		___lldiv
		___wmul
		_isdigit
		_putch
 This function is called by:
		_main
 This function uses a non-reentrant model


 *************** function _putch *****************
 Defined at:
		line 146 in file "mcc_generated_files/eusart.c"
 Parameters:    Size  Location     Type
  txData          1    wreg     unsigned char 
 Auto vars:     Size  Location     Type
  txData          1    3[COMMON] unsigned char 
 Return value:  Size  Location     Type
                  1    wreg      void 
 Registers used:
		wreg, status,2, status,0, pclath, cstack
 Tracked objects:
		On entry : 
		On exit  : 
		Unchanged: 
 Data sizes:     COMMON   BANK0   BANK1   BANK2   BANK3   BANK4   BANK5   BANK6
      Params:         0       0       0       0       0       0       0       0
      Locals:         1       0       0       0       0       0       0       0
      Temps:          0       0       0       0       0       0       0       0
      Totals:         1       0       0       0       0       0       0       0
Total ram usage:        1 bytes
 Hardware stack levels used:    1
 Hardware stack levels required when called:    5
 This function calls:
		_EUSART_Write
 This function is called by:
		_printf
 This function uses a non-reentrant model


 *************** function _EUSART_Write *****************
 Defined at:
		line 132 in file "mcc_generated_files/eusart.c"
 Parameters:    Size  Location     Type
  txData          1    wreg     unsigned char 
 Auto vars:     Size  Location     Type
  txData          1    2[COMMON] unsigned char 
 Return value:  Size  Location     Type
                  1    wreg      void 
 Registers used:
		wreg
 Tracked objects:
		On entry : 
		On exit  : 
		Unchanged: 
 Data sizes:     COMMON   BANK0   BANK1   BANK2   BANK3   BANK4   BANK5   BANK6
      Params:         0       0       0       0       0       0       0       0
      Locals:         1       0       0       0       0       0       0       0
      Temps:          0       0       0       0       0       0       0       0
      Totals:         1       0       0       0       0       0       0       0
Total ram usage:        1 bytes
 Hardware stack levels used:    1
 Hardware stack levels required when called:    4
 This function calls:
		Nothing
 This function is called by:
		_putch
 This function uses a non-reentrant model


 *************** function _isdigit *****************
 Defined at:
		line 8 in file "/Applications/microchip/xc8/v2.10/pic/sources/c90/common/isdigit.c"
 Parameters:    Size  Location     Type
  c               1    wreg     unsigned char 
 Auto vars:     Size  Location     Type
  c               1    3[COMMON] unsigned char 
 Return value:  Size  Location     Type
		None               void
 Registers used:
		wreg, status,2, status,0
 Tracked objects:
		On entry : 
		On exit  : 
		Unchanged: 
 Data sizes:     COMMON   BANK0   BANK1   BANK2   BANK3   BANK4   BANK5   BANK6
      Params:         0       0       0       0       0       0       0       0
      Locals:         2       0       0       0       0       0       0       0
      Temps:          0       0       0       0       0       0       0       0
      Totals:         2       0       0       0       0       0       0       0
Total ram usage:        2 bytes
 Hardware stack levels used:    1
 Hardware stack levels required when called:    4
 This function calls:
		Nothing
 This function is called by:
		_printf
 This function uses a non-reentrant model


 *************** function ___wmul *****************
 Defined at:
		line 15 in file "/Applications/microchip/xc8/v2.10/pic/sources/c90/common/Umul16.c"
 Parameters:    Size  Location     Type
  multiplier      2    0[BANK0 ] unsigned int 
  multiplicand    2    2[BANK0 ] unsigned int 
 Auto vars:     Size  Location     Type
  product         2    2[COMMON] unsigned int 
 Return value:  Size  Location     Type
                  2    0[BANK0 ] unsigned int 
 Registers used:
		wreg, status,2, status,0
 Tracked objects:
		On entry : 
		On exit  : 
		Unchanged: 
 Data sizes:     COMMON   BANK0   BANK1   BANK2   BANK3   BANK4   BANK5   BANK6
      Params:         0       4       0       0       0       0       0       0
      Locals:         2       0       0       0       0       0       0       0
      Temps:          0       0       0       0       0       0       0       0
      Totals:         2       4       0       0       0       0       0       0
Total ram usage:        6 bytes
 Hardware stack levels used:    1
 Hardware stack levels required when called:    4
 This function calls:
		Nothing
 This function is called by:
		_printf
 This function uses a non-reentrant model


 *************** function ___lldiv *****************
 Defined at:
		line 5 in file "/Applications/microchip/xc8/v2.10/pic/sources/c90/common/__lldiv.c"
 Parameters:    Size  Location     Type
  divisor         4    0[BANK0 ] unsigned long 
  dividend        4    4[BANK0 ] unsigned long 
 Auto vars:     Size  Location     Type
  quotient        4    8[BANK0 ] unsigned long 
  counter         1   12[BANK0 ] unsigned char 
 Return value:  Size  Location     Type
                  4    0[BANK0 ] unsigned long 
 Registers used:
		wreg, status,2, status,0
 Tracked objects:
		On entry : 
		On exit  : 
		Unchanged: 
 Data sizes:     COMMON   BANK0   BANK1   BANK2   BANK3   BANK4   BANK5   BANK6
      Params:         0       8       0       0       0       0       0       0
      Locals:         0       5       0       0       0       0       0       0
      Temps:          1       0       0       0       0       0       0       0
      Totals:         1      13       0       0       0       0       0       0
Total ram usage:       14 bytes
 Hardware stack levels used:    1
 Hardware stack levels required when called:    4
 This function calls:
		Nothing
 This function is called by:
		_printf
 This function uses a non-reentrant model


 *************** function _initLED *****************
 Defined at:
		line 81 in file "main.c"
 Parameters:    Size  Location     Type
		None
 Auto vars:     Size  Location     Type
		None
 Return value:  Size  Location     Type
                  1    wreg      void 
 Registers used:
		wreg, status,2, status,0
 Tracked objects:
		On entry : 
		On exit  : 
		Unchanged: 
 Data sizes:     COMMON   BANK0   BANK1   BANK2   BANK3   BANK4   BANK5   BANK6
      Params:         0       0       0       0       0       0       0       0
      Locals:         0       0       0       0       0       0       0       0
      Temps:          1       0       0       0       0       0       0       0
      Totals:         1       0       0       0       0       0       0       0
Total ram usage:        1 bytes
 Hardware stack levels used:    1
 Hardware stack levels required when called:    4
 This function calls:
		Nothing
 This function is called by:
		_main
 This function uses a non-reentrant model


 *************** function _battery_voltage *****************
 Defined at:
		line 56 in file "main.c"
 Parameters:    Size  Location     Type
		None
 Auto vars:     Size  Location     Type
		None
 Return value:  Size  Location     Type
                  2   14[BANK0 ] unsigned int 
 Registers used:
		wreg, status,2, status,0, pclath, cstack
 Tracked objects:
		On entry : 
		On exit  : 
		Unchanged: 
 Data sizes:     COMMON   BANK0   BANK1   BANK2   BANK3   BANK4   BANK5   BANK6
      Params:         0       2       0       0       0       0       0       0
      Locals:         0       0       0       0       0       0       0       0
      Temps:          0       0       0       0       0       0       0       0
      Totals:         0       2       0       0       0       0       0       0
Total ram usage:        2 bytes
 Hardware stack levels used:    1
 Hardware stack levels required when called:    5
 This function calls:
		___aldiv
 This function is called by:
		_main
 This function uses a non-reentrant model


 *************** function ___aldiv *****************
 Defined at:
		line 5 in file "/Applications/microchip/xc8/v2.10/pic/sources/c90/common/aldiv.c"
 Parameters:    Size  Location     Type
  divisor         4    0[BANK0 ] long 
  dividend        4    4[BANK0 ] long 
 Auto vars:     Size  Location     Type
  quotient        4   10[BANK0 ] long 
  sign            1    9[BANK0 ] unsigned char 
  counter         1    8[BANK0 ] unsigned char 
 Return value:  Size  Location     Type
                  4    0[BANK0 ] long 
 Registers used:
		wreg, status,2, status,0
 Tracked objects:
		On entry : 
		On exit  : 
		Unchanged: 
 Data sizes:     COMMON   BANK0   BANK1   BANK2   BANK3   BANK4   BANK5   BANK6
      Params:         0       8       0       0       0       0       0       0
      Locals:         0       6       0       0       0       0       0       0
      Temps:          1       0       0       0       0       0       0       0
      Totals:         1      14       0       0       0       0       0       0
Total ram usage:       15 bytes
 Hardware stack levels used:    1
 Hardware stack levels required when called:    4
 This function calls:
		Nothing
 This function is called by:
		_battery_voltage
 This function uses a non-reentrant model


 *************** function _SYSTEM_Initialize *****************
 Defined at:
		line 50 in file "mcc_generated_files/mcc.c"
 Parameters:    Size  Location     Type
		None
 Auto vars:     Size  Location     Type
		None
 Return value:  Size  Location     Type
                  1    wreg      void 
 Registers used:
		wreg, status,2, status,0, pclath, cstack
 Tracked objects:
		On entry : 
		On exit  : 
		Unchanged: 
 Data sizes:     COMMON   BANK0   BANK1   BANK2   BANK3   BANK4   BANK5   BANK6
      Params:         0       0       0       0       0       0       0       0
      Locals:         0       0       0       0       0       0       0       0
      Temps:          0       0       0       0       0       0       0       0
      Totals:         0       0       0       0       0       0       0       0
Total ram usage:        0 bytes
 Hardware stack levels used:    1
 Hardware stack levels required when called:    6
 This function calls:
		_DAC_Initialize
		_EUSART_Initialize
		_EXT_INT_Initialize
		_OPA1_Initialize
		_OPA2_Initialize
		_OSCILLATOR_Initialize
		_PIN_MANAGER_Initialize
		_TMR0_Initialize
		_TMR2_Initialize
		_WDT_Initialize
 This function is called by:
		_main
 This function uses a non-reentrant model


 *************** function _WDT_Initialize *****************
 Defined at:
		line 77 in file "mcc_generated_files/mcc.c"
 Parameters:    Size  Location     Type
		None
 Auto vars:     Size  Location     Type
		None
 Return value:  Size  Location     Type
                  1    wreg      void 
 Registers used:
		wreg
 Tracked objects:
		On entry : 
		On exit  : 
		Unchanged: 
 Data sizes:     COMMON   BANK0   BANK1   BANK2   BANK3   BANK4   BANK5   BANK6
      Params:         0       0       0       0       0       0       0       0
      Locals:         0       0       0       0       0       0       0       0
      Temps:          0       0       0       0       0       0       0       0
      Totals:         0       0       0       0       0       0       0       0
Total ram usage:        0 bytes
 Hardware stack levels used:    1
 Hardware stack levels required when called:    4
 This function calls:
		Nothing
 This function is called by:
		_SYSTEM_Initialize
 This function uses a non-reentrant model


 *************** function _TMR2_Initialize *****************
 Defined at:
		line 62 in file "mcc_generated_files/tmr2.c"
 Parameters:    Size  Location     Type
		None
 Auto vars:     Size  Location     Type
		None
 Return value:  Size  Location     Type
                  1    wreg      void 
 Registers used:
		wreg, status,2
 Tracked objects:
		On entry : 
		On exit  : 
		Unchanged: 
 Data sizes:     COMMON   BANK0   BANK1   BANK2   BANK3   BANK4   BANK5   BANK6
      Params:         0       0       0       0       0       0       0       0
      Locals:         0       0       0       0       0       0       0       0
      Temps:          0       0       0       0       0       0       0       0
      Totals:         0       0       0       0       0       0       0       0
Total ram usage:        0 bytes
 Hardware stack levels used:    1
 Hardware stack levels required when called:    4
 This function calls:
		Nothing
 This function is called by:
		_SYSTEM_Initialize
 This function uses a non-reentrant model


 *************** function _TMR0_Initialize *****************
 Defined at:
		line 63 in file "mcc_generated_files/tmr0.c"
 Parameters:    Size  Location     Type
		None
 Auto vars:     Size  Location     Type
		None
 Return value:  Size  Location     Type
                  1    wreg      void 
 Registers used:
		wreg, status,2
 Tracked objects:
		On entry : 
		On exit  : 
		Unchanged: 
 Data sizes:     COMMON   BANK0   BANK1   BANK2   BANK3   BANK4   BANK5   BANK6
      Params:         0       0       0       0       0       0       0       0
      Locals:         0       0       0       0       0       0       0       0
      Temps:          0       0       0       0       0       0       0       0
      Totals:         0       0       0       0       0       0       0       0
Total ram usage:        0 bytes
 Hardware stack levels used:    1
 Hardware stack levels required when called:    4
 This function calls:
		Nothing
 This function is called by:
		_SYSTEM_Initialize
 This function uses a non-reentrant model


 *************** function _PIN_MANAGER_Initialize *****************
 Defined at:
		line 55 in file "mcc_generated_files/pin_manager.c"
 Parameters:    Size  Location     Type
		None
 Auto vars:     Size  Location     Type
		None
 Return value:  Size  Location     Type
                  1    wreg      void 
 Registers used:
		wreg, status,2
 Tracked objects:
		On entry : 
		On exit  : 
		Unchanged: 
 Data sizes:     COMMON   BANK0   BANK1   BANK2   BANK3   BANK4   BANK5   BANK6
      Params:         0       0       0       0       0       0       0       0
      Locals:         0       0       0       0       0       0       0       0
      Temps:          0       0       0       0       0       0       0       0
      Totals:         0       0       0       0       0       0       0       0
Total ram usage:        0 bytes
 Hardware stack levels used:    1
 Hardware stack levels required when called:    4
 This function calls:
		Nothing
 This function is called by:
		_SYSTEM_Initialize
 This function uses a non-reentrant model


 *************** function _OSCILLATOR_Initialize *****************
 Defined at:
		line 65 in file "mcc_generated_files/mcc.c"
 Parameters:    Size  Location     Type
		None
 Auto vars:     Size  Location     Type
		None
 Return value:  Size  Location     Type
                  1    wreg      void 
 Registers used:
		wreg, status,2
 Tracked objects:
		On entry : 
		On exit  : 
		Unchanged: 
 Data sizes:     COMMON   BANK0   BANK1   BANK2   BANK3   BANK4   BANK5   BANK6
      Params:         0       0       0       0       0       0       0       0
      Locals:         0       0       0       0       0       0       0       0
      Temps:          0       0       0       0       0       0       0       0
      Totals:         0       0       0       0       0       0       0       0
Total ram usage:        0 bytes
 Hardware stack levels used:    1
 Hardware stack levels required when called:    4
 This function calls:
		Nothing
 This function is called by:
		_SYSTEM_Initialize
 This function uses a non-reentrant model


 *************** function _OPA2_Initialize *****************
 Defined at:
		line 58 in file "mcc_generated_files/opa2.c"
 Parameters:    Size  Location     Type
		None
 Auto vars:     Size  Location     Type
		None
 Return value:  Size  Location     Type
                  1    wreg      void 
 Registers used:
		wreg
 Tracked objects:
		On entry : 
		On exit  : 
		Unchanged: 
 Data sizes:     COMMON   BANK0   BANK1   BANK2   BANK3   BANK4   BANK5   BANK6
      Params:         0       0       0       0       0       0       0       0
      Locals:         0       0       0       0       0       0       0       0
      Temps:          0       0       0       0       0       0       0       0
      Totals:         0       0       0       0       0       0       0       0
Total ram usage:        0 bytes
 Hardware stack levels used:    1
 Hardware stack levels required when called:    4
 This function calls:
		Nothing
 This function is called by:
		_SYSTEM_Initialize
		_main
 This function uses a non-reentrant model


 *************** function _OPA1_Initialize *****************
 Defined at:
		line 58 in file "mcc_generated_files/opa1.c"
 Parameters:    Size  Location     Type
		None
 Auto vars:     Size  Location     Type
		None
 Return value:  Size  Location     Type
                  1    wreg      void 
 Registers used:
		wreg
 Tracked objects:
		On entry : 
		On exit  : 
		Unchanged: 
 Data sizes:     COMMON   BANK0   BANK1   BANK2   BANK3   BANK4   BANK5   BANK6
      Params:         0       0       0       0       0       0       0       0
      Locals:         0       0       0       0       0       0       0       0
      Temps:          0       0       0       0       0       0       0       0
      Totals:         0       0       0       0       0       0       0       0
Total ram usage:        0 bytes
 Hardware stack levels used:    1
 Hardware stack levels required when called:    4
 This function calls:
		Nothing
 This function is called by:
		_SYSTEM_Initialize
		_main
 This function uses a non-reentrant model


 *************** function _EXT_INT_Initialize *****************
 Defined at:
		line 132 in file "mcc_generated_files/ext_int.c"
 Parameters:    Size  Location     Type
		None
 Auto vars:     Size  Location     Type
		None
 Return value:  Size  Location     Type
                  1    wreg      void 
 Registers used:
		wreg, status,2, status,0, pclath, cstack
 Tracked objects:
		On entry : 
		On exit  : 
		Unchanged: 
 Data sizes:     COMMON   BANK0   BANK1   BANK2   BANK3   BANK4   BANK5   BANK6
      Params:         0       0       0       0       0       0       0       0
      Locals:         0       0       0       0       0       0       0       0
      Temps:          0       0       0       0       0       0       0       0
      Totals:         0       0       0       0       0       0       0       0
Total ram usage:        0 bytes
 Hardware stack levels used:    1
 Hardware stack levels required when called:    5
 This function calls:
		_INT_SetInterruptHandler
 This function is called by:
		_SYSTEM_Initialize
 This function uses a non-reentrant model


 *************** function _INT_SetInterruptHandler *****************
 Defined at:
		line 71 in file "mcc_generated_files/ext_int.c"
 Parameters:    Size  Location     Type
  InterruptHan    2    0[BANK0 ] PTR FTN()void 
		 -> INT_DefaultInterruptHandler(1), 
 Auto vars:     Size  Location     Type
		None
 Return value:  Size  Location     Type
                  1    wreg      void 
 Registers used:
		wreg
 Tracked objects:
		On entry : 
		On exit  : 
		Unchanged: 
 Data sizes:     COMMON   BANK0   BANK1   BANK2   BANK3   BANK4   BANK5   BANK6
      Params:         0       2       0       0       0       0       0       0
      Locals:         0       0       0       0       0       0       0       0
      Temps:          0       0       0       0       0       0       0       0
      Totals:         0       2       0       0       0       0       0       0
Total ram usage:        2 bytes
 Hardware stack levels used:    1
 Hardware stack levels required when called:    4
 This function calls:
		Nothing
 This function is called by:
		_EXT_INT_Initialize
 This function uses a non-reentrant model


 *************** function _EUSART_Initialize *****************
 Defined at:
		line 66 in file "mcc_generated_files/eusart.c"
 Parameters:    Size  Location     Type
		None
 Auto vars:     Size  Location     Type
		None
 Return value:  Size  Location     Type
                  1    wreg      void 
 Registers used:
		wreg, status,2, status,0, pclath, cstack
 Tracked objects:
		On entry : 
		On exit  : 
		Unchanged: 
 Data sizes:     COMMON   BANK0   BANK1   BANK2   BANK3   BANK4   BANK5   BANK6
      Params:         0       0       0       0       0       0       0       0
      Locals:         0       0       0       0       0       0       0       0
      Temps:          0       0       0       0       0       0       0       0
      Totals:         0       0       0       0       0       0       0       0
Total ram usage:        0 bytes
 Hardware stack levels used:    1
 Hardware stack levels required when called:    5
 This function calls:
		_EUSART_SetErrorHandler
		_EUSART_SetFramingErrorHandler
		_EUSART_SetOverrunErrorHandler
 This function is called by:
		_SYSTEM_Initialize
 This function uses a non-reentrant model


 *************** function _EUSART_SetOverrunErrorHandler *****************
 Defined at:
		line 170 in file "mcc_generated_files/eusart.c"
 Parameters:    Size  Location     Type
  interruptHan    2    0[BANK0 ] PTR FTN()void 
		 -> EUSART_DefaultOverrunErrorHandler(1), 
 Auto vars:     Size  Location     Type
		None
 Return value:  Size  Location     Type
                  1    wreg      void 
 Registers used:
		wreg
 Tracked objects:
		On entry : 
		On exit  : 
		Unchanged: 
 Data sizes:     COMMON   BANK0   BANK1   BANK2   BANK3   BANK4   BANK5   BANK6
      Params:         0       2       0       0       0       0       0       0
      Locals:         0       0       0       0       0       0       0       0
      Temps:          0       0       0       0       0       0       0       0
      Totals:         0       2       0       0       0       0       0       0
Total ram usage:        2 bytes
 Hardware stack levels used:    1
 Hardware stack levels required when called:    4
 This function calls:
		Nothing
 This function is called by:
		_EUSART_Initialize
 This function uses a non-reentrant model


 *************** function _EUSART_SetFramingErrorHandler *****************
 Defined at:
		line 166 in file "mcc_generated_files/eusart.c"
 Parameters:    Size  Location     Type
  interruptHan    2    0[BANK0 ] PTR FTN()void 
		 -> EUSART_DefaultFramingErrorHandler(1), 
 Auto vars:     Size  Location     Type
		None
 Return value:  Size  Location     Type
                  1    wreg      void 
 Registers used:
		wreg
 Tracked objects:
		On entry : 
		On exit  : 
		Unchanged: 
 Data sizes:     COMMON   BANK0   BANK1   BANK2   BANK3   BANK4   BANK5   BANK6
      Params:         0       2       0       0       0       0       0       0
      Locals:         0       0       0       0       0       0       0       0
      Temps:          0       0       0       0       0       0       0       0
      Totals:         0       2       0       0       0       0       0       0
Total ram usage:        2 bytes
 Hardware stack levels used:    1
 Hardware stack levels required when called:    4
 This function calls:
		Nothing
 This function is called by:
		_EUSART_Initialize
 This function uses a non-reentrant model


 *************** function _EUSART_SetErrorHandler *****************
 Defined at:
		line 174 in file "mcc_generated_files/eusart.c"
 Parameters:    Size  Location     Type
  interruptHan    2    0[BANK0 ] PTR FTN()void 
		 -> EUSART_DefaultErrorHandler(1), 
 Auto vars:     Size  Location     Type
		None
 Return value:  Size  Location     Type
                  1    wreg      void 
 Registers used:
		wreg
 Tracked objects:
		On entry : 
		On exit  : 
		Unchanged: 
 Data sizes:     COMMON   BANK0   BANK1   BANK2   BANK3   BANK4   BANK5   BANK6
      Params:         0       2       0       0       0       0       0       0
      Locals:         0       0       0       0       0       0       0       0
      Temps:          0       0       0       0       0       0       0       0
      Totals:         0       2       0       0       0       0       0       0
Total ram usage:        2 bytes
 Hardware stack levels used:    1
 Hardware stack levels required when called:    4
 This function calls:
		Nothing
 This function is called by:
		_EUSART_Initialize
 This function uses a non-reentrant model


 *************** function _DAC_Initialize *****************
 Defined at:
		line 58 in file "mcc_generated_files/dac.c"
 Parameters:    Size  Location     Type
		None
 Auto vars:     Size  Location     Type
		None
 Return value:  Size  Location     Type
                  1    wreg      void 
 Registers used:
		wreg
 Tracked objects:
		On entry : 
		On exit  : 
		Unchanged: 
 Data sizes:     COMMON   BANK0   BANK1   BANK2   BANK3   BANK4   BANK5   BANK6
      Params:         0       0       0       0       0       0       0       0
      Locals:         0       0       0       0       0       0       0       0
      Temps:          0       0       0       0       0       0       0       0
      Totals:         0       0       0       0       0       0       0       0
Total ram usage:        0 bytes
 Hardware stack levels used:    1
 Hardware stack levels required when called:    4
 This function calls:
		Nothing
 This function is called by:
		_SYSTEM_Initialize
		_main
 This function uses a non-reentrant model


 *************** function _INTERRUPT_InterruptManager *****************
 Defined at:
		line 52 in file "mcc_generated_files/interrupt_manager.c"
 Parameters:    Size  Location     Type
		None
 Auto vars:     Size  Location     Type
		None
 Return value:  Size  Location     Type
                  1    wreg      void 
 Registers used:
		wreg, fsr0l, fsr0h, fsr1l, fsr1h, status,2, status,0, pclath, cstack
 Tracked objects:
		On entry : 
		On exit  : 
		Unchanged: 
 Data sizes:     COMMON   BANK0   BANK1   BANK2   BANK3   BANK4   BANK5   BANK6
      Params:         0       0       0       0       0       0       0       0
      Locals:         0       0       0       0       0       0       0       0
      Temps:          0       0       0       0       0       0       0       0
      Totals:         0       0       0       0       0       0       0       0
Total ram usage:        0 bytes
 Hardware stack levels used:    1
 Hardware stack levels required when called:    3
 This function calls:
		_INT_ISR
		_PIN_MANAGER_IOC
 This function is called by:
		Interrupt level 1
 This function uses a non-reentrant model


 *************** function _PIN_MANAGER_IOC *****************
 Defined at:
		line 121 in file "mcc_generated_files/pin_manager.c"
 Parameters:    Size  Location     Type
		None
 Auto vars:     Size  Location     Type
		None
 Return value:  Size  Location     Type
                  1    wreg      void 
 Registers used:
		None
 Tracked objects:
		On entry : 
		On exit  : 
		Unchanged: 
 Data sizes:     COMMON   BANK0   BANK1   BANK2   BANK3   BANK4   BANK5   BANK6
      Params:         0       0       0       0       0       0       0       0
      Locals:         0       0       0       0       0       0       0       0
      Temps:          0       0       0       0       0       0       0       0
      Totals:         0       0       0       0       0       0       0       0
Total ram usage:        0 bytes
 Hardware stack levels used:    1
 This function calls:
		Nothing
 This function is called by:
		_INTERRUPT_InterruptManager
 This function uses a non-reentrant model


 *************** function _INT_ISR *****************
 Defined at:
		line 54 in file "mcc_generated_files/ext_int.c"
 Parameters:    Size  Location     Type
		None
 Auto vars:     Size  Location     Type
		None
 Return value:  Size  Location     Type
                  1    wreg      void 
 Registers used:
		wreg, fsr0l, fsr0h, fsr1l, fsr1h, status,2, status,0, pclath, cstack
 Tracked objects:
		On entry : 
		On exit  : 
		Unchanged: 
 Data sizes:     COMMON   BANK0   BANK1   BANK2   BANK3   BANK4   BANK5   BANK6
      Params:         0       0       0       0       0       0       0       0
      Locals:         0       0       0       0       0       0       0       0
      Temps:          0       0       0       0       0       0       0       0
      Totals:         0       0       0       0       0       0       0       0
Total ram usage:        0 bytes
 Hardware stack levels used:    1
 Hardware stack levels required when called:    2
 This function calls:
		_INT_CallBack
 This function is called by:
		_INTERRUPT_InterruptManager
 This function uses a non-reentrant model


 *************** function _INT_CallBack *****************
 Defined at:
		line 62 in file "mcc_generated_files/ext_int.c"
 Parameters:    Size  Location     Type
		None
 Auto vars:     Size  Location     Type
		None
 Return value:  Size  Location     Type
                  1    wreg      void 
 Registers used:
		wreg, fsr0l, fsr0h, fsr1l, fsr1h, status,2, status,0, pclath, cstack
 Tracked objects:
		On entry : 
		On exit  : 
		Unchanged: 
 Data sizes:     COMMON   BANK0   BANK1   BANK2   BANK3   BANK4   BANK5   BANK6
      Params:         0       0       0       0       0       0       0       0
      Locals:         0       0       0       0       0       0       0       0
      Temps:          0       0       0       0       0       0       0       0
      Totals:         0       0       0       0       0       0       0       0
Total ram usage:        0 bytes
 Hardware stack levels used:    1
 Hardware stack levels required when called:    1
 This function calls:
		Absolute function
		_INT_DefaultInterruptHandler
 This function is called by:
		_INT_ISR
 This function uses a non-reentrant model


 *************** function _INT_DefaultInterruptHandler *****************
 Defined at:
		line 75 in file "mcc_generated_files/ext_int.c"
 Parameters:    Size  Location     Type
		None
 Auto vars:     Size  Location     Type
  time            1    1[COMMON] unsigned char 
 Return value:  Size  Location     Type
                  1    wreg      void 
 Registers used:
		wreg, fsr0l, fsr0h, fsr1l, fsr1h, status,2, status,0
 Tracked objects:
		On entry : 
		On exit  : 
		Unchanged: 
 Data sizes:     COMMON   BANK0   BANK1   BANK2   BANK3   BANK4   BANK5   BANK6
      Params:         0       0       0       0       0       0       0       0
      Locals:         1       0       0       0       0       0       0       0
      Temps:          1       0       0       0       0       0       0       0
      Totals:         2       0       0       0       0       0       0       0
Total ram usage:        2 bytes
 Hardware stack levels used:    1
 This function calls:
		Nothing
 This function is called by:
		_EXT_INT_Initialize
		_INT_CallBack
 This function uses a non-reentrant model



MODULE INFORMATION

Module		Function		Class		Link	Load	Size
/Applications/microchip/xc8/v2.10/pic/sources/c90/common/aldiv.c
		___aldiv       		CODE           	0229	0000	131

/Applications/microchip/xc8/v2.10/pic/sources/c90/common/aldiv.c estimated size: 131

mcc_generated_files/opa2.c
		_OPA2_Initialize		CODE           	0612	0000	5

mcc_generated_files/opa2.c estimated size: 5

mcc_generated_files/tmr2.c
		_TMR2_Initialize		CODE           	05E7	0000	9

mcc_generated_files/tmr2.c estimated size: 9

mcc_generated_files/interrupt_manager.c
		_INTERRUPT_InterruptManager		CODE           	0004	0000	17

mcc_generated_files/interrupt_manager.c estimated size: 17

mcc_generated_files/tmr0.c
		_TMR0_Initialize		CODE           	05BA	0000	11

mcc_generated_files/tmr0.c estimated size: 11

mcc_generated_files/pin_manager.c
		_PIN_MANAGER_Initialize		CODE           	03F9	0000	50
		_PIN_MANAGER_IOC		CODE           	061E	0000	2

mcc_generated_files/pin_manager.c estimated size: 52

mcc_generated_files/ext_int.c
		_INT_DefaultInterruptHandler		CODE           	02AB	0000	101
		_EXT_INT_Initialize		CODE           	05A3	0000	13
		_INT_SetInterruptHandler		CODE           	05FD	0000	7
		_INT_CallBack  		CODE           	05AF	0000	12
		_INT_ISR       		CODE           	061A	0000	5

mcc_generated_files/ext_int.c estimated size: 138

/Applications/microchip/xc8/v2.10/pic/sources/c90/common/__lldiv.c
		___lldiv       		CODE           	0363	0000	84

/Applications/microchip/xc8/v2.10/pic/sources/c90/common/__lldiv.c estimated size: 84

mcc_generated_files/opa1.c
		_OPA1_Initialize		CODE           	0616	0000	5

mcc_generated_files/opa1.c estimated size: 5

shared
		__initialization		CODE           	0016	0000	15
		_hexpowers     		STRCODE        	047C	0000	33

shared estimated size: 48

mcc_generated_files/mcc.c
		_WDT_Initialize		CODE           	060E	0000	5
		_OSCILLATOR_Initialize		CODE           	05EF	0000	9
		_SYSTEM_Initialize		CODE           	049C	0000	31

mcc_generated_files/mcc.c estimated size: 45

/Applications/microchip/xc8/v2.10/pic/sources/c90/common/isdigit.c
		_isdigit       		CODE           	0588	0000	15

/Applications/microchip/xc8/v2.10/pic/sources/c90/common/isdigit.c estimated size: 15

/Applications/microchip/xc8/v2.10/pic/sources/c90/common/doprnt.c
		_printf        		CODE           	0028	0000	341

/Applications/microchip/xc8/v2.10/pic/sources/c90/common/doprnt.c estimated size: 341

mcc_generated_files/eusart.c
		_putch         		CODE           	0609	0000	6
		_EUSART_Write  		CODE           	05DF	0000	9
		_EUSART_Initialize		CODE           	0458	0000	37
		_EUSART_SetFramingErrorHandler		CODE           	05CD	0000	10
		_EUSART_SetErrorHandler		CODE           	05D6	0000	10
		_EUSART_SetOverrunErrorHandler		CODE           	05C4	0000	10

mcc_generated_files/eusart.c estimated size: 82

mcc_generated_files/dac.c
		_DAC_Initialize		CODE           	0603	0000	7

mcc_generated_files/dac.c estimated size: 7

main.c
		_process_remote_command		CODE           	030F	0000	85
		_main          		CODE           	017C	0000	174
		_setLEDColor   		CODE           	0596	0000	14
		_battery_voltage		CODE           	042A	0000	47
		_initLED       		CODE           	03B6	0000	68

main.c estimated size: 388

/Applications/microchip/xc8/v2.10/pic/sources/c90/common/Umul16.c
		___wmul        		CODE           	04BA	0000	29

/Applications/microchip/xc8/v2.10/pic/sources/c90/common/Umul16.c estimated size: 29

