Microchip MPLAB XC8 Compiler V2.10 ()

Linker command line:

-W-3 --edf=/Applications/microchip/xc8/v2.10/pic/dat/en_msgs.txt -cs \
  -h+dist/default/production/MouseBrains7.X.production.sym \
  --cmf=dist/default/production/MouseBrains7.X.production.cmf -z -Q16LF1708 \
  -o/tmp/xcoiqy02i --defsym=__MPLAB_BUILD=1 \
  -Mdist/default/production/MouseBrains7.X.production.map -E1 -ver=XC8 \
  -ASTACK=020C1h-021EFh -pstack=STACK -p_HEF_persistent_state_text=FE0h \
  -ACODE=00h-07FFhx2 -ASTRCODE=00h-0FFFh -ASTRING=00h-0FFhx16 \
  -ACONST=00h-0FFhx16 -AENTRY=00h-0FFhx16 -ACOMMON=070h-07Fh \
  -ABANK0=020h-06Fh -ABANK1=0A0h-0EFh -ABANK2=0120h-016Fh \
  -ABANK3=01A0h-01EFh -ABANK4=0220h-026Fh -ABANK5=02A0h-02EFh \
  -ABANK6=0320h-032Fh -ABIGRAM=02000h-021EFh \
  -ARAM=020h-06Fh,0A0h-0EFh,0120h-016Fh,01A0h-01EFh,0220h-026Fh,02A0h-02EFh,0320h-032Fh \
  -AABS1=020h-07Fh,0A0h-0EFh,0120h-016Fh,01A0h-01EFh,0220h-026Fh,02A0h-02EFh,0320h-032Fh \
  -ASFR0=00h-01Fh -ASFR1=080h-09Fh -ASFR2=0100h-011Fh -ASFR3=0180h-019Fh \
  -ASFR4=0200h-021Fh -ASFR5=0280h-029Fh -ASFR6=0300h-031Fh \
  -ASFR7=0380h-03EFh -ASFR8=0400h-046Fh -ASFR9=0480h-04EFh \
  -ASFR10=0500h-056Fh -ASFR11=0580h-05EFh -ASFR12=0600h-066Fh \
  -ASFR13=0680h-06EFh -ASFR14=0700h-076Fh -ASFR15=0780h-07EFh \
  -ASFR16=0800h-086Fh -ASFR17=0880h-08EFh -ASFR18=0900h-096Fh \
  -ASFR19=0980h-09EFh -ASFR20=0A00h-0A6Fh -ASFR21=0A80h-0AEFh \
  -ASFR22=0B00h-0B6Fh -ASFR23=0B80h-0BEFh -ASFR24=0C00h-0C6Fh \
  -ASFR25=0C80h-0CEFh -ASFR26=0D00h-0D6Fh -ASFR27=0D80h-0DEFh \
  -ASFR28=0E00h-0E6Fh -ASFR29=0E80h-0EEFh -ASFR30=0F00h-0F6Fh \
  -ASFR31=0F80h-0FEFh -preset_vec=00h,intentry=04h,init,end_init \
  -ppowerup=CODE -pcinit=CODE -pfunctab=ENTRY -ACONFIG=08007h-08008h \
  -pconfig=CONFIG -DCONFIG=2 -AIDLOC=08000h-08003h -pidloc=IDLOC -DIDLOC=2 \
  -DCODE=2 -DSTRCODE=2 -DSTRING=2 -DCONST=2 -DENTRY=2 -k /tmp/xcWQpp3T9.o \
  dist/default/production/MouseBrains7.X.production.o 

Object code version is 3.11

Machine type is 16LF1708



                Name                               Link     Load   Length Selector   Space Scale
/tmp/xcWQpp3T9.o
                end_init                             27       27        2        8       0
                reset_vec                             0        0        2        0       0
                config                             8007     8007        2    1000E       0
dist/default/production/MouseBrains7.X.production.o
                cinit                                29       29       20        8       0
                intentry                              4        4       23        8       0
                text53                              4C7      4C7       50        8       0
                text52                              F76      F76        B     1EEC       0
                text51                              F0F      F0F        4     1E1E       0
                text50                                2        2        1        0       0
                text49                                3        3        1        6       0
                text48                              F98      F98       10     1F30       0
                text47                              F1F      F1F        5     1E3E       0
                text46                              FCB      FCB       15     1F96       0
                text45                              F8C      F8C        C     1F18       0
                text43                              F47      F47        6     1E8E       0
                text42                              F24      F24        5     1E48       0
                text41                              F4D      F4D        6     1E9A       0
                text40                              F29      F29        5     1E52       0
                text39                              724      724       20        8       0
                text38                              F2E      F2E        5     1E5C       0
                text37                              F81      F81        B     1F02       0
                text36                              F13      F13        4     1E26       0
                text35                              F17      F17        4     1E2E       0
                text34                              F66      F66        8     1ECC       0
                text33                              58F      58F       33        8       0
                text32                              F33      F33        5     1E66       0
                text31                              FA8      FA8       11     1F50       0
                text30                              F6E      F6E        8     1EDC       0
                text29                              F38      F38        5     1E70       0
                text28                              FB9      FB9       12     1F72       0
                text27                              F1B      F1B        4     1E36       0
                text26                              703      703       21        8       0
                text25                              517      517       44        8       0
                text24                              7E5      7E5       15      FCA       0
                text23                              66E      66E       28        8       0
                text22                              220      220       81        8       0
                text21                              5F1      5F1       2D        8       0
                text20                              F5F      F5F        7     1EBE       0
                text19                              F3D      F3D        5     1E7A       0
                text18                              780      780       1D        8       0
                text17                              696      696       26        8       0
                text16                              763      763       1D        8       0
                text15                              646      646       28        8       0
                text14                              6E0      6E0       23        8       0
                text13                              6BC      6BC       24        8       0
                text12                              476      476       51        8       0
                text11                              425      425       51        8       0
                text10                              5C2      5C2       2F        8       0
                text9                               184      184       9C        8       0
                text8                               F42      F42        5     1E84       0
                text7                               36F      36F       5F        8       0
                text6                               79D      79D       1C        8       0
                text5                               30E      30E       61        8       0
                text4                               3CE      3CE       57        8       0
                text3                                49       49      13B        8       0
                text2                               744      744       1F        8       0
                text1                               55B      55B       34        8       0
                maintext                            2A1      2A1       6D        8       0
                cstackBANK0                          20       20       4F       20       1
                cstackCOMMON                         70       70        A       70       1
                cstackBANK1                          E6       E6        4       A0       1
                clrtext                             F53      F53        6     1EA6       0
                inittext                            F59      F59        6     1EB2       0
                bssBANK2                            120      120       21      120       1
                dataBANK1                            A0       A0       28       A0       1
                bssBANK1                             C8       C8       10       A0       1
                bssBANK0                             6F       6F        1       20       1
                stringtext5                         822      822       13      FF4       0
                stringtext4                         80E      80E       14      FF4       0
                stringtext3                         7FA      7FA       14      FF4       0
                stringtext2                         7D0      7D0       15      F72       0
                stringtext1                         7B9      7B9       17      F72       0
                nvBANK1                              D8       D8        E       A0       1
                nvCOMMON                             7A       7A        2       70       1
                _HEF_persistent_state_text          FE0      FE0       20     1FC0       0
                idataBANK1                          61E      61E       28        8       0

TOTAL           Name                               Link     Load   Length     Space
        CLASS   STACK          

        CLASS   CODE           
                end_init                             27       27        2         0
                cinit                                29       29       20         0
                intentry                              4        4       23         0
                reset_vec                             0        0        2         0
                text53                              4C7      4C7       50         0
                text52                              F76      F76        B         0
                text51                              F0F      F0F        4         0
                text50                                2        2        1         0
                text49                                3        3        1         0
                text48                              F98      F98       10         0
                text47                              F1F      F1F        5         0
                text46                              FCB      FCB       15         0
                text45                              F8C      F8C        C         0
                text43                              F47      F47        6         0
                text42                              F24      F24        5         0
                text41                              F4D      F4D        6         0
                text40                              F29      F29        5         0
                text39                              724      724       20         0
                text38                              F2E      F2E        5         0
                text37                              F81      F81        B         0
                text36                              F13      F13        4         0
                text35                              F17      F17        4         0
                text34                              F66      F66        8         0
                text33                              58F      58F       33         0
                text32                              F33      F33        5         0
                text31                              FA8      FA8       11         0
                text30                              F6E      F6E        8         0
                text29                              F38      F38        5         0
                text28                              FB9      FB9       12         0
                text27                              F1B      F1B        4         0
                text26                              703      703       21         0
                text25                              517      517       44         0
                text24                              7E5      7E5       15         0
                text23                              66E      66E       28         0
                text22                              220      220       81         0
                text21                              5F1      5F1       2D         0
                text20                              F5F      F5F        7         0
                text19                              F3D      F3D        5         0
                text18                              780      780       1D         0
                text17                              696      696       26         0
                text16                              763      763       1D         0
                text15                              646      646       28         0
                text14                              6E0      6E0       23         0
                text13                              6BC      6BC       24         0
                text12                              476      476       51         0
                text11                              425      425       51         0
                text10                              5C2      5C2       2F         0
                text9                               184      184       9C         0
                text8                               F42      F42        5         0
                text7                               36F      36F       5F         0
                text6                               79D      79D       1C         0
                text5                               30E      30E       61         0
                text4                               3CE      3CE       57         0
                text3                                49       49      13B         0
                text2                               744      744       1F         0
                text1                               55B      55B       34         0
                maintext                            2A1      2A1       6D         0
                clrtext                             F53      F53        6         0
                inittext                            F59      F59        6         0
                idataBANK1                          61E      61E       28         0

        CLASS   STRCODE        
                stringtext5                         822      822       13         0
                stringtext4                         80E      80E       14         0
                stringtext3                         7FA      7FA       14         0
                stringtext2                         7D0      7D0       15         0
                stringtext1                         7B9      7B9       17         0
                _HEF_persistent_state_text          FE0      FE0       20         0

        CLASS   STRING         

        CLASS   CONST          

        CLASS   ENTRY          

        CLASS   COMMON         
                cstackCOMMON                         70       70        A         1
                nvCOMMON                             7A       7A        2         1

        CLASS   BANK0          
                cstackBANK0                          20       20       4F         1
                bssBANK0                             6F       6F        1         1

        CLASS   BANK1          
                cstackBANK1                          E6       E6        4         1
                dataBANK1                            A0       A0       28         1
                bssBANK1                             C8       C8       10         1
                nvBANK1                              D8       D8        E         1

        CLASS   BANK2          
                bssBANK2                            120      120       21         1

        CLASS   BANK3          

        CLASS   BANK4          

        CLASS   BANK5          

        CLASS   BANK6          

        CLASS   BIGRAM         

        CLASS   RAM            

        CLASS   ABS1           
                abs_s1                               7E       7E        2         1

        CLASS   SFR0           

        CLASS   SFR1           

        CLASS   SFR2           

        CLASS   SFR3           

        CLASS   SFR4           

        CLASS   SFR5           

        CLASS   SFR6           

        CLASS   SFR7           

        CLASS   SFR8           

        CLASS   SFR9           

        CLASS   SFR10          

        CLASS   SFR11          

        CLASS   SFR12          

        CLASS   SFR13          

        CLASS   SFR14          

        CLASS   SFR15          

        CLASS   SFR16          

        CLASS   SFR17          

        CLASS   SFR18          

        CLASS   SFR19          

        CLASS   SFR20          

        CLASS   SFR21          

        CLASS   SFR22          

        CLASS   SFR23          

        CLASS   SFR24          

        CLASS   SFR25          

        CLASS   SFR26          

        CLASS   SFR27          

        CLASS   SFR28          

        CLASS   SFR29          

        CLASS   SFR30          

        CLASS   SFR31          

        CLASS   CONFIG         
                config                             8007     8007        2         0

        CLASS   IDLOC          

        CLASS   BANK31         

        CLASS   BANK30         

        CLASS   BANK29         

        CLASS   BANK28         

        CLASS   BANK27         

        CLASS   BANK26         

        CLASS   BANK25         

        CLASS   BANK24         

        CLASS   BANK23         

        CLASS   BANK22         

        CLASS   BANK21         

        CLASS   BANK20         

        CLASS   BANK19         

        CLASS   BANK18         

        CLASS   BANK17         

        CLASS   BANK16         

        CLASS   BANK15         

        CLASS   BANK14         

        CLASS   BANK13         

        CLASS   BANK12         

        CLASS   BANK11         

        CLASS   BANK10         

        CLASS   BANK9          

        CLASS   BANK8          

        CLASS   BANK7          

        CLASS   EEDATA         



SEGMENTS        Name                           Load    Length   Top    Selector   Space  Class     Delta

                text20                         000F5F  000007  000F66      1EBE       0  CODE        2
                text34                         000F66  000008  000F6E      1ECC       0  CODE        2
                text29                         000F38  000005  000F3D      1E70       0  CODE        2
                text19                         000F3D  000005  000F42      1E7A       0  CODE        2
                text32                         000F33  000005  000F38      1E66       0  CODE        2
                text40                         000F29  000005  000F2E      1E52       0  CODE        2
                text38                         000F2E  000005  000F33      1E5C       0  CODE        2
                clrtext                        000F53  000006  000F59      1EA6       0  CODE        2
                inittext                       000F59  000006  000F5F      1EB2       0  CODE        2
                text41                         000F4D  000006  000F53      1E9A       0  CODE        2
                text8                          000F42  000005  000F47      1E84       0  CODE        2
                text43                         000F47  000006  000F4D      1E8E       0  CODE        2
                reset_vec                      000000  000003  000003         0       0  CODE        2
                text45                         000F8C  00000C  000F98      1F18       0  CODE        2
                text37                         000F81  00000B  000F8C      1F02       0  CODE        2
                text31                         000FA8  000011  000FB9      1F50       0  CODE        2
                text48                         000F98  000010  000FA8      1F30       0  CODE        2
                text30                         000F6E  000008  000F76      1EDC       0  CODE        2
                text52                         000F76  00000B  000F81      1EEC       0  CODE        2
                text42                         000F24  000005  000F29      1E48       0  CODE        2
                text47                         000F1F  000005  000F24      1E3E       0  CODE        2
                text51                         000F0F  000004  000F13      1E1E       0  CODE        2
                text49                         000003  000001  000004         6       0  CODE        2
                text36                         000F13  000004  000F17      1E26       0  CODE        2
                text27                         000F1B  000004  000F1F      1E36       0  CODE        2
                text35                         000F17  000004  000F1B      1E2E       0  CODE        2
                bssBANK2                       000120  000021  000141       120       1  BANK2       1
                config                         008007  000002  008009     1000E       0  CONFIG      2
                intentry                       000004  0007B5  0007B9         8       0  CODE        2
                _HEF_persistent_state_text     000FE0  000020  001000      1FC0       0  STRCODE     2
                dataBANK1                      0000A0  00004A  0000EA        A0       1  BANK1       1
                cstackBANK0                    000020  000050  000070        20       1  BANK0       1
                cstackCOMMON                   000070  00000C  00007C        70       1  COMMON      1
                text46                         000FCB  000015  000FE0      1F96       0  CODE        2
                stringtext3                    0007FA  00003B  000835       FF4       0  STRCODE     2
                text28                         000FB9  000012  000FCB      1F72       0  CODE        2
                text24                         0007E5  000015  0007FA       FCA       0  CODE        2
                stringtext1                    0007B9  00002C  0007E5       F72       0  STRCODE     2


UNUSED ADDRESS RANGES

        Name                Unused          Largest block    Delta
        BANK1            000EA-000EF               6           1
        BANK2            00141-0016F              2F           1
        BANK3            001A0-001EF              50           1
        BANK4            00220-0026F              50           1
        BANK5            002A0-002EF              50           1
        BANK6            00320-0032F              10           1
        BIGRAM           02000-021EF             1F0           1
        CODE             00835-00F0E             6DA           2
        COMMON           0007C-0007D               2           1
        CONST            00835-00F0E             100           2
        ENTRY            00835-00F0E             100           2
        IDLOC            08000-08003               4           2
        RAM              000EA-000EF               6           1
                         00141-0016F              2F
                         001A0-001EF              50
                         00220-0026F              50
                         002A0-002EF              50
                         00320-0032F              10
        SFR0             00000-0001F              20           1
        SFR1             00080-0009F              20           1
        SFR10            00500-0056F              70           1
        SFR11            00580-005EF              70           1
        SFR12            00600-0066F              70           1
        SFR13            00680-006EF              70           1
        SFR14            00700-0076F              70           1
        SFR15            00780-007EF              70           1
        SFR16            00800-0086F              70           1
        SFR17            00880-008EF              70           1
        SFR18            00900-0096F              70           1
        SFR19            00980-009EF              70           1
        SFR2             00100-0011F              20           1
        SFR20            00A00-00A6F              70           1
        SFR21            00A80-00AEF              70           1
        SFR22            00B00-00B6F              70           1
        SFR23            00B80-00BEF              70           1
        SFR24            00C00-00C6F              70           1
        SFR25            00C80-00CEF              70           1
        SFR26            00D00-00D6F              70           1
        SFR27            00D80-00DEF              70           1
        SFR28            00E00-00E6F              70           1
        SFR29            00E80-00EEF              70           1
        SFR3             00180-0019F              20           1
        SFR30            00F00-00F6F              70           1
        SFR31            00F80-00FEF              70           1
        SFR4             00200-0021F              20           1
        SFR5             00280-0029F              20           1
        SFR6             00300-0031F              20           1
        SFR7             00380-003EF              70           1
        SFR8             00400-0046F              70           1
        SFR9             00480-004EF              70           1
        STACK            020C1-021EF             12F           1
        STRCODE          00835-00F0E             6DA           2
        STRING           00835-00F0E             100           2

                                  Symbol Table

?___aldiv                                      cstackBANK0                00024
?___awdiv                                      cstackCOMMON               00072
?___lmul                                       cstackCOMMON               00072
?_battery_voltage                              cstackBANK0                00033
?_printf                                       cstackCOMMON               00074
DAC_SetOutput@inputData                        cstackCOMMON               00070
EUSART_SetErrorHandler@interruptHandler        cstackCOMMON               00072
EUSART_SetFramingErrorHandler@interruptHandler cstackCOMMON               00072
EUSART_SetOverrunErrorHandler@interruptHandler cstackCOMMON               00072
EUSART_Write@txData                            cstackCOMMON               00072
FLASH_EraseBlock@GIEBitValue                   cstackCOMMON               00074
FLASH_EraseBlock@startAddr                     cstackCOMMON               00072
FLASH_WriteBlock@GIEBitValue                   cstackBANK0                00025
FLASH_WriteBlock@blockStartAddr                cstackBANK0                00023
FLASH_WriteBlock@flashWordArray                cstackCOMMON               00077
FLASH_WriteBlock@i                             cstackBANK0                00026
FLASH_WriteBlock@writeAddr                     cstackCOMMON               00075
INT_DefaultInterruptHandler@time               cstackCOMMON               00071
INT_SetInterruptHandler@InterruptHandler       cstackCOMMON               00072
TMR0_SetInterruptHandler@InterruptHandler      cstackCOMMON               00072
TMR4_LoadPeriodRegister@periodVal              cstackCOMMON               00072
TMR4_SetInterruptHandler@InterruptHandler      cstackCOMMON               00072
_ADCON0                                        (abs)                      0009D
_ADCON0bits                                    (abs)                      0009D
_ADCON1                                        (abs)                      0009E
_ADRES                                         (abs)                      0009B
_ANSELA                                        (abs)                      0018C
_ANSELB                                        (abs)                      0018D
_ANSELC                                        (abs)                      0018E
_BAUD1CON                                      (abs)                      0019F
_BORCON                                        (abs)                      00116
_CCP1CONbits                                   (abs)                      00293
_CCPR1L                                        (abs)                      00291
_CCPTMRSbits                                   (abs)                      0029E
_DAC1CON0                                      (abs)                      00118
_DAC1CON1                                      (abs)                      00119
_DAC_Initialize                                text43                     00F47
_DAC_SetOutput                                 text47                     00F1F
_EUSART_DefaultErrorHandler                    (abs)                      00000
_EUSART_DefaultFramingErrorHandler             (abs)                      00000
_EUSART_DefaultOverrunErrorHandler             (abs)                      00000
_EUSART_ErrorHandler                           nvBANK1                    000DE
_EUSART_FramingErrorHandler                    nvBANK1                    000E2
_EUSART_Initialize                             text39                     00724
_EUSART_OverrunErrorHandler                    nvBANK1                    000E0
_EUSART_SetErrorHandler                        text42                     00F24
_EUSART_SetFramingErrorHandler                 text41                     00F4D
_EUSART_SetOverrunErrorHandler                 text40                     00F29
_EUSART_Write                                  text20                     00F5F
_EXT_INT_Initialize                            text37                     00F81
_FLASH_EraseBlock                              text6                      0079D
_FLASH_WriteBlock                              text5                      0030E
_FVRCON                                        (abs)                      00117
_FVRCONbits                                    (abs)                      00117
_HEF_persistent_state                          _HEF_persistent_state_text 00FE0
_HEF_persistent_state_absaddr                  (abs)                      00FE0
_INLVLA                                        (abs)                      0038C
_INLVLB                                        (abs)                      0038D
_INLVLC                                        (abs)                      0038E
_INTCONbits                                    (abs)                      0000B
_INTERRUPT_InterruptManager                    intentry                   00004
_INTPPS                                        (abs)                      00E10
_INT_CallBack                                  text52                     00F76
_INT_DefaultInterruptHandler                   text53                     004C7
_INT_ISR                                       text51                     00F0F
_INT_InterruptHandler                          nvBANK1                    000DC
_INT_SetInterruptHandler                       text38                     00F2E
_LATA                                          (abs)                      0010C
_LATB                                          (abs)                      0010D
_LATC                                          (abs)                      0010E
_ODCONA                                        (abs)                      0028C
_ODCONB                                        (abs)                      0028D
_ODCONC                                        (abs)                      0028E
_OPA1CON                                       (abs)                      00511
_OPA1_Initialize                               text36                     00F13
_OPA2CON                                       (abs)                      00515
_OPA2_Initialize                               text35                     00F17
_OPTION_REG                                    (abs)                      00095
_OPTION_REGbits                                (abs)                      00095
_OSCCON                                        (abs)                      00099
_OSCILLATOR_Initialize                         text34                     00F66
_OSCSTAT                                       (abs)                      0009A
_OSCTUNE                                       (abs)                      00098
_PIE2bits                                      (abs)                      00092
_PIN_MANAGER_IOC                               text50                     00002
_PIN_MANAGER_Initialize                        text33                     0058F
_PIR1bits                                      (abs)                      00011
_PIR2bits                                      (abs)                      00012
_PMADRH                                        (abs)                      00192
_PMADRL                                        (abs)                      00191
_PMCON1bits                                    (abs)                      00195
_PMCON2                                        (abs)                      00196
_PMDATH                                        (abs)                      00194
_PMDATL                                        (abs)                      00193
_PR2                                           (abs)                      0001B
_PR4                                           (abs)                      00416
_PWM3CONbits                                   (abs)                      00619
_PWM3DCH                                       (abs)                      00618
_PWM3DCLbits                                   (abs)                      00617
_PWM4CONbits                                   (abs)                      0061C
_PWM4DCH                                       (abs)                      0061B
_PWM4DCLbits                                   (abs)                      0061A
_RA5PPS                                        (abs)                      00E95
_RB7PPS                                        (abs)                      00E9F
_RC1STA                                        (abs)                      0019D
_RC4PPS                                        (abs)                      00EA4
_RC5PPS                                        (abs)                      00EA5
_RXPPS                                         (abs)                      00E24
_SLRCONA                                       (abs)                      0030C
_SLRCONB                                       (abs)                      0030D
_SLRCONC                                       (abs)                      0030E
_SP1BRGH                                       (abs)                      0019C
_SP1BRGL                                       (abs)                      0019B
_SYSTEM_Initialize                             text26                     00703
_T2CON                                         (abs)                      0001C
_T2CONbits                                     (abs)                      0001C
_T4CON                                         (abs)                      00417
_TMR0                                          (abs)                      00015
_TMR0_DefaultInterruptHandler                  text49                     00003
_TMR0_ISR                                      text48                     00F98
_TMR0_Initialize                               text31                     00FA8
_TMR0_InterruptHandler                         nvBANK1                    000DA
_TMR0_SetInterruptHandler                      text32                     00F33
_TMR2                                          (abs)                      0001A
_TMR2_Initialize                               text30                     00F6E
_TMR4                                          (abs)                      00415
_TMR4_DefaultInterruptHandler                  text46                     00FCB
_TMR4_ISR                                      text45                     00F8C
_TMR4_Initialize                               text28                     00FB9
_TMR4_InterruptHandler                         nvBANK1                    000D8
_TMR4_LoadPeriodRegister                       text8                      00F42
_TMR4_SetInterruptHandler                      text29                     00F38
_TRISA                                         (abs)                      0008C
_TRISB                                         (abs)                      0008D
_TRISC                                         (abs)                      0008E
_TX1REG                                        (abs)                      0019A
_TX1STA                                        (abs)                      0019E
_WDTCON                                        (abs)                      00097
_WDT_Initialize                                text27                     00F1B
_WPUA                                          (abs)                      0020C
_WPUB                                          (abs)                      0020D
_WPUC                                          (abs)                      0020E
__CFG_BOREN$OFF                                (abs)                      00000
__CFG_BORV$LO                                  (abs)                      00000
__CFG_CLKOUTEN$ON                              (abs)                      00000
__CFG_CP$OFF                                   (abs)                      00000
__CFG_FCMEN$ON                                 (abs)                      00000
__CFG_FOSC$INTOSC                              (abs)                      00000
__CFG_IESO$OFF                                 (abs)                      00000
__CFG_LPBOR$OFF                                (abs)                      00000
__CFG_LVP$ON                                   (abs)                      00000
__CFG_MCLRE$ON                                 (abs)                      00000
__CFG_PLLEN$OFF                                (abs)                      00000
__CFG_PPS1WAY$ON                               (abs)                      00000
__CFG_PWRTE$OFF                                (abs)                      00000
__CFG_STVREN$ON                                (abs)                      00000
__CFG_WDTE$OFF                                 (abs)                      00000
__CFG_WRT$OFF                                  (abs)                      00000
__CFG_ZCDDIS$ON                                (abs)                      00000
__H_HEF_persistent_state_text                  _HEF_persistent_state_text 01000
__Habs1                                        abs1                       00000
__Hbank0                                       bank0                      00000
__Hbank1                                       bank1                      00000
__Hbank10                                      bank10                     00000
__Hbank11                                      bank11                     00000
__Hbank12                                      bank12                     00000
__Hbank13                                      bank13                     00000
__Hbank14                                      bank14                     00000
__Hbank15                                      bank15                     00000
__Hbank16                                      bank16                     00000
__Hbank17                                      bank17                     00000
__Hbank18                                      bank18                     00000
__Hbank19                                      bank19                     00000
__Hbank2                                       bank2                      00000
__Hbank20                                      bank20                     00000
__Hbank21                                      bank21                     00000
__Hbank22                                      bank22                     00000
__Hbank23                                      bank23                     00000
__Hbank24                                      bank24                     00000
__Hbank25                                      bank25                     00000
__Hbank26                                      bank26                     00000
__Hbank27                                      bank27                     00000
__Hbank28                                      bank28                     00000
__Hbank29                                      bank29                     00000
__Hbank3                                       bank3                      00000
__Hbank30                                      bank30                     00000
__Hbank31                                      bank31                     00000
__Hbank4                                       bank4                      00000
__Hbank5                                       bank5                      00000
__Hbank6                                       bank6                      00000
__Hbank7                                       bank7                      00000
__Hbank8                                       bank8                      00000
__Hbank9                                       bank9                      00000
__Hbigram                                      bigram                     00000
__HbssBANK0                                    bssBANK0                   00000
__HbssBANK1                                    bssBANK1                   00000
__HbssBANK2                                    bssBANK2                   00000
__Hcinit                                       cinit                      00049
__Hclrtext                                     clrtext                    00000
__Hcode                                        code                       00000
__Hcommon                                      common                     00000
__Hconfig                                      config                     08009
__HcstackBANK0                                 cstackBANK0                00000
__HcstackBANK1                                 cstackBANK1                00000
__HcstackCOMMON                                cstackCOMMON               00000
__HdataBANK1                                   dataBANK1                  00000
__Heeprom_data                                 eeprom_data                00000
__Hend_init                                    end_init                   00029
__Hfunctab                                     functab                    00000
__HidataBANK1                                  idataBANK1                 00000
__Hidloc                                       idloc                      00000
__Hinit                                        init                       00027
__Hinittext                                    inittext                   00000
__Hintentry                                    intentry                   00027
__Hmaintext                                    maintext                   00000
__HnvBANK1                                     nvBANK1                    00000
__HnvCOMMON                                    nvCOMMON                   00000
__Hpowerup                                     powerup                    00000
__Hram                                         ram                        00000
__Hreset_vec                                   reset_vec                  00002
__Hsfr0                                        sfr0                       00000
__Hsfr1                                        sfr1                       00000
__Hsfr10                                       sfr10                      00000
__Hsfr11                                       sfr11                      00000
__Hsfr12                                       sfr12                      00000
__Hsfr13                                       sfr13                      00000
__Hsfr14                                       sfr14                      00000
__Hsfr15                                       sfr15                      00000
__Hsfr16                                       sfr16                      00000
__Hsfr17                                       sfr17                      00000
__Hsfr18                                       sfr18                      00000
__Hsfr19                                       sfr19                      00000
__Hsfr2                                        sfr2                       00000
__Hsfr20                                       sfr20                      00000
__Hsfr21                                       sfr21                      00000
__Hsfr22                                       sfr22                      00000
__Hsfr23                                       sfr23                      00000
__Hsfr24                                       sfr24                      00000
__Hsfr25                                       sfr25                      00000
__Hsfr26                                       sfr26                      00000
__Hsfr27                                       sfr27                      00000
__Hsfr28                                       sfr28                      00000
__Hsfr29                                       sfr29                      00000
__Hsfr3                                        sfr3                       00000
__Hsfr30                                       sfr30                      00000
__Hsfr31                                       sfr31                      00000
__Hsfr4                                        sfr4                       00000
__Hsfr5                                        sfr5                       00000
__Hsfr6                                        sfr6                       00000
__Hsfr7                                        sfr7                       00000
__Hsfr8                                        sfr8                       00000
__Hsfr9                                        sfr9                       00000
__Hspace_0                                     (abs)                      08009
__Hspace_1                                     (abs)                      00141
__Hspace_2                                     (abs)                      00000
__Hspace_3                                     (abs)                      00000
__Hstack                                       stack                      00000
__Hstrings                                     strings                    00000
__Hstringtext1                                 stringtext1                00000
__Hstringtext2                                 stringtext2                00000
__Hstringtext3                                 stringtext3                00000
__Hstringtext4                                 stringtext4                00000
__Hstringtext5                                 stringtext5                00000
__Hstringtext6                                 stringtext6                00000
__Htext                                        text                       00000
__L_HEF_persistent_state_text                  _HEF_persistent_state_text 00FE0
__Labs1                                        abs1                       00000
__Lbank0                                       bank0                      00000
__Lbank1                                       bank1                      00000
__Lbank10                                      bank10                     00000
__Lbank11                                      bank11                     00000
__Lbank12                                      bank12                     00000
__Lbank13                                      bank13                     00000
__Lbank14                                      bank14                     00000
__Lbank15                                      bank15                     00000
__Lbank16                                      bank16                     00000
__Lbank17                                      bank17                     00000
__Lbank18                                      bank18                     00000
__Lbank19                                      bank19                     00000
__Lbank2                                       bank2                      00000
__Lbank20                                      bank20                     00000
__Lbank21                                      bank21                     00000
__Lbank22                                      bank22                     00000
__Lbank23                                      bank23                     00000
__Lbank24                                      bank24                     00000
__Lbank25                                      bank25                     00000
__Lbank26                                      bank26                     00000
__Lbank27                                      bank27                     00000
__Lbank28                                      bank28                     00000
__Lbank29                                      bank29                     00000
__Lbank3                                       bank3                      00000
__Lbank30                                      bank30                     00000
__Lbank31                                      bank31                     00000
__Lbank4                                       bank4                      00000
__Lbank5                                       bank5                      00000
__Lbank6                                       bank6                      00000
__Lbank7                                       bank7                      00000
__Lbank8                                       bank8                      00000
__Lbank9                                       bank9                      00000
__Lbigram                                      bigram                     00000
__LbssBANK0                                    bssBANK0                   00000
__LbssBANK1                                    bssBANK1                   00000
__LbssBANK2                                    bssBANK2                   00000
__Lcinit                                       cinit                      00029
__Lclrtext                                     clrtext                    00000
__Lcode                                        code                       00000
__Lcommon                                      common                     00000
__Lconfig                                      config                     08007
__LcstackBANK0                                 cstackBANK0                00000
__LcstackBANK1                                 cstackBANK1                00000
__LcstackCOMMON                                cstackCOMMON               00000
__LdataBANK1                                   dataBANK1                  00000
__Leeprom_data                                 eeprom_data                00000
__Lend_init                                    end_init                   00027
__Lfunctab                                     functab                    00000
__LidataBANK1                                  idataBANK1                 00000
__Lidloc                                       idloc                      00000
__Linit                                        init                       00027
__Linittext                                    inittext                   00000
__Lintentry                                    intentry                   00004
__Lmaintext                                    maintext                   00000
__LnvBANK1                                     nvBANK1                    00000
__LnvCOMMON                                    nvCOMMON                   00000
__Lpowerup                                     powerup                    00000
__Lram                                         ram                        00000
__Lreset_vec                                   reset_vec                  00000
__Lsfr0                                        sfr0                       00000
__Lsfr1                                        sfr1                       00000
__Lsfr10                                       sfr10                      00000
__Lsfr11                                       sfr11                      00000
__Lsfr12                                       sfr12                      00000
__Lsfr13                                       sfr13                      00000
__Lsfr14                                       sfr14                      00000
__Lsfr15                                       sfr15                      00000
__Lsfr16                                       sfr16                      00000
__Lsfr17                                       sfr17                      00000
__Lsfr18                                       sfr18                      00000
__Lsfr19                                       sfr19                      00000
__Lsfr2                                        sfr2                       00000
__Lsfr20                                       sfr20                      00000
__Lsfr21                                       sfr21                      00000
__Lsfr22                                       sfr22                      00000
__Lsfr23                                       sfr23                      00000
__Lsfr24                                       sfr24                      00000
__Lsfr25                                       sfr25                      00000
__Lsfr26                                       sfr26                      00000
__Lsfr27                                       sfr27                      00000
__Lsfr28                                       sfr28                      00000
__Lsfr29                                       sfr29                      00000
__Lsfr3                                        sfr3                       00000
__Lsfr30                                       sfr30                      00000
__Lsfr31                                       sfr31                      00000
__Lsfr4                                        sfr4                       00000
__Lsfr5                                        sfr5                       00000
__Lsfr6                                        sfr6                       00000
__Lsfr7                                        sfr7                       00000
__Lsfr8                                        sfr8                       00000
__Lsfr9                                        sfr9                       00000
__Lspace_0                                     (abs)                      00000
__Lspace_1                                     (abs)                      00000
__Lspace_2                                     (abs)                      00000
__Lspace_3                                     (abs)                      00000
__Lstack                                       stack                      00000
__Lstrings                                     strings                    00000
__Lstringtext1                                 stringtext1                00000
__Lstringtext2                                 stringtext2                00000
__Lstringtext3                                 stringtext3                00000
__Lstringtext4                                 stringtext4                00000
__Lstringtext5                                 stringtext5                00000
__Lstringtext6                                 stringtext6                00000
__Ltext                                        text                       00000
__S0                                           (abs)                      08009
__S1                                           (abs)                      00141
__S2                                           (abs)                      00000
___aldiv                                       text22                     00220
___aldiv@counter                               cstackBANK0                0002D
___aldiv@dividend                              cstackBANK0                00028
___aldiv@divisor                               cstackBANK0                00024
___aldiv@quotient                              cstackBANK0                0002F
___aldiv@sign                                  cstackBANK0                0002E
___awdiv                                       text11                     00425
___awdiv@counter                               cstackBANK0                00020
___awdiv@dividend                              cstackCOMMON               00074
___awdiv@divisor                               cstackCOMMON               00072
___awdiv@quotient                              cstackBANK0                00022
___awdiv@sign                                  cstackBANK0                00021
___int_sp                                      stack                      00000
___latbits                                     (abs)                      00001
___lmul                                        text10                     005C2
___lmul@multiplicand                           cstackCOMMON               00076
___lmul@multiplier                             cstackCOMMON               00072
___lmul@product                                cstackBANK0                00020
___sp                                          stack                      00000
___stackhi                                     (abs)                      021EF
___stacklo                                     (abs)                      020C1
__end_of_DAC_Initialize                        text43                     00F4D
__end_of_DAC_SetOutput                         text47                     00F24
__end_of_EUSART_Initialize                     text39                     00744
__end_of_EUSART_SetErrorHandler                text42                     00F29
__end_of_EUSART_SetFramingErrorHandler         text41                     00F53
__end_of_EUSART_SetOverrunErrorHandler         text40                     00F2E
__end_of_EUSART_Write                          text20                     00F66
__end_of_EXT_INT_Initialize                    text37                     00F8C
__end_of_FLASH_EraseBlock                      text6                      007B9
__end_of_FLASH_WriteBlock                      text5                      0036F
__end_of_HEF_persistent_state                  _HEF_persistent_state_text 01000
__end_of_INTERRUPT_InterruptManager            intentry                   00027
__end_of_INT_CallBack                          text52                     00F81
__end_of_INT_DefaultInterruptHandler           text53                     00517
__end_of_INT_ISR                               text51                     00F13
__end_of_INT_SetInterruptHandler               text38                     00F33
__end_of_OPA1_Initialize                       text36                     00F17
__end_of_OPA2_Initialize                       text35                     00F1B
__end_of_OSCILLATOR_Initialize                 text34                     00F6E
__end_of_PIN_MANAGER_IOC                       text50                     00003
__end_of_PIN_MANAGER_Initialize                text33                     005C2
__end_of_SYSTEM_Initialize                     text26                     00724
__end_of_TMR0_DefaultInterruptHandler          text49                     00004
__end_of_TMR0_ISR                              text48                     00FA8
__end_of_TMR0_Initialize                       text31                     00FB9
__end_of_TMR0_SetInterruptHandler              text32                     00F38
__end_of_TMR2_Initialize                       text30                     00F76
__end_of_TMR4_DefaultInterruptHandler          text46                     00FE0
__end_of_TMR4_ISR                              text45                     00F98
__end_of_TMR4_Initialize                       text28                     00FCB
__end_of_TMR4_LoadPeriodRegister               text8                      00F47
__end_of_TMR4_SetInterruptHandler              text29                     00F3D
__end_of_WDT_Initialize                        text27                     00F1F
__end_of___aldiv                               text22                     002A1
__end_of___awdiv                               text11                     00476
__end_of___lmul                                text10                     005F1
__end_of__initialization                       cinit                      00045
__end_of_battery_voltage                       text21                     0061E
__end_of_initLED                               text25                     0055B
__end_of_lowBattery                            text23                     00696
__end_of_main                                  maintext                   0030E
__end_of_printf                                text18                     0079D
__end_of_process_remote_command                text3                      00184
__end_of_putch                                 text19                     00F42
__end_of_readPersistentState                   text2                      00763
__end_of_selectCurrent                         text17                     006BC
__end_of_selectDecrease                        text16                     00780
__end_of_selectFrequency                       text15                     0066E
__end_of_selectIncrease                        text14                     00703
__end_of_selectResetValue                      text13                     006E0
__end_of_selectSomething                       text12                     004C7
__end_of_setCurrent                            text9                      00220
__end_of_setFrequency                          text7                      003CE
__end_of_setLEDColor                           text24                     007FA
__end_of_startUp                               text1                      0058F
__end_of_writePersistentState                  text4                      00425
__initialization                               cinit                      00029
__p_HEF_persistent_state_text                  _HEF_persistent_state_text 00FE0
__pbssBANK0                                    bssBANK0                   0006F
__pbssBANK1                                    bssBANK1                   000C8
__pbssBANK2                                    bssBANK2                   00120
__pcstackBANK0                                 cstackBANK0                00020
__pcstackBANK1                                 cstackBANK1                000E6
__pcstackCOMMON                                cstackCOMMON               00070
__pdataBANK1                                   dataBANK1                  000A0
__pidataBANK1                                  idataBANK1                 0061E
__pintentry                                    intentry                   00004
__pmaintext                                    maintext                   002A1
__pnvBANK1                                     nvBANK1                    000D8
__pnvCOMMON                                    nvCOMMON                   0007A
__pstringtext1                                 stringtext1                007B9
__pstringtext2                                 stringtext2                007D0
__pstringtext3                                 stringtext3                007FA
__pstringtext4                                 stringtext4                0080E
__pstringtext5                                 stringtext5                00822
__pstringtext6                                 stringtext6                00000
__ptext1                                       text1                      0055B
__ptext10                                      text10                     005C2
__ptext11                                      text11                     00425
__ptext12                                      text12                     00476
__ptext13                                      text13                     006BC
__ptext14                                      text14                     006E0
__ptext15                                      text15                     00646
__ptext16                                      text16                     00763
__ptext17                                      text17                     00696
__ptext18                                      text18                     00780
__ptext19                                      text19                     00F3D
__ptext2                                       text2                      00744
__ptext20                                      text20                     00F5F
__ptext21                                      text21                     005F1
__ptext22                                      text22                     00220
__ptext23                                      text23                     0066E
__ptext24                                      text24                     007E5
__ptext25                                      text25                     00517
__ptext26                                      text26                     00703
__ptext27                                      text27                     00F1B
__ptext28                                      text28                     00FB9
__ptext29                                      text29                     00F38
__ptext3                                       text3                      00049
__ptext30                                      text30                     00F6E
__ptext31                                      text31                     00FA8
__ptext32                                      text32                     00F33
__ptext33                                      text33                     0058F
__ptext34                                      text34                     00F66
__ptext35                                      text35                     00F17
__ptext36                                      text36                     00F13
__ptext37                                      text37                     00F81
__ptext38                                      text38                     00F2E
__ptext39                                      text39                     00724
__ptext4                                       text4                      003CE
__ptext40                                      text40                     00F29
__ptext41                                      text41                     00F4D
__ptext42                                      text42                     00F24
__ptext43                                      text43                     00F47
__ptext45                                      text45                     00F8C
__ptext46                                      text46                     00FCB
__ptext47                                      text47                     00F1F
__ptext48                                      text48                     00F98
__ptext49                                      text49                     00003
__ptext5                                       text5                      0030E
__ptext50                                      text50                     00002
__ptext51                                      text51                     00F0F
__ptext52                                      text52                     00F76
__ptext53                                      text53                     004C7
__ptext6                                       text6                      0079D
__ptext7                                       text7                      0036F
__ptext8                                       text8                      00F42
__ptext9                                       text9                      00184
__size_of_DAC_Initialize                       (abs)                      00000
__size_of_DAC_SetOutput                        (abs)                      00000
__size_of_EUSART_Initialize                    (abs)                      00000
__size_of_EUSART_SetErrorHandler               (abs)                      00000
__size_of_EUSART_SetFramingErrorHandler        (abs)                      00000
__size_of_EUSART_SetOverrunErrorHandler        (abs)                      00000
__size_of_EUSART_Write                         (abs)                      00000
__size_of_EXT_INT_Initialize                   (abs)                      00000
__size_of_FLASH_EraseBlock                     (abs)                      00000
__size_of_FLASH_WriteBlock                     (abs)                      00000
__size_of_INTERRUPT_InterruptManager           (abs)                      00000
__size_of_INT_CallBack                         (abs)                      00000
__size_of_INT_DefaultInterruptHandler          (abs)                      00000
__size_of_INT_ISR                              (abs)                      00000
__size_of_INT_SetInterruptHandler              (abs)                      00000
__size_of_OPA1_Initialize                      (abs)                      00000
__size_of_OPA2_Initialize                      (abs)                      00000
__size_of_OSCILLATOR_Initialize                (abs)                      00000
__size_of_PIN_MANAGER_IOC                      (abs)                      00000
__size_of_PIN_MANAGER_Initialize               (abs)                      00000
__size_of_SYSTEM_Initialize                    (abs)                      00000
__size_of_TMR0_DefaultInterruptHandler         (abs)                      00000
__size_of_TMR0_ISR                             (abs)                      00000
__size_of_TMR0_Initialize                      (abs)                      00000
__size_of_TMR0_SetInterruptHandler             (abs)                      00000
__size_of_TMR2_Initialize                      (abs)                      00000
__size_of_TMR4_DefaultInterruptHandler         (abs)                      00000
__size_of_TMR4_ISR                             (abs)                      00000
__size_of_TMR4_Initialize                      (abs)                      00000
__size_of_TMR4_LoadPeriodRegister              (abs)                      00000
__size_of_TMR4_SetInterruptHandler             (abs)                      00000
__size_of_WDT_Initialize                       (abs)                      00000
__size_of___aldiv                              (abs)                      00000
__size_of___awdiv                              (abs)                      00000
__size_of___lmul                               (abs)                      00000
__size_of_battery_voltage                      (abs)                      00000
__size_of_initLED                              (abs)                      00000
__size_of_lowBattery                           (abs)                      00000
__size_of_main                                 (abs)                      00000
__size_of_printf                               (abs)                      00000
__size_of_process_remote_command               (abs)                      00000
__size_of_putch                                (abs)                      00000
__size_of_readPersistentState                  (abs)                      00000
__size_of_selectCurrent                        (abs)                      00000
__size_of_selectDecrease                       (abs)                      00000
__size_of_selectFrequency                      (abs)                      00000
__size_of_selectIncrease                       (abs)                      00000
__size_of_selectResetValue                     (abs)                      00000
__size_of_selectSomething                      (abs)                      00000
__size_of_setCurrent                           (abs)                      00000
__size_of_setFrequency                         (abs)                      00000
__size_of_setLEDColor                          (abs)                      00000
__size_of_startUp                              (abs)                      00000
__size_of_writePersistentState                 (abs)                      00000
_battery_voltage                               text21                     005F1
_currentIndex                                  nvCOMMON                   0007A
_currentIsOn                                   dataBANK1                  000A4
_currentValue                                  dataBANK1                  000A5
_dac_value                                     bssBANK1                   000CF
_dc_frequency_flag                             dataBANK1                  000C7
_eusartRxLastError                             bssBANK1                   000D1
_frequencyIndex                                nvBANK1                    000E4
_frequencyValue                                dataBANK1                  000BB
_initLED                                       text25                     00517
_interfaceState                                bssBANK0                   0006F
_ir_code                                       bssBANK1                   000D2
_lowBattery                                    text23                     0066E
_main                                          maintext                   002A1
_printf                                        text18                     00780
_process_remote_command                        text3                      00049
_putch                                         text19                     00F3D
_readPersistentState                           text2                      00744
_selectCurrent                                 text17                     00696
_selectDecrease                                text16                     00763
_selectFrequency                               text15                     00646
_selectIncrease                                text14                     006E0
_selectResetValue                              text13                     006BC
_selectSomething                               text12                     00476
_setCurrent                                    text9                      00184
_setFrequency                                  text7                      0036F
_setLEDColor                                   text24                     007E5
_startUp                                       text1                      0055B
_timer0ReloadVal                               bssBANK1                   000D0
_writePersistentState                          text4                      003CE
btemp                                          (abs)                      0007E
clear_ram0                                     clrtext                    00F53
end_of_initialization                          cinit                      00045
init_ram                                       inittext                   00F59
int$flags                                      (abs)                      0007E
intlevel0                                      functab                    00000
intlevel1                                      functab                    00000
intlevel2                                      functab                    00000
intlevel3                                      functab                    00000
intlevel4                                      functab                    00000
intlevel5                                      functab                    00000
main@batt_mv                                   cstackBANK1                000E8
printf@ap                                      cstackBANK0                00020
printf@c                                       cstackBANK0                00021
printf@f                                       cstackCOMMON               00074
process_remote_command@code                    cstackBANK1                000E6
putch@txData                                   cstackCOMMON               00073
reset_vec                                      reset_vec                  00000
setCurrent@DACValue                            cstackBANK0                00043
setCurrent@Vdac_mv                             cstackBANK0                00041
setCurrent@Vdd_mv                              cstackBANK0                00037
setCurrent@microamps                           cstackBANK0                00035
setFrequency@PR4_val                           cstackBANK0                00036
setFrequency@frequency_hz                      cstackBANK0                00033
setLEDColor@blue                               cstackCOMMON               00073
setLEDColor@green                              cstackCOMMON               00072
setLEDColor@red                                cstackCOMMON               00075
start                                          init                       00027
startUp@i                                      cstackCOMMON               00078
start_initialization                           cinit                      00029
writePersistentState@buf                       cstackBANK0                0002B
writePersistentState@i                         cstackBANK0                0006B
writePersistentState@idx                       cstackBANK0                0006C
wtemp0                                         (abs)                      0007E


FUNCTION INFORMATION:

 *************** function _main *****************
 Defined at:
		line 477 in file "main.c"
 Parameters:    Size  Location     Type
		None
 Auto vars:     Size  Location     Type
  batt_mv         2    2[BANK1 ] int 
 Return value:  Size  Location     Type
                  1    wreg      void 
 Registers used:
		wreg, fsr0l, fsr0h, fsr1l, fsr1h, status,2, status,0, pclath, cstack
 Tracked objects:
		On entry : 
		On exit  : 
		Unchanged: 
 Data sizes:     COMMON   BANK0   BANK1   BANK2   BANK3   BANK4   BANK5   BANK6
      Params:         0       0       0       0       0       0       0       0
      Locals:         0       0       2       0       0       0       0       0
      Temps:          0       0       1       0       0       0       0       0
      Totals:         0       0       3       0       0       0       0       0
Total ram usage:        3 bytes
 Hardware stack levels required when called:    9
 This function calls:
		_DAC_Initialize
		_OPA1_Initialize
		_OPA2_Initialize
		_SYSTEM_Initialize
		_battery_voltage
		_initLED
		_lowBattery
		_process_remote_command
		_readPersistentState
		_setCurrent
		_setFrequency
		_startUp
 This function is called by:
		Startup code after reset
 This function uses a non-reentrant model


 *************** function _startUp *****************
 Defined at:
		line 252 in file "main.c"
 Parameters:    Size  Location     Type
		None
 Auto vars:     Size  Location     Type
  i               2    8[COMMON] int 
 Return value:  Size  Location     Type
                  1    wreg      void 
 Registers used:
		wreg, status,2, status,0, pclath, cstack
 Tracked objects:
		On entry : 
		On exit  : 
		Unchanged: 
 Data sizes:     COMMON   BANK0   BANK1   BANK2   BANK3   BANK4   BANK5   BANK6
      Params:         0       0       0       0       0       0       0       0
      Locals:         2       0       0       0       0       0       0       0
      Temps:          2       0       0       0       0       0       0       0
      Totals:         4       0       0       0       0       0       0       0
Total ram usage:        4 bytes
 Hardware stack levels used:    1
 Hardware stack levels required when called:    5
 This function calls:
		_setLEDColor
 This function is called by:
		_main
 This function uses a non-reentrant model


 *************** function _readPersistentState *****************
 Defined at:
		line 115 in file "main.c"
 Parameters:    Size  Location     Type
		None
 Auto vars:     Size  Location     Type
		None
 Return value:  Size  Location     Type
                  1    wreg      void 
 Registers used:
		wreg, fsr0l, fsr0h, pclath
 Tracked objects:
		On entry : 
		On exit  : 
		Unchanged: 
 Data sizes:     COMMON   BANK0   BANK1   BANK2   BANK3   BANK4   BANK5   BANK6
      Params:         0       0       0       0       0       0       0       0
      Locals:         0       0       0       0       0       0       0       0
[...]
Total ram usage:        0 bytes
 Hardware stack levels used:    1
 Hardware stack levels required when called:    5
 This function calls:
		_EUSART_SetErrorHandler
		_EUSART_SetFramingErrorHandler
		_EUSART_SetOverrunErrorHandler
 This function is called by:
		_SYSTEM_Initialize
 This function uses a non-reentrant model


 *************** function _EUSART_SetOverrunErrorHandler *****************
 Defined at:
		line 170 in file "mcc_generated_files/eusart.c"
 Parameters:    Size  Location     Type
  interruptHan    2    2[COMMON] PTR FTN()void 
		 -> EUSART_DefaultOverrunErrorHandler(1), 
 Auto vars:     Size  Location     Type
		None
 Return value:  Size  Location     Type
                  1    wreg      void 
 Registers used:
		wreg
 Tracked objects:
		On entry : 
		On exit  : 
		Unchanged: 
 Data sizes:     COMMON   BANK0   BANK1   BANK2   BANK3   BANK4   BANK5   BANK6
      Params:         2       0       0       0       0       0       0       0
      Locals:         0       0       0       0       0       0       0       0
      Temps:          0       0       0       0       0       0       0       0
      Totals:         2       0       0       0       0       0       0       0
Total ram usage:        2 bytes
 Hardware stack levels used:    1
 Hardware stack levels required when called:    4
 This function calls:
		Nothing
 This function is called by:
		_EUSART_Initialize
 This function uses a non-reentrant model


 *************** function _EUSART_SetFramingErrorHandler *****************
 Defined at:
		line 166 in file "mcc_generated_files/eusart.c"
 Parameters:    Size  Location     Type
  interruptHan    2    2[COMMON] PTR FTN()void 
		 -> EUSART_DefaultFramingErrorHandler(1), 
 Auto vars:     Size  Location     Type
		None
 Return value:  Size  Location     Type
                  1    wreg      void 
 Registers used:
		wreg
 Tracked objects:
		On entry : 
		On exit  : 
		Unchanged: 
 Data sizes:     COMMON   BANK0   BANK1   BANK2   BANK3   BANK4   BANK5   BANK6
      Params:         2       0       0       0       0       0       0       0
      Locals:         0       0       0       0       0       0       0       0
      Temps:          0       0       0       0       0       0       0       0
      Totals:         2       0       0       0       0       0       0       0
Total ram usage:        2 bytes
 Hardware stack levels used:    1
 Hardware stack levels required when called:    4
 This function calls:
		Nothing
 This function is called by:
		_EUSART_Initialize
 This function uses a non-reentrant model


 *************** function _EUSART_SetErrorHandler *****************
 Defined at:
		line 174 in file "mcc_generated_files/eusart.c"
 Parameters:    Size  Location     Type
  interruptHan    2    2[COMMON] PTR FTN()void 
		 -> EUSART_DefaultErrorHandler(1), 
 Auto vars:     Size  Location     Type
		None
 Return value:  Size  Location     Type
                  1    wreg      void 
 Registers used:
		wreg
 Tracked objects:
		On entry : 
		On exit  : 
		Unchanged: 
 Data sizes:     COMMON   BANK0   BANK1   BANK2   BANK3   BANK4   BANK5   BANK6
      Params:         2       0       0       0       0       0       0       0
      Locals:         0       0       0       0       0       0       0       0
      Temps:          0       0       0       0       0       0       0       0
      Totals:         2       0       0       0       0       0       0       0
Total ram usage:        2 bytes
 Hardware stack levels used:    1
 Hardware stack levels required when called:    4
 This function calls:
		Nothing
 This function is called by:
		_EUSART_Initialize
 This function uses a non-reentrant model


 *************** function _DAC_Initialize *****************
 Defined at:
		line 58 in file "mcc_generated_files/dac.c"
 Parameters:    Size  Location     Type
		None
 Auto vars:     Size  Location     Type
		None
 Return value:  Size  Location     Type
                  1    wreg      void 
 Registers used:
		wreg
 Tracked objects:
		On entry : 
		On exit  : 
		Unchanged: 
 Data sizes:     COMMON   BANK0   BANK1   BANK2   BANK3   BANK4   BANK5   BANK6
      Params:         0       0       0       0       0       0       0       0
      Locals:         0       0       0       0       0       0       0       0
      Temps:          0       0       0       0       0       0       0       0
      Totals:         0       0       0       0       0       0       0       0
Total ram usage:        0 bytes
 Hardware stack levels used:    1
 Hardware stack levels required when called:    4
 This function calls:
		Nothing
 This function is called by:
		_SYSTEM_Initialize
		_main
 This function uses a non-reentrant model


 *************** function _INTERRUPT_InterruptManager *****************
 Defined at:
		line 52 in file "mcc_generated_files/interrupt_manager.c"
 Parameters:    Size  Location     Type
		None
 Auto vars:     Size  Location     Type
		None
 Return value:  Size  Location     Type
                  1    wreg      void 
 Registers used:
		wreg, fsr0l, fsr0h, status,2, status,0, pclath, cstack
 Tracked objects:
		On entry : 
		On exit  : 
		Unchanged: 
 Data sizes:     COMMON   BANK0   BANK1   BANK2   BANK3   BANK4   BANK5   BANK6
      Params:         0       0       0       0       0       0       0       0
      Locals:         0       0       0       0       0       0       0       0
      Temps:          0       0       0       0       0       0       0       0
      Totals:         0       0       0       0       0       0       0       0
Total ram usage:        0 bytes
 Hardware stack levels used:    1
 Hardware stack levels required when called:    3
 This function calls:
		_INT_ISR
		_PIN_MANAGER_IOC
		_TMR0_ISR
		_TMR4_ISR
 This function is called by:
		Interrupt level 1
 This function uses a non-reentrant model


 *************** function _TMR4_ISR *****************
 Defined at:
		line 120 in file "mcc_generated_files/tmr4.c"
 Parameters:    Size  Location     Type
		None
 Auto vars:     Size  Location     Type
		None
 Return value:  Size  Location     Type
                  1    wreg      void 
 Registers used:
		wreg, status,2, status,0, pclath, cstack
 Tracked objects:
		On entry : 
		On exit  : 
		Unchanged: 
 Data sizes:     COMMON   BANK0   BANK1   BANK2   BANK3   BANK4   BANK5   BANK6
      Params:         0       0       0       0       0       0       0       0
      Locals:         0       0       0       0       0       0       0       0
      Temps:          0       0       0       0       0       0       0       0
      Totals:         0       0       0       0       0       0       0       0
Total ram usage:        0 bytes
 Hardware stack levels used:    1
 Hardware stack levels required when called:    2
 This function calls:
		Absolute function
		_TMR4_DefaultInterruptHandler
 This function is called by:
		_INTERRUPT_InterruptManager
 This function uses a non-reentrant model


 *************** function _TMR4_DefaultInterruptHandler *****************
 Defined at:
		line 145 in file "mcc_generated_files/tmr4.c"
 Parameters:    Size  Location     Type
		None
 Auto vars:     Size  Location     Type
		None
 Return value:  Size  Location     Type
                  1    wreg      void 
 Registers used:
		wreg, status,2, status,0, pclath, cstack
 Tracked objects:
		On entry : 
		On exit  : 
		Unchanged: 
 Data sizes:     COMMON   BANK0   BANK1   BANK2   BANK3   BANK4   BANK5   BANK6
      Params:         0       0       0       0       0       0       0       0
      Locals:         0       0       0       0       0       0       0       0
      Temps:          0       0       0       0       0       0       0       0
      Totals:         0       0       0       0       0       0       0       0
Total ram usage:        0 bytes
 Hardware stack levels used:    1
 Hardware stack levels required when called:    1
 This function calls:
		_DAC_SetOutput
 This function is called by:
		_TMR4_Initialize
		_TMR4_ISR
 This function uses a non-reentrant model


 *************** function _DAC_SetOutput *****************
 Defined at:
		line 66 in file "mcc_generated_files/dac.c"
 Parameters:    Size  Location     Type
  inputData       1    wreg     unsigned char 
 Auto vars:     Size  Location     Type
  inputData       1    0[COMMON] unsigned char 
 Return value:  Size  Location     Type
                  1    wreg      void 
 Registers used:
		wreg
 Tracked objects:
		On entry : 
		On exit  : 
		Unchanged: 
 Data sizes:     COMMON   BANK0   BANK1   BANK2   BANK3   BANK4   BANK5   BANK6
      Params:         0       0       0       0       0       0       0       0
      Locals:         1       0       0       0       0       0       0       0
      Temps:          0       0       0       0       0       0       0       0
      Totals:         1       0       0       0       0       0       0       0
Total ram usage:        1 bytes
 Hardware stack levels used:    1
 This function calls:
		Nothing
 This function is called by:
		_TMR4_DefaultInterruptHandler
 This function uses a non-reentrant model


 *************** function _TMR0_ISR *****************
 Defined at:
		line 108 in file "mcc_generated_files/tmr0.c"
 Parameters:    Size  Location     Type
		None
 Auto vars:     Size  Location     Type
		None
 Return value:  Size  Location     Type
                  1    wreg      void 
 Registers used:
		wreg, status,2, status,0, pclath, cstack
 Tracked objects:
		On entry : 
		On exit  : 
		Unchanged: 
 Data sizes:     COMMON   BANK0   BANK1   BANK2   BANK3   BANK4   BANK5   BANK6
      Params:         0       0       0       0       0       0       0       0
      Locals:         0       0       0       0       0       0       0       0
      Temps:          0       0       0       0       0       0       0       0
      Totals:         0       0       0       0       0       0       0       0
Total ram usage:        0 bytes
 Hardware stack levels used:    1
 Hardware stack levels required when called:    1
 This function calls:
		Absolute function
		_TMR0_DefaultInterruptHandler
 This function is called by:
		_INTERRUPT_InterruptManager
 This function uses a non-reentrant model


 *************** function _TMR0_DefaultInterruptHandler *****************
 Defined at:
		line 129 in file "mcc_generated_files/tmr0.c"
 Parameters:    Size  Location     Type
		None
 Auto vars:     Size  Location     Type
		None
 Return value:  Size  Location     Type
                  1    wreg      void 
 Registers used:
		None
 Tracked objects:
		On entry : 
		On exit  : 
		Unchanged: 
 Data sizes:     COMMON   BANK0   BANK1   BANK2   BANK3   BANK4   BANK5   BANK6
      Params:         0       0       0       0       0       0       0       0
      Locals:         0       0       0       0       0       0       0       0
      Temps:          0       0       0       0       0       0       0       0
      Totals:         0       0       0       0       0       0       0       0
Total ram usage:        0 bytes
 Hardware stack levels used:    1
 This function calls:
		Nothing
 This function is called by:
		_TMR0_Initialize
		_TMR0_ISR
 This function uses a non-reentrant model


 *************** function _PIN_MANAGER_IOC *****************
 Defined at:
		line 121 in file "mcc_generated_files/pin_manager.c"
 Parameters:    Size  Location     Type
		None
 Auto vars:     Size  Location     Type
		None
 Return value:  Size  Location     Type
                  1    wreg      void 
 Registers used:
		None
 Tracked objects:
		On entry : 
		On exit  : 
		Unchanged: 
 Data sizes:     COMMON   BANK0   BANK1   BANK2   BANK3   BANK4   BANK5   BANK6
      Params:         0       0       0       0       0       0       0       0
      Locals:         0       0       0       0       0       0       0       0
      Temps:          0       0       0       0       0       0       0       0
      Totals:         0       0       0       0       0       0       0       0
Total ram usage:        0 bytes
 Hardware stack levels used:    1
 This function calls:
		Nothing
 This function is called by:
		_INTERRUPT_InterruptManager
 This function uses a non-reentrant model


 *************** function _INT_ISR *****************
 Defined at:
		line 54 in file "mcc_generated_files/ext_int.c"
 Parameters:    Size  Location     Type
		None
 Auto vars:     Size  Location     Type
		None
 Return value:  Size  Location     Type
                  1    wreg      void 
 Registers used:
		wreg, fsr0l, fsr0h, status,2, status,0, pclath, cstack
 Tracked objects:
		On entry : 
		On exit  : 
		Unchanged: 
 Data sizes:     COMMON   BANK0   BANK1   BANK2   BANK3   BANK4   BANK5   BANK6
      Params:         0       0       0       0       0       0       0       0
      Locals:         0       0       0       0       0       0       0       0
      Temps:          0       0       0       0       0       0       0       0
      Totals:         0       0       0       0       0       0       0       0
Total ram usage:        0 bytes
 Hardware stack levels used:    1
 Hardware stack levels required when called:    2
 This function calls:
		_INT_CallBack
 This function is called by:
		_INTERRUPT_InterruptManager
 This function uses a non-reentrant model


 *************** function _INT_CallBack *****************
 Defined at:
		line 62 in file "mcc_generated_files/ext_int.c"
 Parameters:    Size  Location     Type
		None
 Auto vars:     Size  Location     Type
		None
 Return value:  Size  Location     Type
                  1    wreg      void 
 Registers used:
		wreg, fsr0l, fsr0h, status,2, status,0, pclath, cstack
 Tracked objects:
		On entry : 
		On exit  : 
		Unchanged: 
 Data sizes:     COMMON   BANK0   BANK1   BANK2   BANK3   BANK4   BANK5   BANK6
      Params:         0       0       0       0       0       0       0       0
      Locals:         0       0       0       0       0       0       0       0
      Temps:          0       0       0       0       0       0       0       0
      Totals:         0       0       0       0       0       0       0       0
Total ram usage:        0 bytes
 Hardware stack levels used:    1
 Hardware stack levels required when called:    1
 This function calls:
		Absolute function
		_INT_DefaultInterruptHandler
 This function is called by:
		_INT_ISR
 This function uses a non-reentrant model


 *************** function _INT_DefaultInterruptHandler *****************
 Defined at:
		line 75 in file "mcc_generated_files/ext_int.c"
 Parameters:    Size  Location     Type
		None
 Auto vars:     Size  Location     Type
  time            1    1[COMMON] unsigned char 
 Return value:  Size  Location     Type
                  1    wreg      void 
 Registers used:
		wreg, fsr0l, fsr0h, status,2, status,0
 Tracked objects:
		On entry : 
		On exit  : 
		Unchanged: 
 Data sizes:     COMMON   BANK0   BANK1   BANK2   BANK3   BANK4   BANK5   BANK6
      Params:         0       0       0       0       0       0       0       0
      Locals:         1       0       0       0       0       0       0       0
      Temps:          1       0       0       0       0       0       0       0
      Totals:         2       0       0       0       0       0       0       0
Total ram usage:        2 bytes
 Hardware stack levels used:    1
 This function calls:
		Nothing
 This function is called by:
		_EXT_INT_Initialize
		_INT_CallBack
 This function uses a non-reentrant model



MODULE INFORMATION

Module		Function		Class		Link	Load	Size
/Applications/microchip/xc8/v2.10/pic/sources/c90/common/aldiv.c
		___aldiv       		CODE           	0220	0000	130

/Applications/microchip/xc8/v2.10/pic/sources/c90/common/aldiv.c estimated size: 130

mcc_generated_files/opa2.c
		_OPA2_Initialize		CODE           	0F17	0000	5

mcc_generated_files/opa2.c estimated size: 5

mcc_generated_files/tmr4.c
		_TMR4_ISR      		CODE           	0F8C	0000	13
		_TMR4_LoadPeriodRegister		CODE           	0F42	0000	6
		_TMR4_Initialize		CODE           	0FB9	0000	19
		_TMR4_SetInterruptHandler		CODE           	0F38	0000	6
		_TMR4_DefaultInterruptHandler		CODE           	0FCB	0000	22

mcc_generated_files/tmr4.c estimated size: 66

mcc_generated_files/tmr2.c
		_TMR2_Initialize		CODE           	0F6E	0000	9

mcc_generated_files/tmr2.c estimated size: 9

mcc_generated_files/interrupt_manager.c
		_INTERRUPT_InterruptManager		CODE           	0004	0000	36

mcc_generated_files/interrupt_manager.c estimated size: 36

/Applications/microchip/xc8/v2.10/pic/sources/c90/common/Umul32.c
		___lmul        		CODE           	05C2	0000	48

/Applications/microchip/xc8/v2.10/pic/sources/c90/common/Umul32.c estimated size: 48

mcc_generated_files/tmr0.c
		_TMR0_SetInterruptHandler		CODE           	0F33	0000	6
		_TMR0_DefaultInterruptHandler		CODE           	0003	0000	2
		_TMR0_ISR      		CODE           	0F98	0000	17
		_TMR0_Initialize		CODE           	0FA8	0000	18

mcc_generated_files/tmr0.c estimated size: 43

mcc_generated_files/pin_manager.c
		_PIN_MANAGER_Initialize		CODE           	058F	0000	52
		_PIN_MANAGER_IOC		CODE           	0002	0000	2

mcc_generated_files/pin_manager.c estimated size: 54

mcc_generated_files/ext_int.c
		_INT_DefaultInterruptHandler		CODE           	04C7	0000	81
		_EXT_INT_Initialize		CODE           	0F81	0000	12
		_INT_SetInterruptHandler		CODE           	0F2E	0000	6
		_INT_CallBack  		CODE           	0F76	0000	12
		_INT_ISR       		CODE           	0F0F	0000	5

mcc_generated_files/ext_int.c estimated size: 116

mcc_generated_files/opa1.c
		_OPA1_Initialize		CODE           	0F13	0000	5

mcc_generated_files/opa1.c estimated size: 5

shared
		_HEF_persistent_state		STRCODE        	0FE0	0000	33
		__initialization		CODE           	0029	0000	29

shared estimated size: 62

mcc_generated_files/mcc.c
		_WDT_Initialize		CODE           	0F1B	0000	5
		_OSCILLATOR_Initialize		CODE           	0F66	0000	9
		_SYSTEM_Initialize		CODE           	0703	0000	34

mcc_generated_files/mcc.c estimated size: 48

mcc_generated_files/memory.c
		_FLASH_EraseBlock		CODE           	079D	0000	29
		_FLASH_WriteBlock		CODE           	030E	0000	98

mcc_generated_files/memory.c estimated size: 127

/Applications/microchip/xc8/v2.10/pic/sources/c90/common/doprnt.c
		_printf        		CODE           	0780	0000	30

/Applications/microchip/xc8/v2.10/pic/sources/c90/common/doprnt.c estimated size: 30

mcc_generated_files/eusart.c
		_putch         		CODE           	0F3D	0000	6
		_EUSART_Write  		CODE           	0F5F	0000	8
		_EUSART_Initialize		CODE           	0724	0000	33
		_EUSART_SetFramingErrorHandler		CODE           	0F4D	0000	7
		_EUSART_SetErrorHandler		CODE           	0F24	0000	6
		_EUSART_SetOverrunErrorHandler		CODE           	0F29	0000	6

mcc_generated_files/eusart.c estimated size: 66

mcc_generated_files/dac.c
		_DAC_Initialize		CODE           	0F47	0000	7
		_DAC_SetOutput 		CODE           	0F1F	0000	6

mcc_generated_files/dac.c estimated size: 13

main.c
		_setCurrent    		CODE           	0184	0000	157
		_process_remote_command		CODE           	0049	0000	316
		_startUp       		CODE           	055B	0000	53
		_readPersistentState		CODE           	0744	0000	32
		_selectIncrease		CODE           	06E0	0000	36
		_selectResetValue		CODE           	06BC	0000	37
		_main          		CODE           	02A1	0000	110
		_setLEDColor   		CODE           	07E5	0000	22
		_selectSomething		CODE           	0476	0000	82
		_selectFrequency		CODE           	0646	0000	41
		_battery_voltage		CODE           	05F1	0000	46
		_initLED       		CODE           	0517	0000	69
		_setFrequency  		CODE           	036F	0000	96
		_writePersistentState		CODE           	03CE	0000	88
		_selectDecrease		CODE           	0763	0000	30
		_lowBattery    		CODE           	066E	0000	41
		_selectCurrent 		CODE           	0696	0000	39

main.c estimated size: 1295

/Applications/microchip/xc8/v2.10/pic/sources/c90/common/awdiv.c
		___awdiv       		CODE           	0425	0000	82

/Applications/microchip/xc8/v2.10/pic/sources/c90/common/awdiv.c estimated size: 82

