Microchip MPLAB XC8 Compiler V2.10 ()

Linker command line:

-W-3 --edf=/Applications/microchip/xc8/v2.10/pic/dat/en_msgs.txt -cs \
  -h+dist/NewConfiguration/production/MouseBrains7.X.production.sym \
  --cmf=dist/NewConfiguration/production/MouseBrains7.X.production.cmf -z \
  -Q16LF1708 -o/tmp/xc7fyqrYn --defsym=__MPLAB_BUILD=1 \
  -Mdist/NewConfiguration/production/MouseBrains7.X.production.map -E1 \
  -ver=XC8 --acfsm=1493 -ASTACK=020E5h-021EFh -pstack=STACK \
  -p_HEF_persistent_state_text=FE0h -ACODE=00h-07FFhx2 -ASTRCODE=00h-0FFFh \
  -ASTRING=00h-0FFhx16 -ACONST=00h-0FFhx16 -AENTRY=00h-0FFhx16 \
  -ACOMMON=070h-07Fh -ABANK0=020h-06Fh -ABANK1=0A0h-0EFh \
  -ABANK2=0120h-016Fh -ABANK3=01A0h-01EFh -ABANK4=0220h-026Fh \
  -ABANK5=02A0h-02EFh -ABANK6=0320h-032Fh -ABIGRAM=02000h-021EFh \
  -ARAM=020h-06Fh,0A0h-0EFh,0120h-016Fh,01A0h-01EFh,0220h-026Fh,02A0h-02EFh,0320h-032Fh \
  -AABS1=020h-07Fh,0A0h-0EFh,0120h-016Fh,01A0h-01EFh,0220h-026Fh,02A0h-02EFh,0320h-032Fh \
  -ASFR0=00h-01Fh -ASFR1=080h-09Fh -ASFR2=0100h-011Fh -ASFR3=0180h-019Fh \
  -ASFR4=0200h-021Fh -ASFR5=0280h-029Fh -ASFR6=0300h-031Fh \
  -ASFR7=0380h-03EFh -ASFR8=0400h-046Fh -ASFR9=0480h-04EFh \
  -ASFR10=0500h-056Fh -ASFR11=0580h-05EFh -ASFR12=0600h-066Fh \
  -ASFR13=0680h-06EFh -ASFR14=0700h-076Fh -ASFR15=0780h-07EFh \
  -ASFR16=0800h-086Fh -ASFR17=0880h-08EFh -ASFR18=0900h-096Fh \
  -ASFR19=0980h-09EFh -ASFR20=0A00h-0A6Fh -ASFR21=0A80h-0AEFh \
  -ASFR22=0B00h-0B6Fh -ASFR23=0B80h-0BEFh -ASFR24=0C00h-0C6Fh \
  -ASFR25=0C80h-0CEFh -ASFR26=0D00h-0D6Fh -ASFR27=0D80h-0DEFh \
  -ASFR28=0E00h-0E6Fh -ASFR29=0E80h-0EEFh -ASFR30=0F00h-0F6Fh \
  -ASFR31=0F80h-0FEFh -preset_vec=00h,intentry=04h,init,end_init \
  -ppowerup=CODE -pcinit=CODE -pfunctab=ENTRY -ACONFIG=08007h-08008h \
  -pconfig=CONFIG -DCONFIG=2 -AIDLOC=08000h-08003h -pidloc=IDLOC -DIDLOC=2 \
  -DCODE=2 -DSTRCODE=2 -DSTRING=2 -DCONST=2 -DENTRY=2 -k /tmp/xcJoOv1PQ.o \
  dist/NewConfiguration/production/MouseBrains7.X.production.o 

Object code version is 3.11

Machine type is 16LF1708



                Name                               Link     Load   Length Selector   Space Scale
/tmp/xcJoOv1PQ.o
                end_init                             3E       3E        2        8       0
                reset_vec                             0        0        2        0       0
                config                             8007     8007        2    1000E       0
dist/NewConfiguration/production/MouseBrains7.X.production.o
                cinit                                40       40       26        8       0
                intentry                              4        4       3A        8       0
                text56                              46F      46F       6C        8       0
                text55                              DD3      DD3        D     1BA6       0
                text54                              D62      D62        5     1AC4       0
                text53                              D55      D55        1     1AAA       0
                text52                                2        2        1        0       0
                text51                              DEF      DEF       11     1BDE       0
                text50                              D67      D67        5     1ACE       0
                text49                              7E3      7E3       1D        8       0
                text48                              DE0      DE0        F     1BC0       0
                text46                              D71      D71        6     1AE2       0
                text45                              D77      D77        6     1AEE       0
                text44                              D7D      D7D        6     1AFA       0
                text43                              D83      D83        6     1B06       0
                text42                              E8A      E8A       22     1D14       0
                text41                              D89      D89        6     1B12       0
                text40                              DC7      DC7        C     1B8E       0
                text39                              D56      D56        4     1AAC       0
                text38                              D5A      D5A        4     1AB4       0
                text37                              DAD      DAD        8     1B5A       0
                text36                              77F      77F       33        8       0
                text35                              D8F      D8F        6     1B1E       0
                text34                              E00      E00       12     1C00       0
                text33                              DB5      DB5        8     1B6A       0
                text32                              D95      D95        6     1B2A       0
                text31                              E24      E24       13     1C48       0
                text30                              D5E      D5E        4     1ABC       0
                text29                              EAC      EAC       22     1D58       0
                text28                              658      658       44        8       0
                text27                              E37      E37       17     1C6E       0
                text26                              FB4      FB4       2C     1F68       0
                text25                              27A      27A       90        8       0
                text24                              74C      74C       33        8       0
                text23                              DBD      DBD        A     1B7A       0
                text22                              D9B      D9B        6     1B36       0
                text21                              69C      69C       40        8       0
                text20                              30A      30A       7E        8       0
                text19                              7B2      7B2       31        8       0
                text18                              E12      E12       12     1C24       0
                text17                              F62      F62       28     1EC4       0
                text16                              ECE      ECE       22     1D9C       0
                text15                              F8A      F8A       2A     1F14       0
                text14                              EF0      EF0       25     1DE0       0
                text13                              F15      F15       26     1E2A       0
                text12                              5FD      5FD       5B        8       0
                text11                              541      541       60        8       0
                text10                              718      718       34        8       0
                text9                               1D5      1D5       A5        8       0
                text8                               D6C      D6C        5     1AD8       0
                text7                               4DB      4DB       66        8       0
                text6                               E4E      E4E       1C     1C9C       0
                text5                               403      403       6C        8       0
                text4                               5A1      5A1       5C        8       0
                text3                                66       66      16F        8       0
                text2                               E6A      E6A       20     1CD4       0
                text1                               6DC      6DC       3C        8       0
                maintext                            388      388       7B        8       0
                cstackBANK0                          20       20       50       20       1
                cstackCOMMON                         70       70        8       70       1
                cstackBANK1                          EC       EC        4       A0       1
                cstackBANK2                         163      163        2      120       1
                clrtext                             DA1      DA1        6     1B42       0
                inittext                            DA7      DA7        6     1B4E       0
                bssBANK2                            120      120       41      120       1
                dataBANK1                            A0       A0       27       A0       1
                bssBANK1                             C7       C7       17       A0       1
                dataCOMMON                           7A       7A        1       70       1
                bssCOMMON                            78       78        2       70       1
                stringtext5                         854      854       13     1000       0
                stringtext4                         840      840       14     1000       0
                stringtext3                         82C      82C       14     1000       0
                stringtext2                         817      817       15     1000       0
                stringtext1                         800      800       17     1000       0
                nvBANK2                             161      161        2      120       1
                nvBANK1                              DE       DE        E       A0       1
                _HEF_persistent_state_text          FE0      FE0       20     1FC0       0
                idataBANK1                          F3B      F3B       27     1E76       0
                idataCOMMON                           3        3        1        6       0

TOTAL           Name                               Link     Load   Length     Space
        CLASS   STACK          

        CLASS   CODE           
                end_init                             3E       3E        2         0
                cinit                                40       40       26         0
                intentry                              4        4       3A         0
                reset_vec                             0        0        2         0
                text56                              46F      46F       6C         0
                text55                              DD3      DD3        D         0
                text54                              D62      D62        5         0
                text53                              D55      D55        1         0
                text52                                2        2        1         0
                text51                              DEF      DEF       11         0
                text50                              D67      D67        5         0
                text49                              7E3      7E3       1D         0
                text48                              DE0      DE0        F         0
                text46                              D71      D71        6         0
                text45                              D77      D77        6         0
                text44                              D7D      D7D        6         0
                text43                              D83      D83        6         0
                text42                              E8A      E8A       22         0
                text41                              D89      D89        6         0
                text40                              DC7      DC7        C         0
                text39                              D56      D56        4         0
                text38                              D5A      D5A        4         0
                text37                              DAD      DAD        8         0
                text36                              77F      77F       33         0
                text35                              D8F      D8F        6         0
                text34                              E00      E00       12         0
                text33                              DB5      DB5        8         0
                text32                              D95      D95        6         0
                text31                              E24      E24       13         0
                text30                              D5E      D5E        4         0
                text29                              EAC      EAC       22         0
                text28                              658      658       44         0
                text27                              E37      E37       17         0
                text26                              FB4      FB4       2C         0
                text25                              27A      27A       90         0
                text24                              74C      74C       33         0
                text23                              DBD      DBD        A         0
                text22                              D9B      D9B        6         0
                text21                              69C      69C       40         0
                text20                              30A      30A       7E         0
                text19                              7B2      7B2       31         0
                text18                              E12      E12       12         0
                text17                              F62      F62       28         0
                text16                              ECE      ECE       22         0
                text15                              F8A      F8A       2A         0
                text14                              EF0      EF0       25         0
                text13                              F15      F15       26         0
                text12                              5FD      5FD       5B         0
                text11                              541      541       60         0
                text10                              718      718       34         0
                text9                               1D5      1D5       A5         0
                text8                               D6C      D6C        5         0
                text7                               4DB      4DB       66         0
                text6                               E4E      E4E       1C         0
                text5                               403      403       6C         0
                text4                               5A1      5A1       5C         0
                text3                                66       66      16F         0
                text2                               E6A      E6A       20         0
                text1                               6DC      6DC       3C         0
                maintext                            388      388       7B         0
                clrtext                             DA1      DA1        6         0
                inittext                            DA7      DA7        6         0
                idataBANK1                          F3B      F3B       27         0
                idataCOMMON                           3        3        1         0

        CLASS   STRCODE        
                stringtext5                         854      854       13         0
                stringtext4                         840      840       14         0
                stringtext3                         82C      82C       14         0
                stringtext2                         817      817       15         0
                stringtext1                         800      800       17         0
                _HEF_persistent_state_text          FE0      FE0       20         0

        CLASS   STRING         

        CLASS   CONST          

        CLASS   ENTRY          

        CLASS   COMMON         
                cstackCOMMON                         70       70        8         1
                dataCOMMON                           7A       7A        1         1
                bssCOMMON                            78       78        2         1

        CLASS   BANK0          
                cstackBANK0                          20       20       50         1

        CLASS   BANK1          
                cstackBANK1                          EC       EC        4         1
                dataBANK1                            A0       A0       27         1
                bssBANK1                             C7       C7       17         1
                nvBANK1                              DE       DE        E         1

        CLASS   BANK2          
                cstackBANK2                         163      163        2         1
                bssBANK2                            120      120       41         1
                nvBANK2                             161      161        2         1

        CLASS   BANK3          

        CLASS   BANK4          

        CLASS   BANK5          

        CLASS   BANK6          

        CLASS   BIGRAM         

        CLASS   RAM            

        CLASS   ABS1           
                abs_s1                               7E       7E        2         1

        CLASS   SFR0           

        CLASS   SFR1           

        CLASS   SFR2           

        CLASS   SFR3           

        CLASS   SFR4           

        CLASS   SFR5           

        CLASS   SFR6           

        CLASS   SFR7           

        CLASS   SFR8           

        CLASS   SFR9           

        CLASS   SFR10          

        CLASS   SFR11          

        CLASS   SFR12          

        CLASS   SFR13          

        CLASS   SFR14          

        CLASS   SFR15          

        CLASS   SFR16          

        CLASS   SFR17          

        CLASS   SFR18          

        CLASS   SFR19          

        CLASS   SFR20          

        CLASS   SFR21          

        CLASS   SFR22          

        CLASS   SFR23          

        CLASS   SFR24          

        CLASS   SFR25          

        CLASS   SFR26          

        CLASS   SFR27          

        CLASS   SFR28          

        CLASS   SFR29          

        CLASS   SFR30          

        CLASS   SFR31          

        CLASS   CONFIG         
                config                             8007     8007        2         0

        CLASS   IDLOC          

        CLASS   BANK31         

        CLASS   BANK30         

        CLASS   BANK29         

        CLASS   BANK28         

        CLASS   BANK27         

        CLASS   BANK26         

        CLASS   BANK25         

        CLASS   BANK24         

        CLASS   BANK23         

        CLASS   BANK22         

        CLASS   BANK21         

        CLASS   BANK20         

        CLASS   BANK19         

        CLASS   BANK18         

        CLASS   BANK17         

        CLASS   BANK16         

        CLASS   BANK15         

        CLASS   BANK14         

        CLASS   BANK13         

        CLASS   BANK12         

        CLASS   BANK11         

        CLASS   BANK10         

        CLASS   BANK9          

        CLASS   BANK8          

        CLASS   BANK7          

        CLASS   EEDATA         



SEGMENTS        Name                           Load    Length   Top    Selector   Space  Class     Delta

                text22                         000D9B  000006  000DA1      1B36       0  CODE        2
                text41                         000D89  000006  000D8F      1B12       0  CODE        2
                text43                         000D83  000006  000D89      1B06       0  CODE        2
                text32                         000D95  000006  000D9B      1B2A       0  CODE        2
                text35                         000D8F  000006  000D95      1B1E       0  CODE        2
                reset_vec                      000000  000003  000003         0       0  CODE        2
                text37                         000DAD  000008  000DB5      1B5A       0  CODE        2
                text33                         000DB5  000008  000DBD      1B6A       0  CODE        2
                clrtext                        000DA1  000006  000DA7      1B42       0  CODE        2
                inittext                       000DA7  000006  000DAD      1B4E       0  CODE        2
                text44                         000D7D  000006  000D83      1AFA       0  CODE        2
                text45                         000D77  000006  000D7D      1AEE       0  CODE        2
                text8                          000D6C  000005  000D71      1AD8       0  CODE        2
                text46                         000D71  000006  000D77      1AE2       0  CODE        2
                text23                         000DBD  00000A  000DC7      1B7A       0  CODE        2
                text40                         000DC7  00000C  000DD3      1B8E       0  CODE        2
                text55                         000DD3  00000D  000DE0      1BA6       0  CODE        2
                text34                         000E00  000012  000E12      1C00       0  CODE        2
                text18                         000E12  000012  000E24      1C24       0  CODE        2
                text48                         000DE0  00000F  000DEF      1BC0       0  CODE        2
                text51                         000DEF  000011  000E00      1BDE       0  CODE        2
                text50                         000D67  000005  000D6C      1ACE       0  CODE        2
                text54                         000D62  000005  000D67      1AC4       0  CODE        2
                idataCOMMON                    000003  000001  000004         6       0  CODE        2
                text53                         000D55  000001  000D56      1AAA       0  CODE        2
                text39                         000D56  000004  000D5A      1AAC       0  CODE        2
                text30                         000D5E  000004  000D62      1ABC       0  CODE        2
                text38                         000D5A  000004  000D5E      1AB4       0  CODE        2
                text31                         000E24  000013  000E37      1C48       0  CODE        2
                dataBANK1                      0000A0  000050  0000F0        A0       1  BANK1       1
                config                         008007  000002  008009     1000E       0  CONFIG      2
                intentry                       000004  0007FC  000800         8       0  CODE        2
                _HEF_persistent_state_text     000FE0  000020  001000      1FC0       0  STRCODE     2
                bssBANK2                       000120  000045  000165       120       1  BANK2       1
                cstackBANK0                    000020  000050  000070        20       1  BANK0       1
                cstackCOMMON                   000070  00000B  00007B        70       1  COMMON      1
                text2                          000E6A  000020  000E8A      1CD4       0  CODE        2
                text42                         000E8A  000022  000EAC      1D14       0  CODE        2
                text29                         000EAC  000022  000ECE      1D58       0  CODE        2
                text6                          000E4E  00001C  000E6A      1C9C       0  CODE        2
                text27                         000E37  000017  000E4E      1C6E       0  CODE        2
                stringtext1                    000800  000067  000867      1000       0  STRCODE     2
                text17                         000F62  000028  000F8A      1EC4       0  CODE        2
                text15                         000F8A  00002A  000FB4      1F14       0  CODE        2
                text26                         000FB4  00002C  000FE0      1F68       0  CODE        2
                idataBANK1                     000F3B  000027  000F62      1E76       0  CODE        2
                text16                         000ECE  000022  000EF0      1D9C       0  CODE        2
                text14                         000EF0  000025  000F15      1DE0       0  CODE        2
                text13                         000F15  000026  000F3B      1E2A       0  CODE        2


UNUSED ADDRESS RANGES

        Name                Unused          Largest block    Delta
        BANK2            00165-0016F               B           1
        BANK3            001A0-001EF              50           1
        BANK4            00220-0026F              50           1
        BANK5            002A0-002EF              50           1
        BANK6            00320-0032F              10           1
        BIGRAM           02000-021EF             1F0           1
        CODE             00867-00D54             4EE           2
        COMMON           0007B-0007D               3           1
        CONST            00867-00D54             100           2
        ENTRY            00867-00D54             100           2
        IDLOC            08000-08003               4           2
        RAM              00165-0016F               B           1
                         001A0-001EF              50
                         00220-0026F              50
                         002A0-002EF              50
                         00320-0032F              10
        SFR0             00000-0001F              20           1
        SFR1             00080-0009F              20           1
        SFR10            00500-0056F              70           1
        SFR11            00580-005EF              70           1
        SFR12            00600-0066F              70           1
        SFR13            00680-006EF              70           1
        SFR14            00700-0076F              70           1
        SFR15            00780-007EF              70           1
        SFR16            00800-0086F              70           1
        SFR17            00880-008EF              70           1
        SFR18            00900-0096F              70           1
        SFR19            00980-009EF              70           1
        SFR2             00100-0011F              20           1
        SFR20            00A00-00A6F              70           1
        SFR21            00A80-00AEF              70           1
        SFR22            00B00-00B6F              70           1
        SFR23            00B80-00BEF              70           1
        SFR24            00C00-00C6F              70           1
        SFR25            00C80-00CEF              70           1
        SFR26            00D00-00D6F              70           1
        SFR27            00D80-00DEF              70           1
        SFR28            00E00-00E6F              70           1
        SFR29            00E80-00EEF              70           1
        SFR3             00180-0019F              20           1
        SFR30            00F00-00F6F              70           1
        SFR31            00F80-00FEF              70           1
        SFR4             00200-0021F              20           1
        SFR5             00280-0029F              20           1
        SFR6             00300-0031F              20           1
        SFR7             00380-003EF              70           1
        SFR8             00400-0046F              70           1
        SFR9             00480-004EF              70           1
        STACK            020E5-021EF             10B           1
        STRCODE          00867-00D54             4EE           2
        STRING           00867-00D54             100           2

                                  Symbol Table

?___aldiv                                      cstackBANK0                00028
?___awdiv                                      cstackCOMMON               00073
?___lmul                                       cstackBANK0                00020
?_battery_voltage                              cstackBANK0                00037
?_printf                                       cstackBANK0                00035
?_vfpfcnvrt                                    cstackBANK0                00025
?_vfprintf                                     cstackBANK0                0002D
DAC_SetOutput@inputData                        cstackCOMMON               00070
EUSART_SetErrorHandler@interruptHandler        cstackCOMMON               00073
EUSART_SetFramingErrorHandler@interruptHandler cstackCOMMON               00073
EUSART_SetOverrunErrorHandler@interruptHandler cstackCOMMON               00073
EUSART_Write@txData                            cstackCOMMON               00073
FLASH_EraseBlock@GIEBitValue                   cstackCOMMON               00075
FLASH_EraseBlock@startAddr                     cstackCOMMON               00073
FLASH_WriteBlock@GIEBitValue                   cstackBANK0                00028
FLASH_WriteBlock@blockStartAddr                cstackBANK0                00026
FLASH_WriteBlock@flashWordArray                cstackBANK0                00022
FLASH_WriteBlock@i                             cstackBANK0                00029
FLASH_WriteBlock@writeAddr                     cstackBANK0                00020
INT_DefaultInterruptHandler@time               cstackCOMMON               00072
INT_SetInterruptHandler@InterruptHandler       cstackCOMMON               00073
TMR0_SetInterruptHandler@InterruptHandler      cstackCOMMON               00073
TMR4_LoadPeriodRegister@periodVal              cstackCOMMON               00073
TMR4_SetInterruptHandler@InterruptHandler      cstackCOMMON               00073
_ADCON0                                        (abs)                      0009D
_ADCON0bits                                    (abs)                      0009D
_ADCON1                                        (abs)                      0009E
_ADRES                                         (abs)                      0009B
_ANSELA                                        (abs)                      0018C
_ANSELB                                        (abs)                      0018D
_ANSELC                                        (abs)                      0018E
_BAUD1CON                                      (abs)                      0019F
_BORCON                                        (abs)                      00116
_CCP1CONbits                                   (abs)                      00293
_CCPR1L                                        (abs)                      00291
_CCPTMRSbits                                   (abs)                      0029E
_DAC1CON0                                      (abs)                      00118
_DAC1CON1                                      (abs)                      00119
_DAC_Initialize                                text46                     00D71
_DAC_SetOutput                                 text50                     00D67
_EUSART_DefaultErrorHandler                    (abs)                      00000
_EUSART_DefaultFramingErrorHandler             (abs)                      00000
_EUSART_DefaultOverrunErrorHandler             (abs)                      00000
_EUSART_ErrorHandler                           nvBANK2                    00161
_EUSART_FramingErrorHandler                    nvBANK1                    000E6
_EUSART_Initialize                             text42                     00E8A
_EUSART_OverrunErrorHandler                    nvBANK1                    000E4
_EUSART_SetErrorHandler                        text45                     00D77
_EUSART_SetFramingErrorHandler                 text44                     00D7D
_EUSART_SetOverrunErrorHandler                 text43                     00D83
_EUSART_Write                                  text23                     00DBD
_EXT_INT_Initialize                            text40                     00DC7
_FLASH_EraseBlock                              text6                      00E4E
_FLASH_WriteBlock                              text5                      00403
_FVRCON                                        (abs)                      00117
_FVRCONbits                                    (abs)                      00117
_HEF_persistent_state                          _HEF_persistent_state_text 00FE0
_HEF_persistent_state_absaddr                  (abs)                      00FE0
_INLVLA                                        (abs)                      0038C
_INLVLB                                        (abs)                      0038D
_INLVLC                                        (abs)                      0038E
_INTCONbits                                    (abs)                      0000B
_INTERRUPT_InterruptManager                    intentry                   00004
_INTPPS                                        (abs)                      00E10
_INT_CallBack                                  text55                     00DD3
_INT_DefaultInterruptHandler                   text56                     0046F
_INT_ISR                                       text54                     00D62
_INT_InterruptHandler                          nvBANK1                    000E2
_INT_SetInterruptHandler                       text41                     00D89
_LATA                                          (abs)                      0010C
_LATB                                          (abs)                      0010D
_LATC                                          (abs)                      0010E
_ODCONA                                        (abs)                      0028C
_ODCONB                                        (abs)                      0028D
_ODCONC                                        (abs)                      0028E
_OPA1CON                                       (abs)                      00511
_OPA1_Initialize                               text39                     00D56
_OPA2CON                                       (abs)                      00515
_OPA2_Initialize                               text38                     00D5A
_OPTION_REG                                    (abs)                      00095
_OPTION_REGbits                                (abs)                      00095
_OSCCON                                        (abs)                      00099
_OSCILLATOR_Initialize                         text37                     00DAD
_OSCSTAT                                       (abs)                      0009A
_OSCTUNE                                       (abs)                      00098
_PIE2bits                                      (abs)                      00092
_PIN_MANAGER_IOC                               text53                     00D55
_PIN_MANAGER_Initialize                        text36                     0077F
_PIR1bits                                      (abs)                      00011
_PIR2bits                                      (abs)                      00012
_PMADRH                                        (abs)                      00192
_PMADRL                                        (abs)                      00191
_PMCON1bits                                    (abs)                      00195
_PMCON2                                        (abs)                      00196
_PMDATH                                        (abs)                      00194
_PMDATL                                        (abs)                      00193
_PR2                                           (abs)                      0001B
_PR4                                           (abs)                      00416
_PWM3CONbits                                   (abs)                      00619
_PWM3DCH                                       (abs)                      00618
_PWM3DCLbits                                   (abs)                      00617
_PWM4CONbits                                   (abs)                      0061C
_PWM4DCH                                       (abs)                      0061B
_PWM4DCLbits                                   (abs)                      0061A
_RA5PPS                                        (abs)                      00E95
_RB7PPS                                        (abs)                      00E9F
_RC1REG                                        (abs)                      00199
_RC1STA                                        (abs)                      0019D
_RC1STAbits                                    (abs)                      0019D
_RC4PPS                                        (abs)                      00EA4
_RC5PPS                                        (abs)                      00EA5
_RXPPS                                         (abs)                      00E24
_SLRCONA                                       (abs)                      0030C
_SLRCONB                                       (abs)                      0030D
_SLRCONC                                       (abs)                      0030E
_SP1BRGH                                       (abs)                      0019C
_SP1BRGL                                       (abs)                      0019B
_SYSTEM_Initialize                             text29                     00EAC
_T2CON                                         (abs)                      0001C
_T2CONbits                                     (abs)                      0001C
_T4CON                                         (abs)                      00417
_T4CONbits                                     (abs)                      00417
_TMR0                                          (abs)                      00015
_TMR0_DefaultInterruptHandler                  text52                     00002
_TMR0_ISR                                      text51                     00DEF
_TMR0_Initialize                               text34                     00E00
_TMR0_InterruptHandler                         nvBANK1                    000E0
_TMR0_SetInterruptHandler                      text35                     00D8F
_TMR2                                          (abs)                      0001A
_TMR2_Initialize                               text33                     00DB5
_TMR4                                          (abs)                      00415
_TMR4_DefaultInterruptHandler                  text49                     007E3
_TMR4_ISR                                      text48                     00DE0
_TMR4_Initialize                               text31                     00E24
_TMR4_InterruptHandler                         nvBANK1                    000DE
_TMR4_LoadPeriodRegister                       text8                      00D6C
_TMR4_SetInterruptHandler                      text32                     00D95
_TRISA                                         (abs)                      0008C
_TRISB                                         (abs)                      0008D
_TRISC                                         (abs)                      0008E
_TX1REG                                        (abs)                      0019A
_TX1STA                                        (abs)                      0019E
_TX1STAbits                                    (abs)                      0019E
_WDTCON                                        (abs)                      00097
_WDT_Initialize                                text30                     00D5E
_WPUA                                          (abs)                      0020C
_WPUB                                          (abs)                      0020D
_WPUC                                          (abs)                      0020E
__CFG_BOREN$OFF                                (abs)                      00000
__CFG_BORV$LO                                  (abs)                      00000
__CFG_CLKOUTEN$ON                              (abs)                      00000
__CFG_CP$OFF                                   (abs)                      00000
__CFG_FCMEN$ON                                 (abs)                      00000
__CFG_FOSC$INTOSC                              (abs)                      00000
__CFG_IESO$OFF                                 (abs)                      00000
__CFG_LPBOR$OFF                                (abs)                      00000
__CFG_LVP$ON                                   (abs)                      00000
__CFG_MCLRE$ON                                 (abs)                      00000
__CFG_PLLEN$OFF                                (abs)                      00000
__CFG_PPS1WAY$ON                               (abs)                      00000
__CFG_PWRTE$OFF                                (abs)                      00000
__CFG_STVREN$ON                                (abs)                      00000
__CFG_WDTE$OFF                                 (abs)                      00000
__CFG_WRT$OFF                                  (abs)                      00000
__CFG_ZCDDIS$ON                                (abs)                      00000
__H_HEF_persistent_state_text                  _HEF_persistent_state_text 01000
__Habs1                                        abs1                       00000
__Hbank0                                       bank0                      00000
__Hbank1                                       bank1                      00000
__Hbank10                                      bank10                     00000
__Hbank11                                      bank11                     00000
__Hbank12                                      bank12                     00000
__Hbank13                                      bank13                     00000
__Hbank14                                      bank14                     00000
__Hbank15                                      bank15                     00000
__Hbank16                                      bank16                     00000
__Hbank17                                      bank17                     00000
__Hbank18                                      bank18                     00000
__Hbank19                                      bank19                     00000
__Hbank2                                       bank2                      00000
__Hbank20                                      bank20                     00000
__Hbank21                                      bank21                     00000
__Hbank22                                      bank22                     00000
__Hbank23                                      bank23                     00000
__Hbank24                                      bank24                     00000
__Hbank25                                      bank25                     00000
__Hbank26                                      bank26                     00000
__Hbank27                                      bank27                     00000
__Hbank28                                      bank28                     00000
__Hbank29                                      bank29                     00000
__Hbank3                                       bank3                      00000
__Hbank30                                      bank30                     00000
__Hbank31                                      bank31                     00000
__Hbank4                                       bank4                      00000
__Hbank5                                       bank5                      00000
__Hbank6                                       bank6                      00000
__Hbank7                                       bank7                      00000
__Hbank8                                       bank8                      00000
__Hbank9                                       bank9                      00000
__Hbigram                                      bigram                     00000
__HbssBANK1                                    bssBANK1                   00000
__HbssBANK2                                    bssBANK2                   00000
__HbssCOMMON                                   bssCOMMON                  00000
__Hcinit                                       cinit                      00066
__Hclrtext                                     clrtext                    00000
__Hcode                                        code                       00000
__Hcommon                                      common                     00000
__Hconfig                                      config                     08009
__HcstackBANK0                                 cstackBANK0                00000
__HcstackBANK1                                 cstackBANK1                00000
__HcstackBANK2                                 cstackBANK2                00000
__HcstackCOMMON                                cstackCOMMON               00000
__HdataBANK1                                   dataBANK1                  00000
__HdataCOMMON                                  dataCOMMON                 00000
__Heeprom_data                                 eeprom_data                00000
__Hend_init                                    end_init                   00040
__Hfunctab                                     functab                    00000
__HidataBANK1                                  idataBANK1                 00000
__HidataCOMMON                                 idataCOMMON                00000
__Hidloc                                       idloc                      00000
__Hinit                                        init                       0003E
__Hinittext                                    inittext                   00000
__Hintentry                                    intentry                   0003E
__Hmaintext                                    maintext                   00000
__HnvBANK1                                     nvBANK1                    00000
__HnvBANK2                                     nvBANK2                    00000
__Hpowerup                                     powerup                    00000
__Hram                                         ram                        00000
__Hreset_vec                                   reset_vec                  00002
__Hsfr0                                        sfr0                       00000
__Hsfr1                                        sfr1                       00000
__Hsfr10                                       sfr10                      00000
__Hsfr11                                       sfr11                      00000
__Hsfr12                                       sfr12                      00000
__Hsfr13                                       sfr13                      00000
__Hsfr14                                       sfr14                      00000
__Hsfr15                                       sfr15                      00000
__Hsfr16                                       sfr16                      00000
__Hsfr17                                       sfr17                      00000
__Hsfr18                                       sfr18                      00000
__Hsfr19                                       sfr19                      00000
__Hsfr2                                        sfr2                       00000
__Hsfr20                                       sfr20                      00000
__Hsfr21                                       sfr21                      00000
__Hsfr22                                       sfr22                      00000
__Hsfr23                                       sfr23                      00000
__Hsfr24                                       sfr24                      00000
__Hsfr25                                       sfr25                      00000
__Hsfr26                                       sfr26                      00000
__Hsfr27                                       sfr27                      00000
__Hsfr28                                       sfr28                      00000
__Hsfr29                                       sfr29                      00000
__Hsfr3                                        sfr3                       00000
__Hsfr30                                       sfr30                      00000
__Hsfr31                                       sfr31                      00000
__Hsfr4                                        sfr4                       00000
__Hsfr5                                        sfr5                       00000
__Hsfr6                                        sfr6                       00000
__Hsfr7                                        sfr7                       00000
__Hsfr8                                        sfr8                       00000
__Hsfr9                                        sfr9                       00000
__Hspace_0                                     (abs)                      08009
__Hspace_1                                     (abs)                      00165
__Hspace_2                                     (abs)                      00000
__Hspace_3                                     (abs)                      00000
__Hstack                                       stack                      00000
__Hstrings                                     strings                    00000
__Hstringtext1                                 stringtext1                00000
__Hstringtext2                                 stringtext2                00000
__Hstringtext3                                 stringtext3                00000
__Hstringtext4                                 stringtext4                00000
__Hstringtext5                                 stringtext5                00000
__Hstringtext6                                 stringtext6                00000
__Htext                                        text                       00000
__L_HEF_persistent_state_text                  _HEF_persistent_state_text 00FE0
__Labs1                                        abs1                       00000
__Lbank0                                       bank0                      00000
__Lbank1                                       bank1                      00000
__Lbank10                                      bank10                     00000
__Lbank11                                      bank11                     00000
__Lbank12                                      bank12                     00000
__Lbank13                                      bank13                     00000
__Lbank14                                      bank14                     00000
__Lbank15                                      bank15                     00000
__Lbank16                                      bank16                     00000
__Lbank17                                      bank17                     00000
__Lbank18                                      bank18                     00000
__Lbank19                                      bank19                     00000
__Lbank2                                       bank2                      00000
__Lbank20                                      bank20                     00000
__Lbank21                                      bank21                     00000
__Lbank22                                      bank22                     00000
__Lbank23                                      bank23                     00000
__Lbank24                                      bank24                     00000
__Lbank25                                      bank25                     00000
__Lbank26                                      bank26                     00000
__Lbank27                                      bank27                     00000
__Lbank28                                      bank28                     00000
__Lbank29                                      bank29                     00000
__Lbank3                                       bank3                      00000
__Lbank30                                      bank30                     00000
__Lbank31                                      bank31                     00000
__Lbank4                                       bank4                      00000
__Lbank5                                       bank5                      00000
__Lbank6                                       bank6                      00000
__Lbank7                                       bank7                      00000
__Lbank8                                       bank8                      00000
__Lbank9                                       bank9                      00000
__Lbigram                                      bigram                     00000
__LbssBANK1                                    bssBANK1                   00000
__LbssBANK2                                    bssBANK2                   00000
__LbssCOMMON                                   bssCOMMON                  00000
__Lcinit                                       cinit                      00040
__Lclrtext                                     clrtext                    00000
__Lcode                                        code                       00000
__Lcommon                                      common                     00000
__Lconfig                                      config                     08007
__LcstackBANK0                                 cstackBANK0                00000
__LcstackBANK1                                 cstackBANK1                00000
__LcstackBANK2                                 cstackBANK2                00000
__LcstackCOMMON                                cstackCOMMON               00000
__LdataBANK1                                   dataBANK1                  00000
__LdataCOMMON                                  dataCOMMON                 00000
__Leeprom_data                                 eeprom_data                00000
__Lend_init                                    end_init                   0003E
__Lfunctab                                     functab                    00000
__LidataBANK1                                  idataBANK1                 00000
__LidataCOMMON                                 idataCOMMON                00000
__Lidloc                                       idloc                      00000
__Linit                                        init                       0003E
__Linittext                                    inittext                   00000
__Lintentry                                    intentry                   00004
__Lmaintext                                    maintext                   00000
__LnvBANK1                                     nvBANK1                    00000
__LnvBANK2                                     nvBANK2                    00000
__Lpowerup                                     powerup                    00000
__Lram                                         ram                        00000
__Lreset_vec                                   reset_vec                  00000
__Lsfr0                                        sfr0                       00000
__Lsfr1                                        sfr1                       00000
__Lsfr10                                       sfr10                      00000
__Lsfr11                                       sfr11                      00000
__Lsfr12                                       sfr12                      00000
__Lsfr13                                       sfr13                      00000
__Lsfr14                                       sfr14                      00000
__Lsfr15                                       sfr15                      00000
__Lsfr16                                       sfr16                      00000
__Lsfr17                                       sfr17                      00000
__Lsfr18                                       sfr18                      00000
__Lsfr19                                       sfr19                      00000
__Lsfr2                                        sfr2                       00000
__Lsfr20                                       sfr20                      00000
__Lsfr21                                       sfr21                      00000
__Lsfr22                                       sfr22                      00000
__Lsfr23                                       sfr23                      00000
__Lsfr24                                       sfr24                      00000
__Lsfr25                                       sfr25                      00000
__Lsfr26                                       sfr26                      00000
__Lsfr27                                       sfr27                      00000
__Lsfr28                                       sfr28                      00000
__Lsfr29                                       sfr29                      00000
__Lsfr3                                        sfr3                       00000
__Lsfr30                                       sfr30                      00000
__Lsfr31                                       sfr31                      00000
__Lsfr4                                        sfr4                       00000
__Lsfr5                                        sfr5                       00000
__Lsfr6                                        sfr6                       00000
__Lsfr7                                        sfr7                       00000
__Lsfr8                                        sfr8                       00000
__Lsfr9                                        sfr9                       00000
__Lspace_0                                     (abs)                      00000
__Lspace_1                                     (abs)                      00000
__Lspace_2                                     (abs)                      00000
__Lspace_3                                     (abs)                      00000
__Lstack                                       stack                      00000
__Lstrings                                     strings                    00000
__Lstringtext1                                 stringtext1                00000
__Lstringtext2                                 stringtext2                00000
__Lstringtext3                                 stringtext3                00000
__Lstringtext4                                 stringtext4                00000
__Lstringtext5                                 stringtext5                00000
__Lstringtext6                                 stringtext6                00000
__Ltext                                        text                       00000
__S0                                           (abs)                      08009
__S1                                           (abs)                      00165
__S2                                           (abs)                      00000
___aldiv                                       text25                     0027A
___aldiv@counter                               cstackBANK0                00031
___aldiv@dividend                              cstackBANK0                0002C
___aldiv@divisor                               cstackBANK0                00028
___aldiv@quotient                              cstackBANK0                00033
___aldiv@sign                                  cstackBANK0                00032
___awdiv                                       text11                     00541
___awdiv@counter                               cstackBANK0                00020
___awdiv@dividend                              cstackCOMMON               00075
___awdiv@divisor                               cstackCOMMON               00073
___awdiv@quotient                              cstackBANK0                00022
___awdiv@sign                                  cstackBANK0                00021
___int_sp                                      stack                      00000
___latbits                                     (abs)                      00001
___lmul                                        text10                     00718
___lmul@multiplicand                           cstackBANK0                00024
___lmul@multiplier                             cstackBANK0                00020
___lmul@product                                cstackCOMMON               00073
___sp                                          stack                      00000
___stackhi                                     (abs)                      021EF
___stacklo                                     (abs)                      020E5
__end_of_DAC_Initialize                        text46                     00D77
__end_of_DAC_SetOutput                         text50                     00D6C
__end_of_EUSART_Initialize                     text42                     00EAC
__end_of_EUSART_SetErrorHandler                text45                     00D7D
__end_of_EUSART_SetFramingErrorHandler         text44                     00D83
__end_of_EUSART_SetOverrunErrorHandler         text43                     00D89
__end_of_EUSART_Write                          text23                     00DC7
__end_of_EXT_INT_Initialize                    text40                     00DD3
__end_of_FLASH_EraseBlock                      text6                      00E6A
__end_of_FLASH_WriteBlock                      text5                      0046F
__end_of_HEF_persistent_state                  _HEF_persistent_state_text 01000
__end_of_INTERRUPT_InterruptManager            intentry                   0003E
__end_of_INT_CallBack                          text55                     00DE0
__end_of_INT_DefaultInterruptHandler           text56                     004DB
__end_of_INT_ISR                               text54                     00D67
__end_of_INT_SetInterruptHandler               text41                     00D8F
__end_of_OPA1_Initialize                       text39                     00D5A
__end_of_OPA2_Initialize                       text38                     00D5E
__end_of_OSCILLATOR_Initialize                 text37                     00DB5
__end_of_PIN_MANAGER_IOC                       text53                     00D56
__end_of_PIN_MANAGER_Initialize                text36                     007B2
__end_of_SYSTEM_Initialize                     text29                     00ECE
__end_of_TMR0_DefaultInterruptHandler          text52                     00003
__end_of_TMR0_ISR                              text51                     00E00
__end_of_TMR0_Initialize                       text34                     00E12
__end_of_TMR0_SetInterruptHandler              text35                     00D95
__end_of_TMR2_Initialize                       text33                     00DBD
__end_of_TMR4_DefaultInterruptHandler          text49                     00800
__end_of_TMR4_ISR                              text48                     00DEF
__end_of_TMR4_Initialize                       text31                     00E37
__end_of_TMR4_LoadPeriodRegister               text8                      00D71
__end_of_TMR4_SetInterruptHandler              text32                     00D9B
__end_of_WDT_Initialize                        text30                     00D62
__end_of___aldiv                               text25                     0030A
__end_of___awdiv                               text11                     005A1
__end_of___lmul                                text10                     0074C
__end_of__initialization                       cinit                      00062
__end_of_battery_voltage                       text24                     0077F
__end_of_fputc                                 text21                     006DC
__end_of_initLED                               text28                     0069C
__end_of_lowBattery                            text26                     00FE0
__end_of_main                                  maintext                   00403
__end_of_printf                                text18                     00E24
__end_of_process_remote_command                text3                      001D5
__end_of_putch                                 text22                     00DA1
__end_of_readPersistentState                   text2                      00E8A
__end_of_selectCurrent                         text17                     00F8A
__end_of_selectDecrease                        text16                     00EF0
__end_of_selectFrequency                       text15                     00FB4
__end_of_selectIncrease                        text14                     00F15
__end_of_selectResetValue                      text13                     00F3B
__end_of_selectSomething                       text12                     00658
__end_of_setCurrent                            text9                      0027A
__end_of_setFrequency                          text7                      00541
__end_of_setLEDColor                           text27                     00E4E
__end_of_startUp                               text1                      00718
__end_of_vfpfcnvrt                             text20                     00388
__end_of_vfprintf                              text19                     007E3
__end_of_writePersistentState                  text4                      005FD
__initialization                               cinit                      00040
__p_HEF_persistent_state_text                  _HEF_persistent_state_text 00FE0
__pbssBANK1                                    bssBANK1                   000C7
__pbssBANK2                                    bssBANK2                   00120
__pbssCOMMON                                   bssCOMMON                  00078
__pcstackBANK0                                 cstackBANK0                00020
__pcstackBANK1                                 cstackBANK1                000EC
__pcstackBANK2                                 cstackBANK2                00163
__pcstackCOMMON                                cstackCOMMON               00070
__pdataBANK1                                   dataBANK1                  000A0
__pdataCOMMON                                  dataCOMMON                 0007A
__pidataBANK1                                  idataBANK1                 00F3B
__pidataCOMMON                                 idataCOMMON                00003
__pintentry                                    intentry                   00004
__pmaintext                                    maintext                   00388
__pnvBANK1                                     nvBANK1                    000DE
__pnvBANK2                                     nvBANK2                    00161
__pstringtext1                                 stringtext1                00800
__pstringtext2                                 stringtext2                00817
__pstringtext3                                 stringtext3                0082C
__pstringtext4                                 stringtext4                00840
__pstringtext5                                 stringtext5                00854
__pstringtext6                                 stringtext6                00000
__ptext1                                       text1                      006DC
__ptext10                                      text10                     00718
__ptext11                                      text11                     00541
__ptext12                                      text12                     005FD
__ptext13                                      text13                     00F15
__ptext14                                      text14                     00EF0
__ptext15                                      text15                     00F8A
__ptext16                                      text16                     00ECE
__ptext17                                      text17                     00F62
__ptext18                                      text18                     00E12
__ptext19                                      text19                     007B2
__ptext2                                       text2                      00E6A
__ptext20                                      text20                     0030A
__ptext21                                      text21                     0069C
__ptext22                                      text22                     00D9B
__ptext23                                      text23                     00DBD
__ptext24                                      text24                     0074C
__ptext25                                      text25                     0027A
__ptext26                                      text26                     00FB4
__ptext27                                      text27                     00E37
__ptext28                                      text28                     00658
__ptext29                                      text29                     00EAC
__ptext3                                       text3                      00066
__ptext30                                      text30                     00D5E
__ptext31                                      text31                     00E24
__ptext32                                      text32                     00D95
__ptext33                                      text33                     00DB5
__ptext34                                      text34                     00E00
__ptext35                                      text35                     00D8F
__ptext36                                      text36                     0077F
__ptext37                                      text37                     00DAD
__ptext38                                      text38                     00D5A
__ptext39                                      text39                     00D56
__ptext4                                       text4                      005A1
__ptext40                                      text40                     00DC7
__ptext41                                      text41                     00D89
__ptext42                                      text42                     00E8A
__ptext43                                      text43                     00D83
__ptext44                                      text44                     00D7D
__ptext45                                      text45                     00D77
__ptext46                                      text46                     00D71
__ptext48                                      text48                     00DE0
__ptext49                                      text49                     007E3
__ptext5                                       text5                      00403
__ptext50                                      text50                     00D67
__ptext51                                      text51                     00DEF
__ptext52                                      text52                     00002
__ptext53                                      text53                     00D55
__ptext54                                      text54                     00D62
__ptext55                                      text55                     00DD3
__ptext56                                      text56                     0046F
__ptext6                                       text6                      00E4E
__ptext7                                       text7                      004DB
__ptext8                                       text8                      00D6C
__ptext9                                       text9                      001D5
__size_of_DAC_Initialize                       (abs)                      00000
__size_of_DAC_SetOutput                        (abs)                      00000
__size_of_EUSART_Initialize                    (abs)                      00000
__size_of_EUSART_SetErrorHandler               (abs)                      00000
__size_of_EUSART_SetFramingErrorHandler        (abs)                      00000
__size_of_EUSART_SetOverrunErrorHandler        (abs)                      00000
__size_of_EUSART_Write                         (abs)                      00000
__size_of_EXT_INT_Initialize                   (abs)                      00000
__size_of_FLASH_EraseBlock                     (abs)                      00000
__size_of_FLASH_WriteBlock                     (abs)                      00000
__size_of_INTERRUPT_InterruptManager           (abs)                      00000
__size_of_INT_CallBack                         (abs)                      00000
__size_of_INT_DefaultInterruptHandler          (abs)                      00000
__size_of_INT_ISR                              (abs)                      00000
__size_of_INT_SetInterruptHandler              (abs)                      00000
__size_of_OPA1_Initialize                      (abs)                      00000
__size_of_OPA2_Initialize                      (abs)                      00000
__size_of_OSCILLATOR_Initialize                (abs)                      00000
__size_of_PIN_MANAGER_IOC                      (abs)                      00000
__size_of_PIN_MANAGER_Initialize               (abs)                      00000
__size_of_SYSTEM_Initialize                    (abs)                      00000
__size_of_TMR0_DefaultInterruptHandler         (abs)                      00000
__size_of_TMR0_ISR                             (abs)                      00000
__size_of_TMR0_Initialize                      (abs)                      00000
__size_of_TMR0_SetInterruptHandler             (abs)                      00000
__size_of_TMR2_Initialize                      (abs)                      00000
__size_of_TMR4_DefaultInterruptHandler         (abs)                      00000
__size_of_TMR4_ISR                             (abs)                      00000
__size_of_TMR4_Initialize                      (abs)                      00000
__size_of_TMR4_LoadPeriodRegister              (abs)                      00000
__size_of_TMR4_SetInterruptHandler             (abs)                      00000
__size_of_WDT_Initialize                       (abs)                      00000
__size_of___aldiv                              (abs)                      00000
__size_of___awdiv                              (abs)                      00000
__size_of___lmul                               (abs)                      00000
__size_of_battery_voltage                      (abs)                      00000
__size_of_fputc                                (abs)                      00000
__size_of_initLED                              (abs)                      00000
__size_of_lowBattery                           (abs)                      00000
__size_of_main                                 (abs)                      00000
__size_of_printf                               (abs)                      00000
__size_of_process_remote_command               (abs)                      00000
__size_of_putch                                (abs)                      00000
__size_of_readPersistentState                  (abs)                      00000
__size_of_selectCurrent                        (abs)                      00000
__size_of_selectDecrease                       (abs)                      00000
__size_of_selectFrequency                      (abs)                      00000
__size_of_selectIncrease                       (abs)                      00000
__size_of_selectResetValue                     (abs)                      00000
__size_of_selectSomething                      (abs)                      00000
__size_of_setCurrent                           (abs)                      00000
__size_of_setFrequency                         (abs)                      00000
__size_of_setLEDColor                          (abs)                      00000
__size_of_startUp                              (abs)                      00000
__size_of_vfpfcnvrt                            (abs)                      00000
__size_of_vfprintf                             (abs)                      00000
__size_of_writePersistentState                 (abs)                      00000
_battery_voltage                               text24                     0074C
_currentIndex                                  nvBANK1                    000EA
_currentIsOn                                   dataBANK1                  000A4
_currentValue                                  dataBANK1                  000A5
_dac_value                                     bssBANK1                   000D6
_dc_frequency_flag                             dataCOMMON                 0007A
_eusartRxLastError                             bssBANK1                   000D7
_flags                                         bssBANK1                   000CD
_fputc                                         text21                     0069C
_frequencyIndex                                nvBANK1                    000E8
_frequencyValue                                dataBANK1                  000BB
_initLED                                       text28                     00658
_interfaceState                                bssCOMMON                  00078
_ir_code                                       bssBANK1                   000D8
_lowBattery                                    text26                     00FB4
_main                                          maintext                   00388
_nout                                          bssBANK1                   000C7
_prec                                          bssBANK1                   000CB
_printf                                        text18                     00E12
_process_remote_command                        text3                      00066
_putch                                         text22                     00D9B
_readPersistentState                           text2                      00E6A
_selectCurrent                                 text17                     00F62
_selectDecrease                                text16                     00ECE
_selectFrequency                               text15                     00F8A
_selectIncrease                                text14                     00EF0
_selectResetValue                              text13                     00F15
_selectSomething                               text12                     005FD
_setCurrent                                    text9                      001D5
_setFrequency                                  text7                      004DB
_setLEDColor                                   text27                     00E37
_startUp                                       text1                      006DC
_timer0ReloadVal                               bssCOMMON                  00079
_vfpfcnvrt                                     text20                     0030A
_vfprintf                                      text19                     007B2
_width                                         bssBANK1                   000C9
_writePersistentState                          text4                      005A1
btemp                                          (abs)                      0007E
clear_ram0                                     clrtext                    00DA1
end_of_initialization                          cinit                      00062
fputc@c                                        cstackCOMMON               00075
fputc@fp                                       cstackCOMMON               00077
init_ram                                       inittext                   00DA7
int$flags                                      (abs)                      0007E
intlevel0                                      functab                    00000
intlevel1                                      functab                    00000
intlevel2                                      functab                    00000
intlevel3                                      functab                    00000
intlevel4                                      functab                    00000
intlevel5                                      functab                    00000
main@batt_mv                                   cstackBANK2                00163
[...]
 Parameters:    Size  Location     Type
  interruptHan    2    3[COMMON] PTR FTN()void 
		 -> EUSART_DefaultOverrunErrorHandler(1), 
 Auto vars:     Size  Location     Type
		None
 Return value:  Size  Location     Type
                  1    wreg      void 
 Registers used:
		wreg
 Tracked objects:
		On entry : 
		On exit  : 
		Unchanged: 
 Data sizes:     COMMON   BANK0   BANK1   BANK2   BANK3   BANK4   BANK5   BANK6
      Params:         2       0       0       0       0       0       0       0
      Locals:         0       0       0       0       0       0       0       0
      Temps:          0       0       0       0       0       0       0       0
      Totals:         2       0       0       0       0       0       0       0
Total ram usage:        2 bytes
 Hardware stack levels used:    1
 Hardware stack levels required when called:    4
 This function calls:
		Nothing
 This function is called by:
		_EUSART_Initialize
 This function uses a non-reentrant model


 *************** function _EUSART_SetFramingErrorHandler *****************
 Defined at:
		line 166 in file "mcc_generated_files/eusart.c"
 Parameters:    Size  Location     Type
  interruptHan    2    3[COMMON] PTR FTN()void 
		 -> EUSART_DefaultFramingErrorHandler(1), 
 Auto vars:     Size  Location     Type
		None
 Return value:  Size  Location     Type
                  1    wreg      void 
 Registers used:
		wreg
 Tracked objects:
		On entry : 
		On exit  : 
		Unchanged: 
 Data sizes:     COMMON   BANK0   BANK1   BANK2   BANK3   BANK4   BANK5   BANK6
      Params:         2       0       0       0       0       0       0       0
      Locals:         0       0       0       0       0       0       0       0
      Temps:          0       0       0       0       0       0       0       0
      Totals:         2       0       0       0       0       0       0       0
Total ram usage:        2 bytes
 Hardware stack levels used:    1
 Hardware stack levels required when called:    4
 This function calls:
		Nothing
 This function is called by:
		_EUSART_Initialize
 This function uses a non-reentrant model


 *************** function _EUSART_SetErrorHandler *****************
 Defined at:
		line 174 in file "mcc_generated_files/eusart.c"
 Parameters:    Size  Location     Type
  interruptHan    2    3[COMMON] PTR FTN()void 
		 -> EUSART_DefaultErrorHandler(1), 
 Auto vars:     Size  Location     Type
		None
 Return value:  Size  Location     Type
                  1    wreg      void 
 Registers used:
		wreg
 Tracked objects:
		On entry : 
		On exit  : 
		Unchanged: 
 Data sizes:     COMMON   BANK0   BANK1   BANK2   BANK3   BANK4   BANK5   BANK6
      Params:         2       0       0       0       0       0       0       0
      Locals:         0       0       0       0       0       0       0       0
      Temps:          0       0       0       0       0       0       0       0
      Totals:         2       0       0       0       0       0       0       0
Total ram usage:        2 bytes
 Hardware stack levels used:    1
 Hardware stack levels required when called:    4
 This function calls:
		Nothing
 This function is called by:
		_EUSART_Initialize
 This function uses a non-reentrant model


 *************** function _DAC_Initialize *****************
 Defined at:
		line 58 in file "mcc_generated_files/dac.c"
 Parameters:    Size  Location     Type
		None
 Auto vars:     Size  Location     Type
		None
 Return value:  Size  Location     Type
                  1    wreg      void 
 Registers used:
		wreg
 Tracked objects:
		On entry : 
		On exit  : 
		Unchanged: 
 Data sizes:     COMMON   BANK0   BANK1   BANK2   BANK3   BANK4   BANK5   BANK6
      Params:         0       0       0       0       0       0       0       0
      Locals:         0       0       0       0       0       0       0       0
      Temps:          0       0       0       0       0       0       0       0
      Totals:         0       0       0       0       0       0       0       0
Total ram usage:        0 bytes
 Hardware stack levels used:    1
 Hardware stack levels required when called:    4
 This function calls:
		Nothing
 This function is called by:
		_SYSTEM_Initialize
		_main
 This function uses a non-reentrant model


 *************** function _INTERRUPT_InterruptManager *****************
 Defined at:
		line 52 in file "mcc_generated_files/interrupt_manager.c"
 Parameters:    Size  Location     Type
		None
 Auto vars:     Size  Location     Type
		None
 Return value:  Size  Location     Type
                  1    wreg      void 
 Registers used:
		wreg, fsr0l, fsr0h, status,2, status,0, pclath, cstack
 Tracked objects:
		On entry : 
		On exit  : 
		Unchanged: 
 Data sizes:     COMMON   BANK0   BANK1   BANK2   BANK3   BANK4   BANK5   BANK6
      Params:         0       0       0       0       0       0       0       0
      Locals:         0       0       0       0       0       0       0       0
      Temps:          0       0       0       0       0       0       0       0
      Totals:         0       0       0       0       0       0       0       0
Total ram usage:        0 bytes
 Hardware stack levels used:    1
 Hardware stack levels required when called:    3
 This function calls:
		_INT_ISR
		_PIN_MANAGER_IOC
		_TMR0_ISR
		_TMR4_ISR
 This function is called by:
		Interrupt level 1
 This function uses a non-reentrant model


 *************** function _TMR4_ISR *****************
 Defined at:
		line 120 in file "mcc_generated_files/tmr4.c"
 Parameters:    Size  Location     Type
		None
 Auto vars:     Size  Location     Type
		None
 Return value:  Size  Location     Type
                  1    wreg      void 
 Registers used:
		wreg, status,2, status,0, pclath, cstack
 Tracked objects:
		On entry : 
		On exit  : 
		Unchanged: 
 Data sizes:     COMMON   BANK0   BANK1   BANK2   BANK3   BANK4   BANK5   BANK6
      Params:         0       0       0       0       0       0       0       0
      Locals:         0       0       0       0       0       0       0       0
      Temps:          0       0       0       0       0       0       0       0
      Totals:         0       0       0       0       0       0       0       0
Total ram usage:        0 bytes
 Hardware stack levels used:    1
 Hardware stack levels required when called:    2
 This function calls:
		Absolute function
		_TMR4_DefaultInterruptHandler
 This function is called by:
		_INTERRUPT_InterruptManager
 This function uses a non-reentrant model


 *************** function _TMR4_DefaultInterruptHandler *****************
 Defined at:
		line 145 in file "mcc_generated_files/tmr4.c"
 Parameters:    Size  Location     Type
		None
 Auto vars:     Size  Location     Type
		None
 Return value:  Size  Location     Type
                  1    wreg      void 
 Registers used:
		wreg, status,2, status,0, pclath, cstack
 Tracked objects:
		On entry : 
		On exit  : 
		Unchanged: 
 Data sizes:     COMMON   BANK0   BANK1   BANK2   BANK3   BANK4   BANK5   BANK6
      Params:         0       0       0       0       0       0       0       0
      Locals:         0       0       0       0       0       0       0       0
      Temps:          0       0       0       0       0       0       0       0
      Totals:         0       0       0       0       0       0       0       0
Total ram usage:        0 bytes
 Hardware stack levels used:    1
 Hardware stack levels required when called:    1
 This function calls:
		_DAC_SetOutput
 This function is called by:
		_TMR4_Initialize
		_TMR4_ISR
 This function uses a non-reentrant model


 *************** function _DAC_SetOutput *****************
 Defined at:
		line 66 in file "mcc_generated_files/dac.c"
 Parameters:    Size  Location     Type
  inputData       1    wreg     unsigned char 
 Auto vars:     Size  Location     Type
  inputData       1    0[COMMON] unsigned char 
 Return value:  Size  Location     Type
                  1    wreg      void 
 Registers used:
		wreg
 Tracked objects:
		On entry : 
		On exit  : 
		Unchanged: 
 Data sizes:     COMMON   BANK0   BANK1   BANK2   BANK3   BANK4   BANK5   BANK6
      Params:         0       0       0       0       0       0       0       0
      Locals:         1       0       0       0       0       0       0       0
      Temps:          0       0       0       0       0       0       0       0
      Totals:         1       0       0       0       0       0       0       0
Total ram usage:        1 bytes
 Hardware stack levels used:    1
 This function calls:
		Nothing
 This function is called by:
		_TMR4_DefaultInterruptHandler
 This function uses a non-reentrant model


 *************** function _TMR0_ISR *****************
 Defined at:
		line 108 in file "mcc_generated_files/tmr0.c"
 Parameters:    Size  Location     Type
		None
 Auto vars:     Size  Location     Type
		None
 Return value:  Size  Location     Type
                  1    wreg      void 
 Registers used:
		wreg, status,2, status,0, pclath, cstack
 Tracked objects:
		On entry : 
		On exit  : 
		Unchanged: 
 Data sizes:     COMMON   BANK0   BANK1   BANK2   BANK3   BANK4   BANK5   BANK6
      Params:         0       0       0       0       0       0       0       0
      Locals:         0       0       0       0       0       0       0       0
      Temps:          0       0       0       0       0       0       0       0
      Totals:         0       0       0       0       0       0       0       0
Total ram usage:        0 bytes
 Hardware stack levels used:    1
 Hardware stack levels required when called:    1
 This function calls:
		Absolute function
		_TMR0_DefaultInterruptHandler
 This function is called by:
		_INTERRUPT_InterruptManager
 This function uses a non-reentrant model


 *************** function _TMR0_DefaultInterruptHandler *****************
 Defined at:
		line 129 in file "mcc_generated_files/tmr0.c"
 Parameters:    Size  Location     Type
		None
 Auto vars:     Size  Location     Type
		None
 Return value:  Size  Location     Type
                  1    wreg      void 
 Registers used:
		None
 Tracked objects:
		On entry : 
		On exit  : 
		Unchanged: 
 Data sizes:     COMMON   BANK0   BANK1   BANK2   BANK3   BANK4   BANK5   BANK6
      Params:         0       0       0       0       0       0       0       0
      Locals:         0       0       0       0       0       0       0       0
      Temps:          0       0       0       0       0       0       0       0
      Totals:         0       0       0       0       0       0       0       0
Total ram usage:        0 bytes
 Hardware stack levels used:    1
 This function calls:
		Nothing
 This function is called by:
		_TMR0_Initialize
		_TMR0_ISR
 This function uses a non-reentrant model


 *************** function _PIN_MANAGER_IOC *****************
 Defined at:
		line 121 in file "mcc_generated_files/pin_manager.c"
 Parameters:    Size  Location     Type
		None
 Auto vars:     Size  Location     Type
		None
 Return value:  Size  Location     Type
                  1    wreg      void 
 Registers used:
		None
 Tracked objects:
		On entry : 
		On exit  : 
		Unchanged: 
 Data sizes:     COMMON   BANK0   BANK1   BANK2   BANK3   BANK4   BANK5   BANK6
      Params:         0       0       0       0       0       0       0       0
      Locals:         0       0       0       0       0       0       0       0
      Temps:          0       0       0       0       0       0       0       0
      Totals:         0       0       0       0       0       0       0       0
Total ram usage:        0 bytes
 Hardware stack levels used:    1
 This function calls:
		Nothing
 This function is called by:
		_INTERRUPT_InterruptManager
 This function uses a non-reentrant model


 *************** function _INT_ISR *****************
 Defined at:
		line 54 in file "mcc_generated_files/ext_int.c"
 Parameters:    Size  Location     Type
		None
 Auto vars:     Size  Location     Type
		None
 Return value:  Size  Location     Type
                  1    wreg      void 
 Registers used:
		wreg, fsr0l, fsr0h, status,2, status,0, pclath, cstack
 Tracked objects:
		On entry : 
		On exit  : 
		Unchanged: 
 Data sizes:     COMMON   BANK0   BANK1   BANK2   BANK3   BANK4   BANK5   BANK6
      Params:         0       0       0       0       0       0       0       0
      Locals:         0       0       0       0       0       0       0       0
      Temps:          0       0       0       0       0       0       0       0
      Totals:         0       0       0       0       0       0       0       0
Total ram usage:        0 bytes
 Hardware stack levels used:    1
 Hardware stack levels required when called:    2
 This function calls:
		_INT_CallBack
 This function is called by:
		_INTERRUPT_InterruptManager
 This function uses a non-reentrant model


 *************** function _INT_CallBack *****************
 Defined at:
		line 62 in file "mcc_generated_files/ext_int.c"
 Parameters:    Size  Location     Type
		None
 Auto vars:     Size  Location     Type
		None
 Return value:  Size  Location     Type
                  1    wreg      void 
 Registers used:
		wreg, fsr0l, fsr0h, status,2, status,0, pclath, cstack
 Tracked objects:
		On entry : 
		On exit  : 
		Unchanged: 
 Data sizes:     COMMON   BANK0   BANK1   BANK2   BANK3   BANK4   BANK5   BANK6
      Params:         0       0       0       0       0       0       0       0
      Locals:         0       0       0       0       0       0       0       0
      Temps:          0       0       0       0       0       0       0       0
      Totals:         0       0       0       0       0       0       0       0
Total ram usage:        0 bytes
 Hardware stack levels used:    1
 Hardware stack levels required when called:    1
 This function calls:
		Absolute function
		_INT_DefaultInterruptHandler
 This function is called by:
		_INT_ISR
 This function uses a non-reentrant model


 *************** function _INT_DefaultInterruptHandler *****************
 Defined at:
		line 75 in file "mcc_generated_files/ext_int.c"
 Parameters:    Size  Location     Type
		None
 Auto vars:     Size  Location     Type
  time            1    2[COMMON] unsigned char 
 Return value:  Size  Location     Type
                  1    wreg      void 
 Registers used:
		wreg, fsr0l, fsr0h, status,2, status,0
 Tracked objects:
		On entry : 
		On exit  : 
		Unchanged: 
 Data sizes:     COMMON   BANK0   BANK1   BANK2   BANK3   BANK4   BANK5   BANK6
      Params:         0       0       0       0       0       0       0       0
      Locals:         1       0       0       0       0       0       0       0
      Temps:          2       0       0       0       0       0       0       0
      Totals:         3       0       0       0       0       0       0       0
Total ram usage:        3 bytes
 Hardware stack levels used:    1
 This function calls:
		Nothing
 This function is called by:
		_EXT_INT_Initialize
		_INT_CallBack
 This function uses a non-reentrant model



MODULE INFORMATION

Module		Function		Class		Link	Load	Size
/Applications/microchip/xc8/v2.10/pic/sources/c99/common/awdiv.c
		___awdiv       		CODE           	0541	0000	97

/Applications/microchip/xc8/v2.10/pic/sources/c99/common/awdiv.c estimated size: 97

mcc_generated_files/opa2.c
		_OPA2_Initialize		CODE           	0D5A	0000	5

mcc_generated_files/opa2.c estimated size: 5

mcc_generated_files/tmr4.c
		_TMR4_ISR      		CODE           	0DE0	0000	16
		_TMR4_LoadPeriodRegister		CODE           	0D6C	0000	6
		_TMR4_Initialize		CODE           	0E24	0000	20
		_TMR4_SetInterruptHandler		CODE           	0D95	0000	7
		_TMR4_DefaultInterruptHandler		CODE           	07E3	0000	30

mcc_generated_files/tmr4.c estimated size: 79

/Applications/microchip/xc8/v2.10/pic/sources/c99/common/aldiv.c
		___aldiv       		CODE           	027A	0000	145

/Applications/microchip/xc8/v2.10/pic/sources/c99/common/aldiv.c estimated size: 145

/Applications/microchip/xc8/v2.10/pic/sources/c99/common/doprnt.c
		_vfpfcnvrt     		CODE           	030A	0000	127
		_vfprintf      		CODE           	07B2	0000	50

/Applications/microchip/xc8/v2.10/pic/sources/c99/common/doprnt.c estimated size: 177

mcc_generated_files/tmr2.c
		_TMR2_Initialize		CODE           	0DB5	0000	9

mcc_generated_files/tmr2.c estimated size: 9

mcc_generated_files/interrupt_manager.c
		_INTERRUPT_InterruptManager		CODE           	0004	0000	59

mcc_generated_files/interrupt_manager.c estimated size: 59

mcc_generated_files/tmr0.c
		_TMR0_SetInterruptHandler		CODE           	0D8F	0000	7
		_TMR0_DefaultInterruptHandler		CODE           	0002	0000	2
		_TMR0_ISR      		CODE           	0DEF	0000	18
		_TMR0_Initialize		CODE           	0E00	0000	19

mcc_generated_files/tmr0.c estimated size: 46

mcc_generated_files/pin_manager.c
		_PIN_MANAGER_Initialize		CODE           	077F	0000	52
		_PIN_MANAGER_IOC		CODE           	0D55	0000	2

mcc_generated_files/pin_manager.c estimated size: 54

/Applications/microchip/xc8/v2.10/pic/sources/c99/common/nf_fputc.c
		_fputc         		CODE           	069C	0000	65

/Applications/microchip/xc8/v2.10/pic/sources/c99/common/nf_fputc.c estimated size: 65

mcc_generated_files/ext_int.c
		_INT_DefaultInterruptHandler		CODE           	046F	0000	109
		_EXT_INT_Initialize		CODE           	0DC7	0000	13
		_INT_SetInterruptHandler		CODE           	0D89	0000	7
		_INT_CallBack  		CODE           	0DD3	0000	14
		_INT_ISR       		CODE           	0D62	0000	6

mcc_generated_files/ext_int.c estimated size: 149

mcc_generated_files/opa1.c
		_OPA1_Initialize		CODE           	0D56	0000	5

mcc_generated_files/opa1.c estimated size: 5

shared
		_HEF_persistent_state		STRCODE        	0FE0	0000	33
		__initialization		CODE           	0040	0000	35

shared estimated size: 68

mcc_generated_files/mcc.c
		_WDT_Initialize		CODE           	0D5E	0000	5
		_OSCILLATOR_Initialize		CODE           	0DAD	0000	9
		_SYSTEM_Initialize		CODE           	0EAC	0000	35

mcc_generated_files/mcc.c estimated size: 49

/Applications/microchip/xc8/v2.10/pic/sources/c99/common/printf.c
		_printf        		CODE           	0E12	0000	19

/Applications/microchip/xc8/v2.10/pic/sources/c99/common/printf.c estimated size: 19

mcc_generated_files/memory.c
		_FLASH_EraseBlock		CODE           	0E4E	0000	29
		_FLASH_WriteBlock		CODE           	0403	0000	109

mcc_generated_files/memory.c estimated size: 138

/Applications/microchip/xc8/v2.10/pic/sources/c99/common/Umul32.c
		___lmul        		CODE           	0718	0000	53

/Applications/microchip/xc8/v2.10/pic/sources/c99/common/Umul32.c estimated size: 53

mcc_generated_files/eusart.c
		_putch         		CODE           	0D9B	0000	7
		_EUSART_Write  		CODE           	0DBD	0000	11
		_EUSART_Initialize		CODE           	0E8A	0000	35
		_EUSART_SetFramingErrorHandler		CODE           	0D7D	0000	7
		_EUSART_SetErrorHandler		CODE           	0D77	0000	7
		_EUSART_SetOverrunErrorHandler		CODE           	0D83	0000	7

mcc_generated_files/eusart.c estimated size: 74

mcc_generated_files/dac.c
		_DAC_Initialize		CODE           	0D71	0000	7
		_DAC_SetOutput 		CODE           	0D67	0000	6

mcc_generated_files/dac.c estimated size: 13

main.c
		_setCurrent    		CODE           	01D5	0000	166
		_process_remote_command		CODE           	0066	0000	368
		_startUp       		CODE           	06DC	0000	61
		_readPersistentState		CODE           	0E6A	0000	33
		_selectIncrease		CODE           	0EF0	0000	38
		_selectResetValue		CODE           	0F15	0000	39
		_main          		CODE           	0388	0000	124
		_setLEDColor   		CODE           	0E37	0000	24
		_selectSomething		CODE           	05FD	0000	92
		_selectFrequency		CODE           	0F8A	0000	43
		_battery_voltage		CODE           	074C	0000	52
		_initLED       		CODE           	0658	0000	69
		_setFrequency  		CODE           	04DB	0000	103
		_writePersistentState		CODE           	05A1	0000	93
		_selectDecrease		CODE           	0ECE	0000	35
		_lowBattery    		CODE           	0FB4	0000	45
		_selectCurrent 		CODE           	0F62	0000	41

main.c estimated size: 1426

